<?xml version="1.0" encoding="ISO-8859-1" ?>
<link_info>
   <banner>TI ARM Linker Unix v20.2.5.LTS</banner>
   <copyright>Copyright (c) 1996-2018 Texas Instruments Incorporated</copyright>
   <link_time>0x626af95d</link_time>
   <link_errors>0x0</link_errors>
   <output_file>duckhunt_FreeRtos.out</output_file>
   <entry_point>
      <name>_c_int00_noargs</name>
      <address>0x637d</address>
   </entry_point>
   <input_file_list>
      <input_file id="fl-2">
         <path>./</path>
         <kind>object</kind>
         <file>circular_buffer.obj</file>
         <name>circular_buffer.obj</name>
      </input_file>
      <input_file id="fl-3">
         <path>./</path>
         <kind>object</kind>
         <file>i2c.obj</file>
         <name>i2c.obj</name>
      </input_file>
      <input_file id="fl-4">
         <path>./</path>
         <kind>object</kind>
         <file>lcd.obj</file>
         <name>lcd.obj</name>
      </input_file>
      <input_file id="fl-5">
         <path>./</path>
         <kind>object</kind>
         <file>main.obj</file>
         <name>main.obj</name>
      </input_file>
      <input_file id="fl-6">
         <path>./</path>
         <kind>object</kind>
         <file>opt3001.obj</file>
         <name>opt3001.obj</name>
      </input_file>
      <input_file id="fl-7">
         <path>./</path>
         <kind>object</kind>
         <file>ps2.obj</file>
         <name>ps2.obj</name>
      </input_file>
      <input_file id="fl-8">
         <path>./</path>
         <kind>object</kind>
         <file>serial_debug.obj</file>
         <name>serial_debug.obj</name>
      </input_file>
      <input_file id="fl-9">
         <path>./</path>
         <kind>object</kind>
         <file>startup_msp432p401r_ccs.obj</file>
         <name>startup_msp432p401r_ccs.obj</name>
      </input_file>
      <input_file id="fl-a">
         <path>./</path>
         <kind>object</kind>
         <file>system_msp432p401r.obj</file>
         <name>system_msp432p401r.obj</name>
      </input_file>
      <input_file id="fl-b">
         <path>./</path>
         <kind>object</kind>
         <file>timer32.obj</file>
         <name>timer32.obj</name>
      </input_file>
      <input_file id="fl-c">
         <path>./FreeRTOS/</path>
         <kind>object</kind>
         <file>croutine.obj</file>
         <name>croutine.obj</name>
      </input_file>
      <input_file id="fl-d">
         <path>./FreeRTOS/</path>
         <kind>object</kind>
         <file>event_groups.obj</file>
         <name>event_groups.obj</name>
      </input_file>
      <input_file id="fl-e">
         <path>./FreeRTOS/</path>
         <kind>object</kind>
         <file>heap_4.obj</file>
         <name>heap_4.obj</name>
      </input_file>
      <input_file id="fl-f">
         <path>./FreeRTOS/</path>
         <kind>object</kind>
         <file>list.obj</file>
         <name>list.obj</name>
      </input_file>
      <input_file id="fl-10">
         <path>./FreeRTOS/</path>
         <kind>object</kind>
         <file>queue.obj</file>
         <name>queue.obj</name>
      </input_file>
      <input_file id="fl-11">
         <path>./FreeRTOS/</path>
         <kind>object</kind>
         <file>stream_buffer.obj</file>
         <name>stream_buffer.obj</name>
      </input_file>
      <input_file id="fl-12">
         <path>./FreeRTOS/</path>
         <kind>object</kind>
         <file>tasks.obj</file>
         <name>tasks.obj</name>
      </input_file>
      <input_file id="fl-13">
         <path>./FreeRTOS/</path>
         <kind>object</kind>
         <file>timers.obj</file>
         <name>timers.obj</name>
      </input_file>
      <input_file id="fl-14">
         <path>./FreeRTOS/portable/</path>
         <kind>object</kind>
         <file>port.obj</file>
         <name>port.obj</name>
      </input_file>
      <input_file id="fl-15">
         <path>./FreeRTOS/portable/</path>
         <kind>object</kind>
         <file>portasm.obj</file>
         <name>portasm.obj</name>
      </input_file>
      <input_file id="fl-19">
         <kind>object</kind>
         <file>&lt;internal&gt;</file>
         <name>&lt;internal&gt;</name>
      </input_file>
      <input_file id="fl-cf">
         <path>/Applications/TI/ccs1110/ccs/tools/compiler/ti-cgt-arm_20.2.5.LTS/lib/</path>
         <kind>archive</kind>
         <file>rtsv7M4_T_le_v4SPD16_eabi.lib</file>
         <name>fd_mul_t2.asm.obj</name>
      </input_file>
      <input_file id="fl-d0">
         <path>/Applications/TI/ccs1110/ccs/tools/compiler/ti-cgt-arm_20.2.5.LTS/lib/</path>
         <kind>archive</kind>
         <file>rtsv7M4_T_le_v4SPD16_eabi.lib</file>
         <name>fd_tos_t2.asm.obj</name>
      </input_file>
      <input_file id="fl-d1">
         <path>/Applications/TI/ccs1110/ccs/tools/compiler/ti-cgt-arm_20.2.5.LTS/lib/</path>
         <kind>archive</kind>
         <file>rtsv7M4_T_le_v4SPD16_eabi.lib</file>
         <name>i_tofd_t2.asm.obj</name>
      </input_file>
      <input_file id="fl-d2">
         <path>/Applications/TI/ccs1110/ccs/tools/compiler/ti-cgt-arm_20.2.5.LTS/lib/</path>
         <kind>archive</kind>
         <file>rtsv7M4_T_le_v4SPD16_eabi.lib</file>
         <name>memcpy_t2.asm.obj</name>
      </input_file>
      <input_file id="fl-d3">
         <path>/Applications/TI/ccs1110/ccs/tools/compiler/ti-cgt-arm_20.2.5.LTS/lib/</path>
         <kind>archive</kind>
         <file>rtsv7M4_T_le_v4SPD16_eabi.lib</file>
         <name>u_divt2.asm.obj</name>
      </input_file>
      <input_file id="fl-d4">
         <path>/Applications/TI/ccs1110/ccs/tools/compiler/ti-cgt-arm_20.2.5.LTS/lib/</path>
         <kind>archive</kind>
         <file>rtsv7M4_T_le_v4SPD16_eabi.lib</file>
         <name>memset_t2.asm.obj</name>
      </input_file>
      <input_file id="fl-d5">
         <path>/Applications/TI/ccs1110/ccs/tools/compiler/ti-cgt-arm_20.2.5.LTS/lib/</path>
         <kind>archive</kind>
         <file>rtsv7M4_T_le_v4SPD16_eabi.lib</file>
         <name>copy_zero_init.c.obj</name>
      </input_file>
      <input_file id="fl-d6">
         <path>/Applications/TI/ccs1110/ccs/tools/compiler/ti-cgt-arm_20.2.5.LTS/lib/</path>
         <kind>archive</kind>
         <file>rtsv7M4_T_le_v4SPD16_eabi.lib</file>
         <name>copy_decompress_none.c.obj</name>
      </input_file>
      <input_file id="fl-d7">
         <path>/Applications/TI/ccs1110/ccs/tools/compiler/ti-cgt-arm_20.2.5.LTS/lib/</path>
         <kind>archive</kind>
         <file>rtsv7M4_T_le_v4SPD16_eabi.lib</file>
         <name>copy_decompress_lzss.c.obj</name>
      </input_file>
      <input_file id="fl-d8">
         <path>/Applications/TI/ccs1110/ccs/tools/compiler/ti-cgt-arm_20.2.5.LTS/lib/</path>
         <kind>archive</kind>
         <file>rtsv7M4_T_le_v4SPD16_eabi.lib</file>
         <name>memory.c.obj</name>
      </input_file>
      <input_file id="fl-d9">
         <path>/Applications/TI/ccs1110/ccs/tools/compiler/ti-cgt-arm_20.2.5.LTS/lib/</path>
         <kind>archive</kind>
         <file>rtsv7M4_T_le_v4SPD16_eabi.lib</file>
         <name>boot_cortex_m.c.obj</name>
      </input_file>
      <input_file id="fl-da">
         <path>/Applications/TI/ccs1110/ccs/tools/compiler/ti-cgt-arm_20.2.5.LTS/lib/</path>
         <kind>archive</kind>
         <file>rtsv7M4_T_le_v4SPD16_eabi.lib</file>
         <name>div0.asm.obj</name>
      </input_file>
      <input_file id="fl-db">
         <path>/Applications/TI/ccs1110/ccs/tools/compiler/ti-cgt-arm_20.2.5.LTS/lib/</path>
         <kind>archive</kind>
         <file>rtsv7M4_T_le_v4SPD16_eabi.lib</file>
         <name>autoinit.c.obj</name>
      </input_file>
      <input_file id="fl-dc">
         <path>/Applications/TI/ccs1110/ccs/tools/compiler/ti-cgt-arm_20.2.5.LTS/lib/</path>
         <kind>archive</kind>
         <file>rtsv7M4_T_le_v4SPD16_eabi.lib</file>
         <name>pre_init.c.obj</name>
      </input_file>
      <input_file id="fl-dd">
         <path>/Applications/TI/ccs1110/ccs/tools/compiler/ti-cgt-arm_20.2.5.LTS/lib/</path>
         <kind>archive</kind>
         <file>rtsv7M4_T_le_v4SPD16_eabi.lib</file>
         <name>cpy_tbl.c.obj</name>
      </input_file>
      <input_file id="fl-de">
         <path>/Applications/TI/ccs1110/ccs/tools/compiler/ti-cgt-arm_20.2.5.LTS/lib/</path>
         <kind>archive</kind>
         <file>rtsv7M4_T_le_v4SPD16_eabi.lib</file>
         <name>exit.c.obj</name>
      </input_file>
      <input_file id="fl-df">
         <path>/Applications/TI/ccs1110/ccs/tools/compiler/ti-cgt-arm_20.2.5.LTS/lib/</path>
         <kind>archive</kind>
         <file>rtsv7M4_T_le_v4SPD16_eabi.lib</file>
         <name>_lock.c.obj</name>
      </input_file>
      <input_file id="fl-e0">
         <path>/Applications/TI/ccs1110/ccs/tools/compiler/ti-cgt-arm_20.2.5.LTS/lib/</path>
         <kind>archive</kind>
         <file>rtsv7M4_T_le_v4SPD16_eabi.lib</file>
         <name>args_main.c.obj</name>
      </input_file>
   </input_file_list>
   <object_component_list>
      <object_component id="oc-26">
         <name>.intvecs:retain</name>
         <load_address>0x0</load_address>
         <run_address>0x0</run_address>
         <size>0xe4</size>
         <input_file_ref idref="fl-9"/>
      </object_component>
      <object_component id="oc-d6">
         <name>.text</name>
         <load_address>0xe4</load_address>
         <run_address>0xe4</run_address>
         <size>0x20b4</size>
         <input_file_ref idref="fl-12"/>
      </object_component>
      <object_component id="oc-160">
         <name>.text</name>
         <load_address>0x2198</load_address>
         <run_address>0x2198</run_address>
         <size>0x1110</size>
         <input_file_ref idref="fl-10"/>
      </object_component>
      <object_component id="oc-138">
         <name>.text</name>
         <load_address>0x32a8</load_address>
         <run_address>0x32a8</run_address>
         <size>0x848</size>
         <input_file_ref idref="fl-4"/>
      </object_component>
      <object_component id="oc-1d4">
         <name>.text</name>
         <load_address>0x3af0</load_address>
         <run_address>0x3af0</run_address>
         <size>0x7a4</size>
         <input_file_ref idref="fl-13"/>
      </object_component>
      <object_component id="oc-b7">
         <name>.text</name>
         <load_address>0x4294</load_address>
         <run_address>0x4294</run_address>
         <size>0x480</size>
         <input_file_ref idref="fl-5"/>
      </object_component>
      <object_component id="oc-1bc">
         <name>.text</name>
         <load_address>0x4714</load_address>
         <run_address>0x4714</run_address>
         <size>0x454</size>
         <input_file_ref idref="fl-e"/>
      </object_component>
      <object_component id="oc-75">
         <name>.text</name>
         <load_address>0x4b68</load_address>
         <run_address>0x4b68</run_address>
         <size>0x438</size>
         <input_file_ref idref="fl-14"/>
      </object_component>
      <object_component id="oc-c9">
         <name>.text</name>
         <load_address>0x4fa0</load_address>
         <run_address>0x4fa0</run_address>
         <size>0x378</size>
         <input_file_ref idref="fl-a"/>
      </object_component>
      <object_component id="oc-f1">
         <name>.text</name>
         <load_address>0x5318</load_address>
         <run_address>0x5318</run_address>
         <size>0x1c2</size>
         <input_file_ref idref="fl-2"/>
      </object_component>
      <object_component id="oc-377">
         <name>.text:_nop</name>
         <load_address>0x54da</load_address>
         <run_address>0x54da</run_address>
         <size>0x2</size>
         <input_file_ref idref="fl-df"/>
      </object_component>
      <object_component id="oc-246">
         <name>.text</name>
         <load_address>0x54dc</load_address>
         <run_address>0x54dc</run_address>
         <size>0x1c0</size>
         <input_file_ref idref="fl-3"/>
      </object_component>
      <object_component id="oc-7b">
         <name>.text</name>
         <load_address>0x569c</load_address>
         <run_address>0x569c</run_address>
         <size>0x1ac</size>
         <input_file_ref idref="fl-8"/>
      </object_component>
      <object_component id="oc-81">
         <name>.text</name>
         <load_address>0x5848</load_address>
         <run_address>0x5848</run_address>
         <size>0x130</size>
         <input_file_ref idref="fl-7"/>
      </object_component>
      <object_component id="oc-1c2">
         <name>.text</name>
         <load_address>0x5978</load_address>
         <run_address>0x5978</run_address>
         <size>0x12a</size>
         <input_file_ref idref="fl-f"/>
      </object_component>
      <object_component id="oc-364">
         <name>.text</name>
         <load_address>0x5aa2</load_address>
         <run_address>0x5aa2</run_address>
         <size>0x2</size>
         <input_file_ref idref="fl-da"/>
      </object_component>
      <object_component id="oc-87">
         <name>.text</name>
         <load_address>0x5aa4</load_address>
         <run_address>0x5aa4</run_address>
         <size>0x108</size>
         <input_file_ref idref="fl-b"/>
      </object_component>
      <object_component id="oc-356">
         <name>.text:aligned_alloc</name>
         <load_address>0x5bac</load_address>
         <run_address>0x5bac</run_address>
         <size>0x100</size>
         <input_file_ref idref="fl-d8"/>
      </object_component>
      <object_component id="oc-251">
         <name>.text</name>
         <load_address>0x5cac</load_address>
         <run_address>0x5cac</run_address>
         <size>0xfc</size>
         <input_file_ref idref="fl-cf"/>
      </object_component>
      <object_component id="oc-206">
         <name>.text:free</name>
         <load_address>0x5da8</load_address>
         <run_address>0x5da8</run_address>
         <size>0xe4</size>
         <input_file_ref idref="fl-d8"/>
      </object_component>
      <object_component id="oc-13e">
         <name>.text:realloc</name>
         <load_address>0x5e8c</load_address>
         <run_address>0x5e8c</run_address>
         <size>0xe4</size>
         <input_file_ref idref="fl-d8"/>
      </object_component>
      <object_component id="oc-70">
         <name>.text</name>
         <load_address>0x5f70</load_address>
         <run_address>0x5f70</run_address>
         <size>0xda</size>
         <input_file_ref idref="fl-15"/>
      </object_component>
      <object_component id="oc-3a">
         <name>.text</name>
         <load_address>0x604a</load_address>
         <run_address>0x604a</run_address>
         <size>0x9c</size>
         <input_file_ref idref="fl-d2"/>
      </object_component>
      <object_component id="oc-ab">
         <name>.text</name>
         <load_address>0x60e6</load_address>
         <run_address>0x60e6</run_address>
         <size>0x7a</size>
         <input_file_ref idref="fl-d4"/>
      </object_component>
      <object_component id="oc-23c">
         <name>.text:split</name>
         <load_address>0x6160</load_address>
         <run_address>0x6160</run_address>
         <size>0x70</size>
         <input_file_ref idref="fl-d8"/>
      </object_component>
      <object_component id="oc-256">
         <name>.text</name>
         <load_address>0x61d0</load_address>
         <run_address>0x61d0</run_address>
         <size>0x6e</size>
         <input_file_ref idref="fl-d0"/>
      </object_component>
      <object_component id="oc-17">
         <name>.text:decompress:lzss:__TI_decompress_lzss</name>
         <load_address>0x623e</load_address>
         <run_address>0x623e</run_address>
         <size>0x68</size>
         <input_file_ref idref="fl-d7"/>
      </object_component>
      <object_component id="oc-144">
         <name>.text</name>
         <load_address>0x62a8</load_address>
         <run_address>0x62a8</run_address>
         <size>0x50</size>
         <input_file_ref idref="fl-6"/>
      </object_component>
      <object_component id="oc-17f">
         <name>.text:__TI_auto_init_nobinit_nopinit:__TI_auto_init_nobinit_nopinit</name>
         <load_address>0x62f8</load_address>
         <run_address>0x62f8</run_address>
         <size>0x44</size>
         <input_file_ref idref="fl-db"/>
      </object_component>
      <object_component id="oc-20c">
         <name>.text</name>
         <load_address>0x633c</load_address>
         <run_address>0x633c</run_address>
         <size>0x40</size>
         <input_file_ref idref="fl-d3"/>
      </object_component>
      <object_component id="oc-58">
         <name>.text:_c_int00_noargs:_c_int00_noargs</name>
         <load_address>0x637c</load_address>
         <run_address>0x637c</run_address>
         <size>0x34</size>
         <input_file_ref idref="fl-d9"/>
      </object_component>
      <object_component id="oc-159">
         <name>.text:init</name>
         <load_address>0x63b0</load_address>
         <run_address>0x63b0</run_address>
         <size>0x30</size>
         <input_file_ref idref="fl-5"/>
      </object_component>
      <object_component id="oc-24c">
         <name>.text</name>
         <load_address>0x63e0</load_address>
         <run_address>0x63e0</run_address>
         <size>0x2e</size>
         <input_file_ref idref="fl-d1"/>
      </object_component>
      <object_component id="oc-35d">
         <name>.text:free_list_insert</name>
         <load_address>0x6410</load_address>
         <run_address>0x6410</run_address>
         <size>0x28</size>
         <input_file_ref idref="fl-d8"/>
      </object_component>
      <object_component id="oc-236">
         <name>.text:free_list_remove</name>
         <load_address>0x6438</load_address>
         <run_address>0x6438</run_address>
         <size>0x1c</size>
         <input_file_ref idref="fl-d8"/>
      </object_component>
      <object_component id="oc-1d">
         <name>.text:decompress:none:__TI_decompress_none</name>
         <load_address>0x6454</load_address>
         <run_address>0x6454</run_address>
         <size>0xe</size>
         <input_file_ref idref="fl-d6"/>
      </object_component>
      <object_component id="oc-6a">
         <name>.text</name>
         <load_address>0x6462</load_address>
         <run_address>0x6462</run_address>
         <size>0xe</size>
         <input_file_ref idref="fl-9"/>
      </object_component>
      <object_component id="oc-4c">
         <name>.text:decompress:ZI:__TI_zero_init</name>
         <load_address>0x6470</load_address>
         <run_address>0x6470</run_address>
         <size>0xc</size>
         <input_file_ref idref="fl-d5"/>
      </object_component>
      <object_component id="oc-200">
         <name>.text:malloc</name>
         <load_address>0x647c</load_address>
         <run_address>0x647c</run_address>
         <size>0x8</size>
         <input_file_ref idref="fl-d8"/>
      </object_component>
      <object_component id="oc-b1">
         <name>.text:_system_pre_init</name>
         <load_address>0x6484</load_address>
         <run_address>0x6484</run_address>
         <size>0x4</size>
         <input_file_ref idref="fl-dc"/>
      </object_component>
      <object_component id="oc-173">
         <name>.text:abort:abort</name>
         <load_address>0x6488</load_address>
         <run_address>0x6488</run_address>
         <size>0x4</size>
         <input_file_ref idref="fl-de"/>
      </object_component>
      <object_component id="oc-25c">
         <name>.const:.string:light_background_bm_0x8718</name>
         <load_address>0x648c</load_address>
         <run_address>0x648c</run_address>
         <size>0x671</size>
         <input_file_ref idref="fl-5"/>
      </object_component>
      <object_component id="oc-291">
         <name>.const:.string:medium_background_bm_0x8410</name>
         <load_address>0x6afd</load_address>
         <run_address>0x6afd</run_address>
         <size>0x660</size>
         <input_file_ref idref="fl-5"/>
      </object_component>
      <object_component id="oc-2ab">
         <name>.const:.string:dark_background_bm_0x8</name>
         <load_address>0x715d</load_address>
         <run_address>0x715d</run_address>
         <size>0x64f</size>
         <input_file_ref idref="fl-5"/>
      </object_component>
      <object_component id="oc-2b7">
         <name>.const:.string:dark_background_bm_0x4210</name>
         <load_address>0x77ac</load_address>
         <run_address>0x77ac</run_address>
         <size>0x275</size>
         <input_file_ref idref="fl-5"/>
      </object_component>
      <object_component id="oc-29a">
         <name>.const:.string:medium_background_bm_0x4408</name>
         <load_address>0x7a21</load_address>
         <run_address>0x7a21</run_address>
         <size>0x275</size>
         <input_file_ref idref="fl-5"/>
      </object_component>
      <object_component id="oc-2b4">
         <name>.const:.string:dark_background_bm_0x4310</name>
         <load_address>0x7c96</load_address>
         <run_address>0x7c96</run_address>
         <size>0x20f</size>
         <input_file_ref idref="fl-5"/>
      </object_component>
      <object_component id="oc-2ae">
         <name>.const:.string:dark_background_bm_0x4410</name>
         <load_address>0x7ea5</load_address>
         <run_address>0x7ea5</run_address>
         <size>0x1cb</size>
         <input_file_ref idref="fl-5"/>
      </object_component>
      <object_component id="oc-294">
         <name>.const:.string:medium_background_bm_0x4508</name>
         <load_address>0x8070</load_address>
         <run_address>0x8070</run_address>
         <size>0x1cb</size>
         <input_file_ref idref="fl-5"/>
      </object_component>
      <object_component id="oc-26b">
         <name>.const:.string:light_background_bm_0x400</name>
         <load_address>0x823b</load_address>
         <run_address>0x823b</run_address>
         <size>0x1ba</size>
         <input_file_ref idref="fl-5"/>
      </object_component>
      <object_component id="oc-265">
         <name>.const:.string:light_background_bm_0x4500</name>
         <load_address>0x83f5</load_address>
         <run_address>0x83f5</run_address>
         <size>0x1ba</size>
         <input_file_ref idref="fl-5"/>
      </object_component>
      <object_component id="oc-277">
         <name>.const:.string:light_background_bm_0x4400</name>
         <load_address>0x85af</load_address>
         <run_address>0x85af</run_address>
         <size>0x180</size>
         <input_file_ref idref="fl-5"/>
      </object_component>
      <object_component id="oc-262">
         <name>.const:.string:light_background_bm_0x4600</name>
         <load_address>0x872f</load_address>
         <run_address>0x872f</run_address>
         <size>0x176</size>
         <input_file_ref idref="fl-5"/>
      </object_component>
      <object_component id="oc-268">
         <name>.const:.string:light_background_bm_0x500</name>
         <load_address>0x88a5</load_address>
         <run_address>0x88a5</run_address>
         <size>0x165</size>
         <input_file_ref idref="fl-5"/>
      </object_component>
      <object_component id="oc-297">
         <name>.const:.string:medium_background_bm_0x4308</name>
         <load_address>0x8a0a</load_address>
         <run_address>0x8a0a</run_address>
         <size>0x110</size>
         <input_file_ref idref="fl-5"/>
      </object_component>
      <object_component id="oc-25f">
         <name>.const:.string:light_background_bm_0x200</name>
         <load_address>0x8b1a</load_address>
         <run_address>0x8b1a</run_address>
         <size>0xff</size>
         <input_file_ref idref="fl-5"/>
      </object_component>
      <object_component id="oc-27a">
         <name>.const:.string:light_background_bm_0x600</name>
         <load_address>0x8c19</load_address>
         <run_address>0x8c19</run_address>
         <size>0xff</size>
         <input_file_ref idref="fl-5"/>
      </object_component>
      <object_component id="oc-2b1">
         <name>.const:.string:dark_background_bm_0x4110</name>
         <load_address>0x8d18</load_address>
         <run_address>0x8d18</run_address>
         <size>0xee</size>
         <input_file_ref idref="fl-5"/>
      </object_component>
      <object_component id="oc-2a0">
         <name>.const:.string:medium_background_bm_0x4608</name>
         <load_address>0x8e06</load_address>
         <run_address>0x8e06</run_address>
         <size>0xd0</size>
         <input_file_ref idref="fl-5"/>
      </object_component>
      <object_component id="oc-2a3">
         <name>.const:.string:medium_background_bm_0x8508</name>
         <load_address>0x8ed6</load_address>
         <run_address>0x8ed6</run_address>
         <size>0xc0</size>
         <input_file_ref idref="fl-5"/>
      </object_component>
      <object_component id="oc-26e">
         <name>.const:.string:light_background_bm_0x300</name>
         <load_address>0x8f96</load_address>
         <run_address>0x8f96</run_address>
         <size>0x77</size>
         <input_file_ref idref="fl-5"/>
      </object_component>
      <object_component id="oc-29d">
         <name>.const:.string:medium_background_bm_0x8510</name>
         <load_address>0x900d</load_address>
         <run_address>0x900d</run_address>
         <size>0x77</size>
         <input_file_ref idref="fl-5"/>
      </object_component>
      <object_component id="oc-2ba">
         <name>.const:.string:dark_background_bm_0x4208</name>
         <load_address>0x9084</load_address>
         <run_address>0x9084</run_address>
         <size>0x66</size>
         <input_file_ref idref="fl-5"/>
      </object_component>
      <object_component id="oc-271">
         <name>.const:.string:light_background_bm_0x4508</name>
         <load_address>0x90ea</load_address>
         <run_address>0x90ea</run_address>
         <size>0x66</size>
         <input_file_ref idref="fl-5"/>
      </object_component>
      <object_component id="oc-274">
         <name>.const:.string:light_background_bm_0x4610</name>
         <load_address>0x9150</load_address>
         <run_address>0x9150</run_address>
         <size>0x66</size>
         <input_file_ref idref="fl-5"/>
      </object_component>
      <object_component id="oc-280">
         <name>.const:.string:light_background_bm_0x4718</name>
         <load_address>0x91b6</load_address>
         <run_address>0x91b6</run_address>
         <size>0x66</size>
         <input_file_ref idref="fl-5"/>
      </object_component>
      <object_component id="oc-2bd">
         <name>.const:.string:dark_background_bm_0x4108</name>
         <load_address>0x921c</load_address>
         <run_address>0x921c</run_address>
         <size>0x55</size>
         <input_file_ref idref="fl-5"/>
      </object_component>
      <object_component id="oc-27d">
         <name>.const:.string:light_background_bm_0x4608</name>
         <load_address>0x9271</load_address>
         <run_address>0x9271</run_address>
         <size>0x3c</size>
         <input_file_ref idref="fl-5"/>
      </object_component>
      <object_component id="oc-286">
         <name>.const:.string:light_background_bm_0x4510</name>
         <load_address>0x92ad</load_address>
         <run_address>0x92ad</run_address>
         <size>0x2c</size>
         <input_file_ref idref="fl-5"/>
      </object_component>
      <object_component id="oc-2c5">
         <name>.const:.string:crosshair_bm_0x0</name>
         <load_address>0x92d9</load_address>
         <run_address>0x92d9</run_address>
         <size>0x1e</size>
         <input_file_ref idref="fl-5"/>
      </object_component>
      <object_component id="oc-2c8">
         <name>.const:.string:crosshair_bm_0xc718</name>
         <load_address>0x92f7</load_address>
         <run_address>0x92f7</run_address>
         <size>0x1e</size>
         <input_file_ref idref="fl-5"/>
      </object_component>
      <object_component id="oc-283">
         <name>.const:.string:light_background_bm_0x4710</name>
         <load_address>0x9315</load_address>
         <run_address>0x9315</run_address>
         <size>0x1a</size>
         <input_file_ref idref="fl-5"/>
      </object_component>
      <object_component id="oc-28c">
         <name>.const:.string:light_background_bm_0x4408</name>
         <load_address>0x932f</load_address>
         <run_address>0x932f</run_address>
         <size>0xa</size>
         <input_file_ref idref="fl-5"/>
      </object_component>
      <object_component id="oc-2c0">
         <name>.const:.string:dark_background_bm_0x4308</name>
         <load_address>0x9339</load_address>
         <run_address>0x9339</run_address>
         <size>0x1</size>
         <input_file_ref idref="fl-5"/>
      </object_component>
      <object_component id="oc-2a6">
         <name>.const:.string:medium_background_bm_0x8608</name>
         <load_address>0x933a</load_address>
         <run_address>0x933a</run_address>
         <size>0x1</size>
         <input_file_ref idref="fl-5"/>
      </object_component>
      <object_component id="oc-d3">
         <name>.const</name>
         <load_address>0x933c</load_address>
         <run_address>0x933c</run_address>
         <size>0x8</size>
         <input_file_ref idref="fl-14"/>
      </object_component>
      <object_component id="oc-289">
         <name>.const:.string:light_background_bm_0x508</name>
         <load_address>0x9344</load_address>
         <run_address>0x9344</run_address>
         <size>0x6</size>
         <input_file_ref idref="fl-5"/>
      </object_component>
      <object_component id="oc-1dd">
         <name>.const</name>
         <load_address>0x934c</load_address>
         <run_address>0x934c</run_address>
         <size>0x4</size>
         <input_file_ref idref="fl-12"/>
      </object_component>
      <object_component id="oc-459">
         <name>.cinit..data.load</name>
         <load_address>0x9350</load_address>
         <run_address>0x9350</run_address>
         <size>0x1d9</size>
      </object_component>
      <object_component id="oc-457">
         <name>__TI_handler_table</name>
         <load_address>0x952c</load_address>
         <run_address>0x952c</run_address>
         <size>0xc</size>
      </object_component>
      <object_component id="oc-45a">
         <name>.cinit..bss.load</name>
         <load_address>0x9538</load_address>
         <run_address>0x9538</run_address>
         <size>0x8</size>
      </object_component>
      <object_component id="oc-458">
         <name>__TI_cinit_table</name>
         <load_address>0x9540</load_address>
         <run_address>0x9540</run_address>
         <size>0x10</size>
      </object_component>
      <object_component id="oc-42b">
         <name>.binit</name>
         <load_address>0x0</load_address>
         <run_address>0x0</run_address>
         <size>0x0</size>
      </object_component>
      <object_component id="oc-234">
         <name>.data</name>
         <load_address>0x200088c4</load_address>
         <run_address>0x200088c4</run_address>
         <size>0xe</size>
         <input_file_ref idref="fl-4"/>
      </object_component>
      <object_component id="oc-14a">
         <name>.data:layers_light_background</name>
         <load_address>0x20008578</load_address>
         <run_address>0x20008578</run_address>
         <size>0x154</size>
         <input_file_ref idref="fl-5"/>
      </object_component>
      <object_component id="oc-14d">
         <name>.data:layers_medium_background</name>
         <load_address>0x2000876c</load_address>
         <run_address>0x2000876c</run_address>
         <size>0xa0</size>
         <input_file_ref idref="fl-5"/>
      </object_component>
      <object_component id="oc-150">
         <name>.data:layers_dark_background</name>
         <load_address>0x200086cc</load_address>
         <run_address>0x200086cc</run_address>
         <size>0xa0</size>
         <input_file_ref idref="fl-5"/>
      </object_component>
      <object_component id="oc-156">
         <name>.data</name>
         <load_address>0x20008840</load_address>
         <run_address>0x20008840</run_address>
         <size>0x2c</size>
         <input_file_ref idref="fl-5"/>
      </object_component>
      <object_component id="oc-153">
         <name>.data:layers_crosshair</name>
         <load_address>0x2000886c</load_address>
         <run_address>0x2000886c</run_address>
         <size>0x28</size>
         <input_file_ref idref="fl-5"/>
      </object_component>
      <object_component id="oc-10a">
         <name>.data</name>
         <load_address>0x200088f0</load_address>
         <run_address>0x200088f0</run_address>
         <size>0x8</size>
         <input_file_ref idref="fl-7"/>
      </object_component>
      <object_component id="oc-fb">
         <name>.data</name>
         <load_address>0x200088d2</load_address>
         <run_address>0x200088d2</run_address>
         <size>0x2</size>
         <input_file_ref idref="fl-8"/>
      </object_component>
      <object_component id="oc-10e">
         <name>.data</name>
         <load_address>0x200088f8</load_address>
         <run_address>0x200088f8</run_address>
         <size>0x4</size>
         <input_file_ref idref="fl-a"/>
      </object_component>
      <object_component id="oc-111">
         <name>.data</name>
         <load_address>0x200088fc</load_address>
         <run_address>0x200088fc</run_address>
         <size>0x3</size>
         <input_file_ref idref="fl-b"/>
      </object_component>
      <object_component id="oc-31f">
         <name>.data</name>
         <load_address>0x20008894</load_address>
         <run_address>0x20008894</run_address>
         <size>0x18</size>
         <input_file_ref idref="fl-e"/>
      </object_component>
      <object_component id="oc-d0">
         <name>.data</name>
         <load_address>0x2000880c</load_address>
         <run_address>0x2000880c</run_address>
         <size>0x34</size>
         <input_file_ref idref="fl-12"/>
      </object_component>
      <object_component id="oc-334">
         <name>.data</name>
         <load_address>0x200088d4</load_address>
         <run_address>0x200088d4</run_address>
         <size>0xc</size>
         <input_file_ref idref="fl-13"/>
      </object_component>
      <object_component id="oc-dd">
         <name>.data</name>
         <load_address>0x200088ac</load_address>
         <run_address>0x200088ac</run_address>
         <size>0x18</size>
         <input_file_ref idref="fl-14"/>
      </object_component>
      <object_component id="oc-372">
         <name>.data:$O1$$</name>
         <load_address>0x200088e8</load_address>
         <run_address>0x200088e8</run_address>
         <size>0x8</size>
         <input_file_ref idref="fl-d8"/>
      </object_component>
      <object_component id="oc-242">
         <name>.data:$O1$$</name>
         <load_address>0x200088e0</load_address>
         <run_address>0x200088e0</run_address>
         <size>0x8</size>
         <input_file_ref idref="fl-df"/>
      </object_component>
      <object_component id="oc-166">
         <name>.bss</name>
         <uninitialized>true</uninitialized>
         <run_address>0x20008174</run_address>
         <size>0x1</size>
         <input_file_ref idref="fl-5"/>
      </object_component>
      <object_component id="oc-325">
         <name>.bss:ucHeap</name>
         <uninitialized>true</uninitialized>
         <run_address>0x20000000</run_address>
         <size>0x8000</size>
         <input_file_ref idref="fl-e"/>
      </object_component>
      <object_component id="oc-322">
         <name>.bss:xStart</name>
         <uninitialized>true</uninitialized>
         <run_address>0x20008164</run_address>
         <size>0x8</size>
         <input_file_ref idref="fl-e"/>
      </object_component>
      <object_component id="oc-1c8">
         <name>.bss:pxReadyTasksLists</name>
         <uninitialized>true</uninitialized>
         <run_address>0x20008000</run_address>
         <size>0xc8</size>
         <input_file_ref idref="fl-12"/>
      </object_component>
      <object_component id="oc-1e0">
         <name>.bss:xDelayedTaskList1</name>
         <uninitialized>true</uninitialized>
         <run_address>0x200080f0</run_address>
         <size>0x14</size>
         <input_file_ref idref="fl-12"/>
      </object_component>
      <object_component id="oc-1e3">
         <name>.bss:xDelayedTaskList2</name>
         <uninitialized>true</uninitialized>
         <run_address>0x20008104</run_address>
         <size>0x14</size>
         <input_file_ref idref="fl-12"/>
      </object_component>
      <object_component id="oc-1ce">
         <name>.bss</name>
         <uninitialized>true</uninitialized>
         <run_address>0x20008154</run_address>
         <size>0x8</size>
         <input_file_ref idref="fl-12"/>
      </object_component>
      <object_component id="oc-1da">
         <name>.bss:xPendingReadyList</name>
         <uninitialized>true</uninitialized>
         <run_address>0x20008118</run_address>
         <size>0x14</size>
         <input_file_ref idref="fl-12"/>
      </object_component>
      <object_component id="oc-1cb">
         <name>.bss:xTasksWaitingTermination</name>
         <uninitialized>true</uninitialized>
         <run_address>0x20008140</run_address>
         <size>0x14</size>
         <input_file_ref idref="fl-12"/>
      </object_component>
      <object_component id="oc-1d1">
         <name>.bss:xSuspendedTaskList</name>
         <uninitialized>true</uninitialized>
         <run_address>0x2000812c</run_address>
         <size>0x14</size>
         <input_file_ref idref="fl-12"/>
      </object_component>
      <object_component id="oc-33a">
         <name>.bss:xActiveTimerList1</name>
         <uninitialized>true</uninitialized>
         <run_address>0x200080c8</run_address>
         <size>0x14</size>
         <input_file_ref idref="fl-13"/>
      </object_component>
      <object_component id="oc-33d">
         <name>.bss:xActiveTimerList2</name>
         <uninitialized>true</uninitialized>
         <run_address>0x200080dc</run_address>
         <size>0x14</size>
         <input_file_ref idref="fl-13"/>
      </object_component>
      <object_component id="oc-337">
         <name>.bss</name>
         <uninitialized>true</uninitialized>
         <run_address>0x2000815c</run_address>
         <size>0x8</size>
         <input_file_ref idref="fl-13"/>
      </object_component>
      <object_component id="oc-f7">
         <name>.common:Tx_Buffer</name>
         <uninitialized>true</uninitialized>
         <run_address>0x20008170</run_address>
         <size>0x4</size>
      </object_component>
      <object_component id="oc-fe">
         <name>.common:ALERT_STRING</name>
         <uninitialized>true</uninitialized>
         <run_address>0x20008175</run_address>
         <size>0x1</size>
      </object_component>
      <object_component id="oc-fa">
         <name>.common:Rx_String</name>
         <uninitialized>true</uninitialized>
         <run_address>0x2000816c</run_address>
         <size>0x4</size>
      </object_component>
      <object_component id="oc-29">
         <name>.sysmem</name>
         <uninitialized>true</uninitialized>
         <run_address>0x20008178</run_address>
         <size>0x10</size>
         <input_file_ref idref="fl-d8"/>
      </object_component>
      <object_component id="oc-45d">
         <name>.sysmem</name>
         <uninitialized>true</uninitialized>
         <run_address>0x20008178</run_address>
         <size>0x0</size>
      </object_component>
      <object_component id="oc-2c">
         <name>.stack</name>
         <uninitialized>true</uninitialized>
         <run_address>0x2000fe00</run_address>
         <size>0x4</size>
         <input_file_ref idref="fl-d9"/>
      </object_component>
      <object_component id="oc-45c">
         <name>.stack</name>
         <uninitialized>true</uninitialized>
         <run_address>0x2000fe00</run_address>
         <size>0x0</size>
      </object_component>
      <object_component id="oc-212">
         <name>.debug_info</name>
         <load_address>0x0</load_address>
         <run_address>0x0</run_address>
         <size>0x2f7</size>
         <input_file_ref idref="fl-2"/>
      </object_component>
      <object_component id="oc-f2">
         <name>.debug_info</name>
         <load_address>0x2f7</load_address>
         <run_address>0x2f7</run_address>
         <size>0x7c7</size>
         <input_file_ref idref="fl-2"/>
      </object_component>
      <object_component id="oc-215">
         <name>.debug_info</name>
         <load_address>0xabe</load_address>
         <run_address>0xabe</run_address>
         <size>0x86</size>
         <input_file_ref idref="fl-2"/>
      </object_component>
      <object_component id="oc-117">
         <name>.debug_info</name>
         <load_address>0xb44</load_address>
         <run_address>0xb44</run_address>
         <size>0x26b</size>
         <input_file_ref idref="fl-2"/>
      </object_component>
      <object_component id="oc-2db">
         <name>.debug_info</name>
         <load_address>0xdaf</load_address>
         <run_address>0xdaf</run_address>
         <size>0x110</size>
         <input_file_ref idref="fl-2"/>
      </object_component>
      <object_component id="oc-100">
         <name>.debug_info</name>
         <load_address>0xebf</load_address>
         <run_address>0xebf</run_address>
         <size>0x8b</size>
         <input_file_ref idref="fl-2"/>
      </object_component>
      <object_component id="oc-1fb">
         <name>.debug_info</name>
         <load_address>0xf4a</load_address>
         <run_address>0xf4a</run_address>
         <size>0x2a4</size>
         <input_file_ref idref="fl-2"/>
      </object_component>
      <object_component id="oc-ec">
         <name>.debug_info</name>
         <load_address>0x11ee</load_address>
         <run_address>0x11ee</run_address>
         <size>0xbb</size>
         <input_file_ref idref="fl-2"/>
      </object_component>
      <object_component id="oc-22b">
         <name>.debug_info</name>
         <load_address>0x12a9</load_address>
         <run_address>0x12a9</run_address>
         <size>0x561</size>
         <input_file_ref idref="fl-3"/>
      </object_component>
      <object_component id="oc-247">
         <name>.debug_info</name>
         <load_address>0x180a</load_address>
         <run_address>0x180a</run_address>
         <size>0x96a</size>
         <input_file_ref idref="fl-3"/>
      </object_component>
      <object_component id="oc-105">
         <name>.debug_info</name>
         <load_address>0x2174</load_address>
         <run_address>0x2174</run_address>
         <size>0x37e2</size>
         <input_file_ref idref="fl-3"/>
      </object_component>
      <object_component id="oc-21a">
         <name>.debug_info</name>
         <load_address>0x5956</load_address>
         <run_address>0x5956</run_address>
         <size>0x1055</size>
         <input_file_ref idref="fl-3"/>
      </object_component>
      <object_component id="oc-35">
         <name>.debug_info</name>
         <load_address>0x69ab</load_address>
         <run_address>0x69ab</run_address>
         <size>0x84</size>
         <input_file_ref idref="fl-3"/>
      </object_component>
      <object_component id="oc-1fa">
         <name>.debug_info</name>
         <load_address>0x6a2f</load_address>
         <run_address>0x6a2f</run_address>
         <size>0x8cf</size>
         <input_file_ref idref="fl-4"/>
      </object_component>
      <object_component id="oc-139">
         <name>.debug_info</name>
         <load_address>0x72fe</load_address>
         <run_address>0x72fe</run_address>
         <size>0xc78</size>
         <input_file_ref idref="fl-4"/>
      </object_component>
      <object_component id="oc-16e">
         <name>.debug_info</name>
         <load_address>0x7f76</load_address>
         <run_address>0x7f76</run_address>
         <size>0x315</size>
         <input_file_ref idref="fl-4"/>
      </object_component>
      <object_component id="oc-1f5">
         <name>.debug_info</name>
         <load_address>0x828b</load_address>
         <run_address>0x828b</run_address>
         <size>0x48b</size>
         <input_file_ref idref="fl-4"/>
      </object_component>
      <object_component id="oc-2e2">
         <name>.debug_info</name>
         <load_address>0x8716</load_address>
         <run_address>0x8716</run_address>
         <size>0x4f</size>
         <input_file_ref idref="fl-4"/>
      </object_component>
      <object_component id="oc-2cf">
         <name>.debug_info</name>
         <load_address>0x8765</load_address>
         <run_address>0x8765</run_address>
         <size>0x2c</size>
         <input_file_ref idref="fl-4"/>
      </object_component>
      <object_component id="oc-e2">
         <name>.debug_info</name>
         <load_address>0x8791</load_address>
         <run_address>0x8791</run_address>
         <size>0x2c</size>
         <input_file_ref idref="fl-4"/>
      </object_component>
      <object_component id="oc-1eb">
         <name>.debug_info</name>
         <load_address>0x87bd</load_address>
         <run_address>0x87bd</run_address>
         <size>0x53</size>
         <input_file_ref idref="fl-4"/>
      </object_component>
      <object_component id="oc-e7">
         <name>.debug_info</name>
         <load_address>0x8810</load_address>
         <run_address>0x8810</run_address>
         <size>0x53</size>
         <input_file_ref idref="fl-4"/>
      </object_component>
      <object_component id="oc-2e7">
         <name>.debug_info</name>
         <load_address>0x8863</load_address>
         <run_address>0x8863</run_address>
         <size>0xc6</size>
         <input_file_ref idref="fl-4"/>
      </object_component>
      <object_component id="oc-1f0">
         <name>.debug_info</name>
         <load_address>0x8929</load_address>
         <run_address>0x8929</run_address>
         <size>0x14c</size>
         <input_file_ref idref="fl-4"/>
      </object_component>
      <object_component id="oc-168">
         <name>.debug_info</name>
         <load_address>0x8a75</load_address>
         <run_address>0x8a75</run_address>
         <size>0xb82</size>
         <input_file_ref idref="fl-5"/>
      </object_component>
      <object_component id="oc-25d">
         <name>.debug_info</name>
         <load_address>0x95f7</load_address>
         <run_address>0x95f7</run_address>
         <size>0x105</size>
         <input_file_ref idref="fl-5"/>
      </object_component>
      <object_component id="oc-260">
         <name>.debug_info</name>
         <load_address>0x96fc</load_address>
         <run_address>0x96fc</run_address>
         <size>0x103</size>
         <input_file_ref idref="fl-5"/>
      </object_component>
      <object_component id="oc-263">
         <name>.debug_info</name>
         <load_address>0x97ff</load_address>
         <run_address>0x97ff</run_address>
         <size>0x105</size>
         <input_file_ref idref="fl-5"/>
      </object_component>
      <object_component id="oc-266">
         <name>.debug_info</name>
         <load_address>0x9904</load_address>
         <run_address>0x9904</run_address>
         <size>0x105</size>
         <input_file_ref idref="fl-5"/>
      </object_component>
      <object_component id="oc-269">
         <name>.debug_info</name>
         <load_address>0x9a09</load_address>
         <run_address>0x9a09</run_address>
         <size>0x103</size>
         <input_file_ref idref="fl-5"/>
      </object_component>
      <object_component id="oc-26c">
         <name>.debug_info</name>
         <load_address>0x9b0c</load_address>
         <run_address>0x9b0c</run_address>
         <size>0x103</size>
         <input_file_ref idref="fl-5"/>
      </object_component>
      <object_component id="oc-26f">
         <name>.debug_info</name>
         <load_address>0x9c0f</load_address>
         <run_address>0x9c0f</run_address>
         <size>0x103</size>
         <input_file_ref idref="fl-5"/>
      </object_component>
      <object_component id="oc-272">
         <name>.debug_info</name>
         <load_address>0x9d12</load_address>
         <run_address>0x9d12</run_address>
         <size>0x105</size>
         <input_file_ref idref="fl-5"/>
      </object_component>
      <object_component id="oc-275">
         <name>.debug_info</name>
         <load_address>0x9e17</load_address>
         <run_address>0x9e17</run_address>
         <size>0x105</size>
         <input_file_ref idref="fl-5"/>
      </object_component>
      <object_component id="oc-278">
         <name>.debug_info</name>
         <load_address>0x9f1c</load_address>
         <run_address>0x9f1c</run_address>
         <size>0x106</size>
         <input_file_ref idref="fl-5"/>
      </object_component>
      <object_component id="oc-27b">
         <name>.debug_info</name>
         <load_address>0xa022</load_address>
         <run_address>0xa022</run_address>
         <size>0x104</size>
         <input_file_ref idref="fl-5"/>
      </object_component>
      <object_component id="oc-27e">
         <name>.debug_info</name>
         <load_address>0xa126</load_address>
         <run_address>0xa126</run_address>
         <size>0x106</size>
         <input_file_ref idref="fl-5"/>
      </object_component>
      <object_component id="oc-281">
         <name>.debug_info</name>
         <load_address>0xa22c</load_address>
         <run_address>0xa22c</run_address>
         <size>0x106</size>
         <input_file_ref idref="fl-5"/>
      </object_component>
      <object_component id="oc-284">
         <name>.debug_info</name>
         <load_address>0xa332</load_address>
         <run_address>0xa332</run_address>
         <size>0x106</size>
         <input_file_ref idref="fl-5"/>
      </object_component>
      <object_component id="oc-287">
         <name>.debug_info</name>
         <load_address>0xa438</load_address>
         <run_address>0xa438</run_address>
         <size>0x106</size>
         <input_file_ref idref="fl-5"/>
      </object_component>
      <object_component id="oc-28a">
         <name>.debug_info</name>
         <load_address>0xa53e</load_address>
         <run_address>0xa53e</run_address>
         <size>0x104</size>
         <input_file_ref idref="fl-5"/>
      </object_component>
      <object_component id="oc-28d">
         <name>.debug_info</name>
         <load_address>0xa642</load_address>
         <run_address>0xa642</run_address>
         <size>0x106</size>
         <input_file_ref idref="fl-5"/>
      </object_component>
      <object_component id="oc-14b">
         <name>.debug_info</name>
         <load_address>0xa748</load_address>
         <run_address>0xa748</run_address>
         <size>0x100</size>
         <input_file_ref idref="fl-5"/>
      </object_component>
      <object_component id="oc-292">
         <name>.debug_info</name>
         <load_address>0xa848</load_address>
         <run_address>0xa848</run_address>
         <size>0x107</size>
         <input_file_ref idref="fl-5"/>
      </object_component>
      <object_component id="oc-295">
         <name>.debug_info</name>
         <load_address>0xa94f</load_address>
         <run_address>0xa94f</run_address>
         <size>0x107</size>
         <input_file_ref idref="fl-5"/>
      </object_component>
      <object_component id="oc-298">
         <name>.debug_info</name>
         <load_address>0xaa56</load_address>
         <run_address>0xaa56</run_address>
         <size>0x107</size>
         <input_file_ref idref="fl-5"/>
      </object_component>
      <object_component id="oc-29b">
         <name>.debug_info</name>
         <load_address>0xab5d</load_address>
         <run_address>0xab5d</run_address>
         <size>0x107</size>
         <input_file_ref idref="fl-5"/>
      </object_component>
      <object_component id="oc-29e">
         <name>.debug_info</name>
         <load_address>0xac64</load_address>
         <run_address>0xac64</run_address>
         <size>0x107</size>
         <input_file_ref idref="fl-5"/>
      </object_component>
      <object_component id="oc-2a1">
         <name>.debug_info</name>
         <load_address>0xad6b</load_address>
         <run_address>0xad6b</run_address>
         <size>0x107</size>
         <input_file_ref idref="fl-5"/>
      </object_component>
      <object_component id="oc-2a4">
         <name>.debug_info</name>
         <load_address>0xae72</load_address>
         <run_address>0xae72</run_address>
         <size>0x107</size>
         <input_file_ref idref="fl-5"/>
      </object_component>
      <object_component id="oc-2a7">
         <name>.debug_info</name>
         <load_address>0xaf79</load_address>
         <run_address>0xaf79</run_address>
         <size>0x107</size>
         <input_file_ref idref="fl-5"/>
      </object_component>
      <object_component id="oc-14e">
         <name>.debug_info</name>
         <load_address>0xb080</load_address>
         <run_address>0xb080</run_address>
         <size>0x101</size>
         <input_file_ref idref="fl-5"/>
      </object_component>
      <object_component id="oc-2ac">
         <name>.debug_info</name>
         <load_address>0xb181</load_address>
         <run_address>0xb181</run_address>
         <size>0xfd</size>
         <input_file_ref idref="fl-5"/>
      </object_component>
      <object_component id="oc-2af">
         <name>.debug_info</name>
         <load_address>0xb27e</load_address>
         <run_address>0xb27e</run_address>
         <size>0x103</size>
         <input_file_ref idref="fl-5"/>
      </object_component>
      <object_component id="oc-2b2">
         <name>.debug_info</name>
         <load_address>0xb381</load_address>
         <run_address>0xb381</run_address>
         <size>0x103</size>
         <input_file_ref idref="fl-5"/>
      </object_component>
      <object_component id="oc-2b5">
         <name>.debug_info</name>
         <load_address>0xb484</load_address>
         <run_address>0xb484</run_address>
         <size>0x103</size>
         <input_file_ref idref="fl-5"/>
      </object_component>
      <object_component id="oc-2b8">
         <name>.debug_info</name>
         <load_address>0xb587</load_address>
         <run_address>0xb587</run_address>
         <size>0x103</size>
         <input_file_ref idref="fl-5"/>
      </object_component>
      <object_component id="oc-2bb">
         <name>.debug_info</name>
         <load_address>0xb68a</load_address>
         <run_address>0xb68a</run_address>
         <size>0x103</size>
         <input_file_ref idref="fl-5"/>
      </object_component>
      <object_component id="oc-2be">
         <name>.debug_info</name>
         <load_address>0xb78d</load_address>
         <run_address>0xb78d</run_address>
         <size>0x103</size>
         <input_file_ref idref="fl-5"/>
      </object_component>
      <object_component id="oc-2c1">
         <name>.debug_info</name>
         <load_address>0xb890</load_address>
         <run_address>0xb890</run_address>
         <size>0x103</size>
         <input_file_ref idref="fl-5"/>
      </object_component>
      <object_component id="oc-151">
         <name>.debug_info</name>
         <load_address>0xb993</load_address>
         <run_address>0xb993</run_address>
         <size>0xfd</size>
         <input_file_ref idref="fl-5"/>
      </object_component>
      <object_component id="oc-2c6">
         <name>.debug_info</name>
         <load_address>0xba90</load_address>
         <run_address>0xba90</run_address>
         <size>0xf1</size>
         <input_file_ref idref="fl-5"/>
      </object_component>
      <object_component id="oc-2c9">
         <name>.debug_info</name>
         <load_address>0xbb81</load_address>
         <run_address>0xbb81</run_address>
         <size>0xf7</size>
         <input_file_ref idref="fl-5"/>
      </object_component>
      <object_component id="oc-157">
         <name>.debug_info</name>
         <load_address>0xbc78</load_address>
         <run_address>0xbc78</run_address>
         <size>0x33d</size>
         <input_file_ref idref="fl-5"/>
      </object_component>
      <object_component id="oc-154">
         <name>.debug_info</name>
         <load_address>0xbfb5</load_address>
         <run_address>0xbfb5</run_address>
         <size>0xf1</size>
         <input_file_ref idref="fl-5"/>
      </object_component>
      <object_component id="oc-15b">
         <name>.debug_info</name>
         <load_address>0xc0a6</load_address>
         <run_address>0xc0a6</run_address>
         <size>0x16d</size>
         <input_file_ref idref="fl-5"/>
      </object_component>
      <object_component id="oc-b9">
         <name>.debug_info</name>
         <load_address>0xc213</load_address>
         <run_address>0xc213</run_address>
         <size>0x853</size>
         <input_file_ref idref="fl-5"/>
      </object_component>
      <object_component id="oc-2ec">
         <name>.debug_info</name>
         <load_address>0xca66</load_address>
         <run_address>0xca66</run_address>
         <size>0x48b</size>
         <input_file_ref idref="fl-5"/>
      </object_component>
      <object_component id="oc-21f">
         <name>.debug_info</name>
         <load_address>0xcef1</load_address>
         <run_address>0xcef1</run_address>
         <size>0xcc</size>
         <input_file_ref idref="fl-5"/>
      </object_component>
      <object_component id="oc-224">
         <name>.debug_info</name>
         <load_address>0xcfbd</load_address>
         <run_address>0xcfbd</run_address>
         <size>0x35</size>
         <input_file_ref idref="fl-5"/>
      </object_component>
      <object_component id="oc-169">
         <name>.debug_info</name>
         <load_address>0xcff2</load_address>
         <run_address>0xcff2</run_address>
         <size>0x51</size>
         <input_file_ref idref="fl-5"/>
      </object_component>
      <object_component id="oc-147">
         <name>.debug_info</name>
         <load_address>0xd043</load_address>
         <run_address>0xd043</run_address>
         <size>0x1e5</size>
         <input_file_ref idref="fl-6"/>
      </object_component>
      <object_component id="oc-22e">
         <name>.debug_info</name>
         <load_address>0xd228</load_address>
         <run_address>0xd228</run_address>
         <size>0x67d</size>
         <input_file_ref idref="fl-7"/>
      </object_component>
      <object_component id="oc-10b">
         <name>.debug_info</name>
         <load_address>0xd8a5</load_address>
         <run_address>0xd8a5</run_address>
         <size>0x105</size>
         <input_file_ref idref="fl-7"/>
      </object_component>
      <object_component id="oc-82">
         <name>.debug_info</name>
         <load_address>0xd9aa</load_address>
         <run_address>0xd9aa</run_address>
         <size>0x25e</size>
         <input_file_ref idref="fl-7"/>
      </object_component>
      <object_component id="oc-f8">
         <name>.debug_info</name>
         <load_address>0xdc08</load_address>
         <run_address>0xdc08</run_address>
         <size>0x7a7</size>
         <input_file_ref idref="fl-8"/>
      </object_component>
      <object_component id="oc-fc">
         <name>.debug_info</name>
         <load_address>0xe3af</load_address>
         <run_address>0xe3af</run_address>
         <size>0xf3</size>
         <input_file_ref idref="fl-8"/>
      </object_component>
      <object_component id="oc-7d">
         <name>.debug_info</name>
         <load_address>0xe4a2</load_address>
         <run_address>0xe4a2</run_address>
         <size>0x4d8</size>
         <input_file_ref idref="fl-8"/>
      </object_component>
      <object_component id="oc-8f">
         <name>.debug_info</name>
         <load_address>0xe97a</load_address>
         <run_address>0xe97a</run_address>
         <size>0x358</size>
         <input_file_ref idref="fl-9"/>
      </object_component>
      <object_component id="oc-27">
         <name>.debug_info</name>
         <load_address>0xecd2</load_address>
         <run_address>0xecd2</run_address>
         <size>0x104</size>
         <input_file_ref idref="fl-9"/>
      </object_component>
      <object_component id="oc-6b">
         <name>.debug_info</name>
         <load_address>0xedd6</load_address>
         <run_address>0xedd6</run_address>
         <size>0x1cb</size>
         <input_file_ref idref="fl-9"/>
      </object_component>
      <object_component id="oc-10f">
         <name>.debug_info</name>
         <load_address>0xefa1</load_address>
         <run_address>0xefa1</run_address>
         <size>0xfd</size>
         <input_file_ref idref="fl-a"/>
      </object_component>
      <object_component id="oc-ca">
         <name>.debug_info</name>
         <load_address>0xf09e</load_address>
         <run_address>0xf09e</run_address>
         <size>0x26f</size>
         <input_file_ref idref="fl-a"/>
      </object_component>
      <object_component id="oc-233">
         <name>.debug_info</name>
         <load_address>0xf30d</load_address>
         <run_address>0xf30d</run_address>
         <size>0x6b0</size>
         <input_file_ref idref="fl-b"/>
      </object_component>
      <object_component id="oc-112">
         <name>.debug_info</name>
         <load_address>0xf9bd</load_address>
         <run_address>0xf9bd</run_address>
         <size>0xff</size>
         <input_file_ref idref="fl-b"/>
      </object_component>
      <object_component id="oc-88">
         <name>.debug_info</name>
         <load_address>0xfabc</load_address>
         <run_address>0xfabc</run_address>
         <size>0x37c</size>
         <input_file_ref idref="fl-b"/>
      </object_component>
      <object_component id="oc-3e9">
         <name>.debug_info</name>
         <load_address>0xfe38</load_address>
         <run_address>0xfe38</run_address>
         <size>0x6e4</size>
         <input_file_ref idref="fl-d"/>
      </object_component>
      <object_component id="oc-31a">
         <name>.debug_info</name>
         <load_address>0x1051c</load_address>
         <run_address>0x1051c</run_address>
         <size>0x48b</size>
         <input_file_ref idref="fl-d"/>
      </object_component>
      <object_component id="oc-41e">
         <name>.debug_info</name>
         <load_address>0x109a7</load_address>
         <run_address>0x109a7</run_address>
         <size>0x76</size>
         <input_file_ref idref="fl-d"/>
      </object_component>
      <object_component id="oc-423">
         <name>.debug_info</name>
         <load_address>0x10a1d</load_address>
         <run_address>0x10a1d</run_address>
         <size>0x39</size>
         <input_file_ref idref="fl-d"/>
      </object_component>
      <object_component id="oc-3f7">
         <name>.debug_info</name>
         <load_address>0x10a56</load_address>
         <run_address>0x10a56</run_address>
         <size>0x109</size>
         <input_file_ref idref="fl-d"/>
      </object_component>
      <object_component id="oc-310">
         <name>.debug_info</name>
         <load_address>0x10b5f</load_address>
         <run_address>0x10b5f</run_address>
         <size>0x4f</size>
         <input_file_ref idref="fl-d"/>
      </object_component>
      <object_component id="oc-329">
         <name>.debug_info</name>
         <load_address>0x10bae</load_address>
         <run_address>0x10bae</run_address>
         <size>0x524</size>
         <input_file_ref idref="fl-e"/>
      </object_component>
      <object_component id="oc-326">
         <name>.debug_info</name>
         <load_address>0x110d2</load_address>
         <run_address>0x110d2</run_address>
         <size>0x13d</size>
         <input_file_ref idref="fl-e"/>
      </object_component>
      <object_component id="oc-323">
         <name>.debug_info</name>
         <load_address>0x1120f</load_address>
         <run_address>0x1120f</run_address>
         <size>0x13d</size>
         <input_file_ref idref="fl-e"/>
      </object_component>
      <object_component id="oc-320">
         <name>.debug_info</name>
         <load_address>0x1134c</load_address>
         <run_address>0x1134c</run_address>
         <size>0x27d</size>
         <input_file_ref idref="fl-e"/>
      </object_component>
      <object_component id="oc-1bd">
         <name>.debug_info</name>
         <load_address>0x115c9</load_address>
         <run_address>0x115c9</run_address>
         <size>0xdf2</size>
         <input_file_ref idref="fl-e"/>
      </object_component>
      <object_component id="oc-3ee">
         <name>.debug_info</name>
         <load_address>0x123bb</load_address>
         <run_address>0x123bb</run_address>
         <size>0x62</size>
         <input_file_ref idref="fl-e"/>
      </object_component>
      <object_component id="oc-32b">
         <name>.debug_info</name>
         <load_address>0x1241d</load_address>
         <run_address>0x1241d</run_address>
         <size>0x3e2</size>
         <input_file_ref idref="fl-f"/>
      </object_component>
      <object_component id="oc-1c3">
         <name>.debug_info</name>
         <load_address>0x127ff</load_address>
         <run_address>0x127ff</run_address>
         <size>0x7b0</size>
         <input_file_ref idref="fl-f"/>
      </object_component>
      <object_component id="oc-2da">
         <name>.debug_info</name>
         <load_address>0x12faf</load_address>
         <run_address>0x12faf</run_address>
         <size>0x94e</size>
         <input_file_ref idref="fl-10"/>
      </object_component>
      <object_component id="oc-161">
         <name>.debug_info</name>
         <load_address>0x138fd</load_address>
         <run_address>0x138fd</run_address>
         <size>0x46a6</size>
         <input_file_ref idref="fl-10"/>
      </object_component>
      <object_component id="oc-3cd">
         <name>.debug_info</name>
         <load_address>0x17fa3</load_address>
         <run_address>0x17fa3</run_address>
         <size>0x1ef</size>
         <input_file_ref idref="fl-10"/>
      </object_component>
      <object_component id="oc-2d5">
         <name>.debug_info</name>
         <load_address>0x18192</load_address>
         <run_address>0x18192</run_address>
         <size>0x46</size>
         <input_file_ref idref="fl-10"/>
      </object_component>
      <object_component id="oc-12f">
         <name>.debug_info</name>
         <load_address>0x181d8</load_address>
         <run_address>0x181d8</run_address>
         <size>0x2c</size>
         <input_file_ref idref="fl-11"/>
      </object_component>
      <object_component id="oc-1b4">
         <name>.debug_info</name>
         <load_address>0x18204</load_address>
         <run_address>0x18204</run_address>
         <size>0x8fd</size>
         <input_file_ref idref="fl-12"/>
      </object_component>
      <object_component id="oc-d1">
         <name>.debug_info</name>
         <load_address>0x18b01</load_address>
         <run_address>0x18b01</run_address>
         <size>0x399</size>
         <input_file_ref idref="fl-12"/>
      </object_component>
      <object_component id="oc-1c9">
         <name>.debug_info</name>
         <load_address>0x18e9a</load_address>
         <run_address>0x18e9a</run_address>
         <size>0x142</size>
         <input_file_ref idref="fl-12"/>
      </object_component>
      <object_component id="oc-1e1">
         <name>.debug_info</name>
         <load_address>0x18fdc</load_address>
         <run_address>0x18fdc</run_address>
         <size>0x142</size>
         <input_file_ref idref="fl-12"/>
      </object_component>
      <object_component id="oc-1e4">
         <name>.debug_info</name>
         <load_address>0x1911e</load_address>
         <run_address>0x1911e</run_address>
         <size>0x142</size>
         <input_file_ref idref="fl-12"/>
      </object_component>
      <object_component id="oc-1cf">
         <name>.debug_info</name>
         <load_address>0x19260</load_address>
         <run_address>0x19260</run_address>
         <size>0x185</size>
         <input_file_ref idref="fl-12"/>
      </object_component>
      <object_component id="oc-1db">
         <name>.debug_info</name>
         <load_address>0x193e5</load_address>
         <run_address>0x193e5</run_address>
         <size>0x142</size>
         <input_file_ref idref="fl-12"/>
      </object_component>
      <object_component id="oc-1cc">
         <name>.debug_info</name>
         <load_address>0x19527</load_address>
         <run_address>0x19527</run_address>
         <size>0x150</size>
         <input_file_ref idref="fl-12"/>
      </object_component>
      <object_component id="oc-1d2">
         <name>.debug_info</name>
         <load_address>0x19677</load_address>
         <run_address>0x19677</run_address>
         <size>0x144</size>
         <input_file_ref idref="fl-12"/>
      </object_component>
      <object_component id="oc-1de">
         <name>.debug_info</name>
         <load_address>0x197bb</load_address>
         <run_address>0x197bb</run_address>
         <size>0x143</size>
         <input_file_ref idref="fl-12"/>
      </object_component>
      <object_component id="oc-d7">
         <name>.debug_info</name>
         <load_address>0x198fe</load_address>
         <run_address>0x198fe</run_address>
         <size>0x7d4b</size>
         <input_file_ref idref="fl-12"/>
      </object_component>
      <object_component id="oc-1b5">
         <name>.debug_info</name>
         <load_address>0x21649</load_address>
         <run_address>0x21649</run_address>
         <size>0x30c</size>
         <input_file_ref idref="fl-12"/>
      </object_component>
      <object_component id="oc-315">
         <name>.debug_info</name>
         <load_address>0x21955</load_address>
         <run_address>0x21955</run_address>
         <size>0x16e</size>
         <input_file_ref idref="fl-12"/>
      </object_component>
      <object_component id="oc-346">
         <name>.debug_info</name>
         <load_address>0x21ac3</load_address>
         <run_address>0x21ac3</run_address>
         <size>0x883</size>
         <input_file_ref idref="fl-13"/>
      </object_component>
      <object_component id="oc-33b">
         <name>.debug_info</name>
         <load_address>0x22346</load_address>
         <run_address>0x22346</run_address>
         <size>0x142</size>
         <input_file_ref idref="fl-13"/>
      </object_component>
      <object_component id="oc-33e">
         <name>.debug_info</name>
         <load_address>0x22488</load_address>
         <run_address>0x22488</run_address>
         <size>0x142</size>
         <input_file_ref idref="fl-13"/>
      </object_component>
      <object_component id="oc-338">
         <name>.debug_info</name>
         <load_address>0x225ca</load_address>
         <run_address>0x225ca</run_address>
         <size>0x17a</size>
         <input_file_ref idref="fl-13"/>
      </object_component>
      <object_component id="oc-335">
         <name>.debug_info</name>
         <load_address>0x22744</load_address>
         <run_address>0x22744</run_address>
         <size>0x166</size>
         <input_file_ref idref="fl-13"/>
      </object_component>
      <object_component id="oc-1d6">
         <name>.debug_info</name>
         <load_address>0x228aa</load_address>
         <run_address>0x228aa</run_address>
         <size>0x2bae</size>
         <input_file_ref idref="fl-13"/>
      </object_component>
      <object_component id="oc-347">
         <name>.debug_info</name>
         <load_address>0x25458</load_address>
         <run_address>0x25458</run_address>
         <size>0x1ce</size>
         <input_file_ref idref="fl-13"/>
      </object_component>
      <object_component id="oc-341">
         <name>.debug_info</name>
         <load_address>0x25626</load_address>
         <run_address>0x25626</run_address>
         <size>0x46</size>
         <input_file_ref idref="fl-13"/>
      </object_component>
      <object_component id="oc-e1">
         <name>.debug_info</name>
         <load_address>0x2566c</load_address>
         <run_address>0x2566c</run_address>
         <size>0x56c</size>
         <input_file_ref idref="fl-14"/>
      </object_component>
      <object_component id="oc-d4">
         <name>.debug_info</name>
         <load_address>0x25bd8</load_address>
         <run_address>0x25bd8</run_address>
         <size>0x1b7</size>
         <input_file_ref idref="fl-14"/>
      </object_component>
      <object_component id="oc-de">
         <name>.debug_info</name>
         <load_address>0x25d8f</load_address>
         <run_address>0x25d8f</run_address>
         <size>0x292</size>
         <input_file_ref idref="fl-14"/>
      </object_component>
      <object_component id="oc-79">
         <name>.debug_info</name>
         <load_address>0x26021</load_address>
         <run_address>0x26021</run_address>
         <size>0x1083</size>
         <input_file_ref idref="fl-14"/>
      </object_component>
      <object_component id="oc-71">
         <name>.debug_info</name>
         <load_address>0x270a4</load_address>
         <run_address>0x270a4</run_address>
         <size>0x2a4</size>
         <input_file_ref idref="fl-15"/>
      </object_component>
      <object_component id="oc-252">
         <name>.debug_info</name>
         <load_address>0x27348</load_address>
         <run_address>0x27348</run_address>
         <size>0x13a</size>
         <input_file_ref idref="fl-cf"/>
      </object_component>
      <object_component id="oc-257">
         <name>.debug_info</name>
         <load_address>0x27482</load_address>
         <run_address>0x27482</run_address>
         <size>0x13e</size>
         <input_file_ref idref="fl-d0"/>
      </object_component>
      <object_component id="oc-24d">
         <name>.debug_info</name>
         <load_address>0x275c0</load_address>
         <run_address>0x275c0</run_address>
         <size>0x12c</size>
         <input_file_ref idref="fl-d1"/>
      </object_component>
      <object_component id="oc-3c">
         <name>.debug_info</name>
         <load_address>0x276ec</load_address>
         <run_address>0x276ec</run_address>
         <size>0x119</size>
         <input_file_ref idref="fl-d2"/>
      </object_component>
      <object_component id="oc-20f">
         <name>.debug_info</name>
         <load_address>0x27805</load_address>
         <run_address>0x27805</run_address>
         <size>0x142</size>
         <input_file_ref idref="fl-d3"/>
      </object_component>
      <object_component id="oc-ae">
         <name>.debug_info</name>
         <load_address>0x27947</load_address>
         <run_address>0x27947</run_address>
         <size>0x147</size>
         <input_file_ref idref="fl-d4"/>
      </object_component>
      <object_component id="oc-aa">
         <name>.debug_info</name>
         <load_address>0x27a8e</load_address>
         <run_address>0x27a8e</run_address>
         <size>0x2d4</size>
         <input_file_ref idref="fl-d5"/>
      </object_component>
      <object_component id="oc-4d">
         <name>.debug_info</name>
         <load_address>0x27d62</load_address>
         <run_address>0x27d62</run_address>
         <size>0x1b5</size>
         <input_file_ref idref="fl-d5"/>
      </object_component>
      <object_component id="oc-a5">
         <name>.debug_info</name>
         <load_address>0x27f17</load_address>
         <run_address>0x27f17</run_address>
         <size>0x46</size>
         <input_file_ref idref="fl-d5"/>
      </object_component>
      <object_component id="oc-45">
         <name>.debug_info</name>
         <load_address>0x27f5d</load_address>
         <run_address>0x27f5d</run_address>
         <size>0x2a8</size>
         <input_file_ref idref="fl-d6"/>
      </object_component>
      <object_component id="oc-21">
         <name>.debug_info</name>
         <load_address>0x28205</load_address>
         <run_address>0x28205</run_address>
         <size>0x1ea</size>
         <input_file_ref idref="fl-d6"/>
      </object_component>
      <object_component id="oc-40">
         <name>.debug_info</name>
         <load_address>0x283ef</load_address>
         <run_address>0x283ef</run_address>
         <size>0x46</size>
         <input_file_ref idref="fl-d6"/>
      </object_component>
      <object_component id="oc-9d">
         <name>.debug_info</name>
         <load_address>0x28435</load_address>
         <run_address>0x28435</run_address>
         <size>0x2c</size>
         <input_file_ref idref="fl-d6"/>
      </object_component>
      <object_component id="oc-9b">
         <name>.debug_info</name>
         <load_address>0x28461</load_address>
         <run_address>0x28461</run_address>
         <size>0x29e</size>
         <input_file_ref idref="fl-d7"/>
      </object_component>
      <object_component id="oc-19">
         <name>.debug_info</name>
         <load_address>0x286ff</load_address>
         <run_address>0x286ff</run_address>
         <size>0x250</size>
         <input_file_ref idref="fl-d7"/>
      </object_component>
      <object_component id="oc-30">
         <name>.debug_info</name>
         <load_address>0x2894f</load_address>
         <run_address>0x2894f</run_address>
         <size>0x60</size>
         <input_file_ref idref="fl-d7"/>
      </object_component>
      <object_component id="oc-128">
         <name>.debug_info</name>
         <load_address>0x289af</load_address>
         <run_address>0x289af</run_address>
         <size>0x46</size>
         <input_file_ref idref="fl-d7"/>
      </object_component>
      <object_component id="oc-96">
         <name>.debug_info</name>
         <load_address>0x289f5</load_address>
         <run_address>0x289f5</run_address>
         <size>0x39</size>
         <input_file_ref idref="fl-d7"/>
      </object_component>
      <object_component id="oc-92">
         <name>.debug_info</name>
         <load_address>0x28a2e</load_address>
         <run_address>0x28a2e</run_address>
         <size>0x3b2</size>
         <input_file_ref idref="fl-d8"/>
      </object_component>
      <object_component id="oc-2a">
         <name>.debug_info</name>
         <load_address>0x28de0</load_address>
         <run_address>0x28de0</run_address>
         <size>0x10c</size>
         <input_file_ref idref="fl-d8"/>
      </object_component>
      <object_component id="oc-373">
         <name>.debug_info</name>
         <load_address>0x28eec</load_address>
         <run_address>0x28eec</run_address>
         <size>0x13f</size>
         <input_file_ref idref="fl-d8"/>
      </object_component>
      <object_component id="oc-203">
         <name>.debug_info</name>
         <load_address>0x2902b</load_address>
         <run_address>0x2902b</run_address>
         <size>0x168</size>
         <input_file_ref idref="fl-d8"/>
      </object_component>
      <object_component id="oc-238">
         <name>.debug_info</name>
         <load_address>0x29193</load_address>
         <run_address>0x29193</run_address>
         <size>0x18e</size>
         <input_file_ref idref="fl-d8"/>
      </object_component>
      <object_component id="oc-360">
         <name>.debug_info</name>
         <load_address>0x29321</load_address>
         <run_address>0x29321</run_address>
         <size>0x19f</size>
         <input_file_ref idref="fl-d8"/>
      </object_component>
      <object_component id="oc-209">
         <name>.debug_info</name>
         <load_address>0x294c0</load_address>
         <run_address>0x294c0</run_address>
         <size>0x203</size>
         <input_file_ref idref="fl-d8"/>
      </object_component>
      <object_component id="oc-23f">
         <name>.debug_info</name>
         <load_address>0x296c3</load_address>
         <run_address>0x296c3</run_address>
         <size>0x1db</size>
         <input_file_ref idref="fl-d8"/>
      </object_component>
      <object_component id="oc-141">
         <name>.debug_info</name>
         <load_address>0x2989e</load_address>
         <run_address>0x2989e</run_address>
         <size>0x26e</size>
[...]
      </symbol>
      <symbol id="sm-914">
         <name>xTaskGetApplicationTaskTag</name>
         <value>0xec9</value>
         <object_component_ref idref="oc-d6"/>
      </symbol>
      <symbol id="sm-915">
         <name>xTaskCallApplicationTaskHook</name>
         <value>0xf39</value>
         <object_component_ref idref="oc-d6"/>
      </symbol>
      <symbol id="sm-916">
         <name>ulTaskGenericNotifyValueClear</name>
         <value>0x2093</value>
         <object_component_ref idref="oc-d6"/>
      </symbol>
      <symbol id="sm-917">
         <name>xTaskGenericNotifyWait</name>
         <value>0x1b1d</value>
         <object_component_ref idref="oc-d6"/>
      </symbol>
      <symbol id="sm-918">
         <name>pxCurrentTCB</name>
         <value>0x2000880c</value>
         <object_component_ref idref="oc-d0"/>
      </symbol>
      <symbol id="sm-919">
         <name>eTaskGetState</name>
         <value>0x541</value>
         <object_component_ref idref="oc-d6"/>
      </symbol>
      <symbol id="sm-91a">
         <name>vTaskSuspend</name>
         <value>0x7b9</value>
         <object_component_ref idref="oc-d6"/>
      </symbol>
      <symbol id="sm-91b">
         <name>xTaskGetTickCountFromISR</name>
         <value>0xbc3</value>
         <object_component_ref idref="oc-d6"/>
      </symbol>
      <symbol id="sm-91c">
         <name>vTaskResume</name>
         <value>0x91d</value>
         <object_component_ref idref="oc-d6"/>
      </symbol>
      <symbol id="sm-91d">
         <name>uxTopUsedPriority</name>
         <value>0x934c</value>
         <object_component_ref idref="oc-1dd"/>
      </symbol>
      <symbol id="sm-91e">
         <name>vTaskPlaceOnEventListRestricted</name>
         <value>0x10e5</value>
         <object_component_ref idref="oc-d6"/>
      </symbol>
      <symbol id="sm-91f">
         <name>vTaskSetTimeOutState</name>
         <value>0x124b</value>
         <object_component_ref idref="oc-d6"/>
      </symbol>
      <symbol id="sm-920">
         <name>xTaskIncrementTick</name>
         <value>0xd91</value>
         <object_component_ref idref="oc-d6"/>
      </symbol>
      <symbol id="sm-921">
         <name>vTaskSwitchContext</name>
         <value>0xf79</value>
         <object_component_ref idref="oc-d6"/>
      </symbol>
      <symbol id="sm-922">
         <name>uxTaskResetEventItemValue</name>
         <value>0x1a23</value>
         <object_component_ref idref="oc-d6"/>
      </symbol>
      <symbol id="sm-923">
         <name>xTaskGetSchedulerState</name>
         <value>0x174b</value>
         <object_component_ref idref="oc-d6"/>
      </symbol>
      <symbol id="sm-924">
         <name>xTaskGetCurrentTaskHandle</name>
         <value>0x173b</value>
         <object_component_ref idref="oc-d6"/>
      </symbol>
      <symbol id="sm-925">
         <name>vTaskPlaceOnUnorderedEventList</name>
         <value>0x1079</value>
         <object_component_ref idref="oc-d6"/>
      </symbol>
      <symbol id="sm-926">
         <name>xTaskRemoveFromEventList</name>
         <value>0x1125</value>
         <object_component_ref idref="oc-d6"/>
      </symbol>
      <symbol id="sm-927">
         <name>eTaskConfirmSleepModeStatus</name>
         <value>0x13ed</value>
         <object_component_ref idref="oc-d6"/>
      </symbol>
      <symbol id="sm-928">
         <name>xTaskPriorityInherit</name>
         <value>0x1795</value>
         <object_component_ref idref="oc-d6"/>
      </symbol>
      <symbol id="sm-9e5">
         <name>vTimerSetTimerNumber</name>
         <value>0x426f</value>
         <object_component_ref idref="oc-1d4"/>
      </symbol>
      <symbol id="sm-9e6">
         <name>xTimerGetTimerDaemonTaskHandle</name>
         <value>0x3c53</value>
         <object_component_ref idref="oc-1d4"/>
      </symbol>
      <symbol id="sm-9e7">
         <name>pcTimerGetName</name>
         <value>0x3d4b</value>
         <object_component_ref idref="oc-1d4"/>
      </symbol>
      <symbol id="sm-9e8">
         <name>xTimerCreateTimerTask</name>
         <value>0x3af1</value>
         <object_component_ref idref="oc-1d4"/>
      </symbol>
      <symbol id="sm-9e9">
         <name>xTimerGetExpiryTime</name>
         <value>0x3d21</value>
         <object_component_ref idref="oc-1d4"/>
      </symbol>
      <symbol id="sm-9ea">
         <name>uxTimerGetTimerNumber</name>
         <value>0x4261</value>
         <object_component_ref idref="oc-1d4"/>
      </symbol>
      <symbol id="sm-9eb">
         <name>xTimerIsTimerActive</name>
         <value>0x41c9</value>
         <object_component_ref idref="oc-1d4"/>
      </symbol>
      <symbol id="sm-9ec">
         <name>xTimerGetPeriod</name>
         <value>0x3c75</value>
         <object_component_ref idref="oc-1d4"/>
      </symbol>
      <symbol id="sm-9ed">
         <name>xTimerCreate</name>
         <value>0x3b31</value>
         <object_component_ref idref="oc-1d4"/>
      </symbol>
      <symbol id="sm-9ee">
         <name>vTimerSetReloadMode</name>
         <value>0x3c9b</value>
         <object_component_ref idref="oc-1d4"/>
      </symbol>
      <symbol id="sm-9ef">
         <name>xTimerGenericCommand</name>
         <value>0x3bd3</value>
         <object_component_ref idref="oc-1d4"/>
      </symbol>
      <symbol id="sm-9f0">
         <name>uxTimerGetReloadMode</name>
         <value>0x3ce5</value>
         <object_component_ref idref="oc-1d4"/>
      </symbol>
      <symbol id="sm-9f1">
         <name>pvTimerGetTimerID</name>
         <value>0x4205</value>
         <object_component_ref idref="oc-1d4"/>
      </symbol>
      <symbol id="sm-9f2">
         <name>vTimerSetTimerID</name>
         <value>0x4233</value>
         <object_component_ref idref="oc-1d4"/>
      </symbol>
      <symbol id="sm-a5a">
         <name>ulMaxSyscallInterruptPriority</name>
         <value>0x933c</value>
         <object_component_ref idref="oc-d3"/>
      </symbol>
      <symbol id="sm-a5b">
         <name>vPortSetupTimerInterrupt</name>
         <value>0x4ec5</value>
         <object_component_ref idref="oc-75"/>
      </symbol>
      <symbol id="sm-a5c">
         <name>vPortEndScheduler</name>
         <value>0x4cad</value>
         <object_component_ref idref="oc-75"/>
      </symbol>
      <symbol id="sm-a5d">
         <name>vPortSuppressTicksAndSleep</name>
         <value>0x4d6d</value>
         <object_component_ref idref="oc-75"/>
      </symbol>
      <symbol id="sm-a5e">
         <name>xPortSysTickHandler</name>
         <value>0x4d3f</value>
         <object_component_ref idref="oc-75"/>
      </symbol>
      <symbol id="sm-a5f">
         <name>vPortValidateInterruptPriority</name>
         <value>0x4f0d</value>
         <object_component_ref idref="oc-75"/>
      </symbol>
      <symbol id="sm-a60">
         <name>pxPortInitialiseStack</name>
         <value>0x4b69</value>
         <object_component_ref idref="oc-75"/>
      </symbol>
      <symbol id="sm-a61">
         <name>vPortExitCritical</name>
         <value>0x4d13</value>
         <object_component_ref idref="oc-75"/>
      </symbol>
      <symbol id="sm-a62">
         <name>xPortStartScheduler</name>
         <value>0x4bf5</value>
         <object_component_ref idref="oc-75"/>
      </symbol>
      <symbol id="sm-a63">
         <name>vPortEnterCritical</name>
         <value>0x4cd1</value>
         <object_component_ref idref="oc-75"/>
      </symbol>
      <symbol id="sm-a72">
         <name>vPortStartFirstTask</name>
         <value>0x6019</value>
         <object_component_ref idref="oc-70"/>
      </symbol>
      <symbol id="sm-a73">
         <name>ulPortGetIPSR</name>
         <value>0x5f81</value>
         <object_component_ref idref="oc-70"/>
      </symbol>
      <symbol id="sm-a74">
         <name>vPortEnableVFP</name>
         <value>0x603d</value>
         <object_component_ref idref="oc-70"/>
      </symbol>
      <symbol id="sm-a75">
         <name>xPortPendSVHandler</name>
         <value>0x5f99</value>
         <object_component_ref idref="oc-70"/>
      </symbol>
      <symbol id="sm-a76">
         <name>vPortSVCHandler</name>
         <value>0x5ff9</value>
         <object_component_ref idref="oc-70"/>
      </symbol>
      <symbol id="sm-a81">
         <name>__aeabi_dmul</name>
         <value>0x5cad</value>
         <object_component_ref idref="oc-251"/>
      </symbol>
      <symbol id="sm-a8d">
         <name>__aeabi_d2f</name>
         <value>0x61d1</value>
         <object_component_ref idref="oc-256"/>
      </symbol>
      <symbol id="sm-a97">
         <name>__aeabi_i2d</name>
         <value>0x63e1</value>
         <object_component_ref idref="oc-24c"/>
      </symbol>
      <symbol id="sm-ab2">
         <name>memcpy</name>
         <value>0x604b</value>
         <object_component_ref idref="oc-3a"/>
      </symbol>
      <symbol id="sm-ab3">
         <name>__aeabi_memcpy</name>
         <value>0x604b</value>
         <object_component_ref idref="oc-3a"/>
      </symbol>
      <symbol id="sm-ab4">
         <name>__aeabi_memcpy8</name>
         <value>0x604b</value>
         <object_component_ref idref="oc-3a"/>
      </symbol>
      <symbol id="sm-ab5">
         <name>__aeabi_memcpy4</name>
         <value>0x604b</value>
         <object_component_ref idref="oc-3a"/>
      </symbol>
      <symbol id="sm-ac4">
         <name>__aeabi_uidivmod</name>
         <value>0x633d</value>
         <object_component_ref idref="oc-20c"/>
      </symbol>
      <symbol id="sm-ac5">
         <name>__aeabi_uidiv</name>
         <value>0x633d</value>
         <object_component_ref idref="oc-20c"/>
      </symbol>
      <symbol id="sm-ad4">
         <name>__aeabi_memset</name>
         <value>0x60e9</value>
         <object_component_ref idref="oc-ab"/>
      </symbol>
      <symbol id="sm-ad5">
         <name>memset</name>
         <value>0x60ef</value>
         <object_component_ref idref="oc-ab"/>
      </symbol>
      <symbol id="sm-ad6">
         <name>__aeabi_memset8</name>
         <value>0x60e9</value>
         <object_component_ref idref="oc-ab"/>
      </symbol>
      <symbol id="sm-ad7">
         <name>__aeabi_memset4</name>
         <value>0x60e9</value>
         <object_component_ref idref="oc-ab"/>
      </symbol>
      <symbol id="sm-ad8">
         <name>__aeabi_memclr8</name>
         <value>0x60e7</value>
         <object_component_ref idref="oc-ab"/>
      </symbol>
      <symbol id="sm-ad9">
         <name>__aeabi_memclr4</name>
         <value>0x60e7</value>
         <object_component_ref idref="oc-ab"/>
      </symbol>
      <symbol id="sm-ada">
         <name>__aeabi_memclr</name>
         <value>0x60e7</value>
         <object_component_ref idref="oc-ab"/>
      </symbol>
      <symbol id="sm-aec">
         <name>__TI_zero_init</name>
         <value>0x6471</value>
         <object_component_ref idref="oc-4c"/>
      </symbol>
      <symbol id="sm-b03">
         <name>__TI_decompress_none</name>
         <value>0x6455</value>
         <object_component_ref idref="oc-1d"/>
      </symbol>
      <symbol id="sm-b26">
         <name>__TI_decompress_lzss</name>
         <value>0x623f</value>
         <object_component_ref idref="oc-17"/>
      </symbol>
      <symbol id="sm-bc4">
         <name>_sys_memory</name>
         <value>0x20008178</value>
         <object_component_ref idref="oc-29"/>
      </symbol>
      <symbol id="sm-bc5">
         <name>free</name>
         <value>0x5da9</value>
         <object_component_ref idref="oc-206"/>
      </symbol>
      <symbol id="sm-bc6">
         <name>realloc</name>
         <value>0x5e8d</value>
         <object_component_ref idref="oc-13e"/>
      </symbol>
      <symbol id="sm-bc7">
         <name>memalign</name>
         <value>0x5bad</value>
         <object_component_ref idref="oc-356"/>
      </symbol>
      <symbol id="sm-bc8">
         <name>malloc</name>
         <value>0x647d</value>
         <object_component_ref idref="oc-200"/>
      </symbol>
      <symbol id="sm-bc9">
         <name>aligned_alloc</name>
         <value>0x5bad</value>
         <object_component_ref idref="oc-356"/>
      </symbol>
      <symbol id="sm-bdc">
         <name>__stack</name>
         <value>0x2000fe00</value>
         <object_component_ref idref="oc-2c"/>
      </symbol>
      <symbol id="sm-bdd">
         <name>_c_int00_noargs</name>
         <value>0x637d</value>
         <object_component_ref idref="oc-58"/>
      </symbol>
      <symbol id="sm-be7">
         <name>__aeabi_idiv0</name>
         <value>0x5aa3</value>
         <object_component_ref idref="oc-364"/>
      </symbol>
      <symbol id="sm-be8">
         <name>__aeabi_ldiv0</name>
         <value>0x5aa3</value>
         <object_component_ref idref="oc-364"/>
      </symbol>
      <symbol id="sm-c10">
         <name>__TI_auto_init_nobinit_nopinit</name>
         <value>0x62f9</value>
         <object_component_ref idref="oc-17f"/>
      </symbol>
      <symbol id="sm-c1a">
         <name>_system_pre_init</name>
         <value>0x6485</value>
         <object_component_ref idref="oc-b1"/>
      </symbol>
      <symbol id="sm-c26">
         <name>C$$EXIT</name>
         <value>0x6489</value>
         <object_component_ref idref="oc-173"/>
      </symbol>
      <symbol id="sm-c27">
         <name>abort</name>
         <value>0x6489</value>
         <object_component_ref idref="oc-173"/>
      </symbol>
      <symbol id="sm-c3c">
         <name>_nop</name>
         <value>0x54db</value>
         <object_component_ref idref="oc-377"/>
      </symbol>
      <symbol id="sm-c3d">
         <name>_lock</name>
         <value>0x200088e0</value>
         <object_component_ref idref="oc-242"/>
      </symbol>
      <symbol id="sm-c3e">
         <name>_unlock</name>
         <value>0x200088e4</value>
         <object_component_ref idref="oc-242"/>
      </symbol>
      <symbol id="sm-c40">
         <name>__TI_static_base__</name>
         <value>0x0</value>
      </symbol>
      <symbol id="sm-c43">
         <name>__mpu_init</name>
         <value>0x0</value>
      </symbol>
      <symbol id="sm-c44">
         <name>_system_post_cinit</name>
         <value>0x0</value>
      </symbol>
      <symbol id="sm-c45">
         <name>NMI_Handler</name>
         <value>0x646f</value>
      </symbol>
      <symbol id="sm-c46">
         <name>HardFault_Handler</name>
         <value>0x646f</value>
      </symbol>
      <symbol id="sm-c47">
         <name>MemManage_Handler</name>
         <value>0x646f</value>
      </symbol>
      <symbol id="sm-c48">
         <name>BusFault_Handler</name>
         <value>0x646f</value>
      </symbol>
      <symbol id="sm-c49">
         <name>UsageFault_Handler</name>
         <value>0x646f</value>
      </symbol>
      <symbol id="sm-c4a">
         <name>SVC_Handler</name>
         <value>0x646f</value>
      </symbol>
      <symbol id="sm-c4b">
         <name>DebugMon_Handler</name>
         <value>0x646f</value>
      </symbol>
      <symbol id="sm-c4c">
         <name>PendSV_Handler</name>
         <value>0x646f</value>
      </symbol>
      <symbol id="sm-c4d">
         <name>SysTick_Handler</name>
         <value>0x646f</value>
      </symbol>
      <symbol id="sm-c4e">
         <name>PSS_IRQHandler</name>
         <value>0x646f</value>
      </symbol>
      <symbol id="sm-c4f">
         <name>CS_IRQHandler</name>
         <value>0x646f</value>
      </symbol>
      <symbol id="sm-c50">
         <name>PCM_IRQHandler</name>
         <value>0x646f</value>
      </symbol>
      <symbol id="sm-c51">
         <name>WDT_A_IRQHandler</name>
         <value>0x646f</value>
      </symbol>
      <symbol id="sm-c52">
         <name>FPU_IRQHandler</name>
         <value>0x646f</value>
      </symbol>
      <symbol id="sm-c53">
         <name>FLCTL_IRQHandler</name>
         <value>0x646f</value>
      </symbol>
      <symbol id="sm-c54">
         <name>COMP_E0_IRQHandler</name>
         <value>0x646f</value>
      </symbol>
      <symbol id="sm-c55">
         <name>COMP_E1_IRQHandler</name>
         <value>0x646f</value>
      </symbol>
      <symbol id="sm-c56">
         <name>TA0_0_IRQHandler</name>
         <value>0x646f</value>
      </symbol>
      <symbol id="sm-c57">
         <name>TA0_N_IRQHandler</name>
         <value>0x646f</value>
      </symbol>
      <symbol id="sm-c58">
         <name>TA1_0_IRQHandler</name>
         <value>0x646f</value>
      </symbol>
      <symbol id="sm-c59">
         <name>TA1_N_IRQHandler</name>
         <value>0x646f</value>
      </symbol>
      <symbol id="sm-c5a">
         <name>TA2_0_IRQHandler</name>
         <value>0x646f</value>
      </symbol>
      <symbol id="sm-c5b">
         <name>TA2_N_IRQHandler</name>
         <value>0x646f</value>
      </symbol>
      <symbol id="sm-c5c">
         <name>TA3_0_IRQHandler</name>
         <value>0x646f</value>
      </symbol>
      <symbol id="sm-c5d">
         <name>TA3_N_IRQHandler</name>
         <value>0x646f</value>
      </symbol>
      <symbol id="sm-c5e">
         <name>EUSCIA0_IRQHandler</name>
         <value>0x579d</value>
      </symbol>
      <symbol id="sm-c5f">
         <name>EUSCIA1_IRQHandler</name>
         <value>0x646f</value>
      </symbol>
      <symbol id="sm-c60">
         <name>EUSCIA2_IRQHandler</name>
         <value>0x646f</value>
      </symbol>
      <symbol id="sm-c61">
         <name>EUSCIA3_IRQHandler</name>
         <value>0x646f</value>
      </symbol>
      <symbol id="sm-c62">
         <name>EUSCIB0_IRQHandler</name>
         <value>0x646f</value>
      </symbol>
      <symbol id="sm-c63">
         <name>EUSCIB1_IRQHandler</name>
         <value>0x646f</value>
      </symbol>
      <symbol id="sm-c64">
         <name>EUSCIB2_IRQHandler</name>
         <value>0x646f</value>
      </symbol>
      <symbol id="sm-c65">
         <name>EUSCIB3_IRQHandler</name>
         <value>0x646f</value>
      </symbol>
      <symbol id="sm-c66">
         <name>ADC14_IRQHandler</name>
         <value>0x58d1</value>
      </symbol>
      <symbol id="sm-c67">
         <name>T32_INT1_IRQHandler</name>
         <value>0x5b37</value>
      </symbol>
      <symbol id="sm-c68">
         <name>T32_INT2_IRQHandler</name>
         <value>0x5b69</value>
      </symbol>
      <symbol id="sm-c69">
         <name>T32_INTC_IRQHandler</name>
         <value>0x646f</value>
      </symbol>
      <symbol id="sm-c6a">
         <name>AES256_IRQHandler</name>
         <value>0x646f</value>
      </symbol>
      <symbol id="sm-c6b">
         <name>RTC_C_IRQHandler</name>
         <value>0x646f</value>
      </symbol>
      <symbol id="sm-c6c">
         <name>DMA_ERR_IRQHandler</name>
         <value>0x646f</value>
      </symbol>
      <symbol id="sm-c6d">
         <name>DMA_INT3_IRQHandler</name>
         <value>0x646f</value>
      </symbol>
      <symbol id="sm-c6e">
         <name>DMA_INT2_IRQHandler</name>
         <value>0x646f</value>
      </symbol>
      <symbol id="sm-c6f">
         <name>DMA_INT1_IRQHandler</name>
         <value>0x646f</value>
      </symbol>
      <symbol id="sm-c70">
         <name>DMA_INT0_IRQHandler</name>
         <value>0x646f</value>
      </symbol>
      <symbol id="sm-c71">
         <name>PORT1_IRQHandler</name>
         <value>0x646f</value>
      </symbol>
      <symbol id="sm-c72">
         <name>PORT2_IRQHandler</name>
         <value>0x646f</value>
      </symbol>
      <symbol id="sm-c73">
         <name>PORT3_IRQHandler</name>
         <value>0x646f</value>
      </symbol>
      <symbol id="sm-c74">
         <name>PORT4_IRQHandler</name>
         <value>0x646f</value>
      </symbol>
      <symbol id="sm-c75">
         <name>PORT5_IRQHandler</name>
         <value>0x646f</value>
      </symbol>
      <symbol id="sm-c76">
         <name>PORT6_IRQHandler</name>
         <value>0x646f</value>
      </symbol>
   </symbol_table>
   <title>Link successful</title>
</link_info>
