******************************************************************************
                  TI ARM Linker Unix v20.2.5                   
******************************************************************************
>> Linked Thu Apr 28 15:30:21 2022

OUTPUT FILE NAME:   <duckhunt_FreeRtos.out>
ENTRY POINT SYMBOL: "_c_int00_noargs"  address: 0000637d


MEMORY CONFIGURATION

         name            origin    length      used     unused   attr    fill
----------------------  --------  ---------  --------  --------  ----  --------
  MAIN                  00000000   00040000  00009550  00036ab0  R  X
  INFO                  00200000   00004000  00000000  00004000  R  X
  SRAM_CODE             01000000   00010000  00008afd  00007503  RW X
  SRAM_DATA             20000000   00010000  00008afd  00007503  RW  


SEGMENT ALLOCATION MAP

run origin  load origin   length   init length attrs members
----------  ----------- ---------- ----------- ----- -------
00000000    00000000    00009550   00009550    r-x
  00000000    00000000    000000e4   000000e4    r-- .intvecs
  000000e4    000000e4    000063a8   000063a8    r-x .text
  0000648c    0000648c    00002ec4   00002ec4    r-- .const
  00009350    00009350    00000200   00000200    r-- .cinit
20000000    20000000    000088ff   00000000    rw-
  20000000    20000000    00008176   00000000    rw- .bss
  20008178    20008178    00000400   00000000    rw- .sysmem
  20008578    20008578    00000387   00000000    rw- .data
2000fe00    2000fe00    00000200   00000000    rw-
  2000fe00    2000fe00    00000200   00000000    rw- .stack


SECTION ALLOCATION MAP

 output                                  attributes/
section   page    origin      length       input sections
--------  ----  ----------  ----------   ----------------
.intvecs   0    00000000    000000e4     
                  00000000    000000e4     startup_msp432p401r_ccs.obj (.intvecs:retain)

.text      0    000000e4    000063a8     
                  000000e4    000020b4     tasks.obj (.text)
                  00002198    00001110     queue.obj (.text)
                  000032a8    00000848     lcd.obj (.text)
                  00003af0    000007a4     timers.obj (.text)
                  00004294    00000480     main.obj (.text)
                  00004714    00000454     heap_4.obj (.text)
                  00004b68    00000438     port.obj (.text)
                  00004fa0    00000378     system_msp432p401r.obj (.text)
                  00005318    000001c2     circular_buffer.obj (.text)
                  000054da    00000002     rtsv7M4_T_le_v4SPD16_eabi.lib : _lock.c.obj (.text:_nop)
                  000054dc    000001c0     i2c.obj (.text)
                  0000569c    000001ac     serial_debug.obj (.text)
                  00005848    00000130     ps2.obj (.text)
                  00005978    0000012a     list.obj (.text)
                  00005aa2    00000002     rtsv7M4_T_le_v4SPD16_eabi.lib : div0.asm.obj (.text)
                  00005aa4    00000108     timer32.obj (.text)
                  00005bac    00000100     rtsv7M4_T_le_v4SPD16_eabi.lib : memory.c.obj (.text:aligned_alloc)
                  00005cac    000000fc                                   : fd_mul_t2.asm.obj (.text)
                  00005da8    000000e4                                   : memory.c.obj (.text:free)
                  00005e8c    000000e4                                   : memory.c.obj (.text:realloc)
                  00005f70    000000da     portasm.obj (.text)
                  0000604a    0000009c     rtsv7M4_T_le_v4SPD16_eabi.lib : memcpy_t2.asm.obj (.text)
                  000060e6    0000007a                                   : memset_t2.asm.obj (.text)
                  00006160    00000070                                   : memory.c.obj (.text:split)
                  000061d0    0000006e                                   : fd_tos_t2.asm.obj (.text)
                  0000623e    00000068                                   : copy_decompress_lzss.c.obj (.text:decompress:lzss:__TI_decompress_lzss)
                  000062a6    00000002     --HOLE-- [fill = 0]
                  000062a8    00000050     opt3001.obj (.text)
                  000062f8    00000044     rtsv7M4_T_le_v4SPD16_eabi.lib : autoinit.c.obj (.text:__TI_auto_init_nobinit_nopinit:__TI_auto_init_nobinit_nopinit)
                  0000633c    00000040                                   : u_divt2.asm.obj (.text)
                  0000637c    00000034                                   : boot_cortex_m.c.obj (.text:_c_int00_noargs:_c_int00_noargs)
                  000063b0    00000030     main.obj (.text:init)
                  000063e0    0000002e     rtsv7M4_T_le_v4SPD16_eabi.lib : i_tofd_t2.asm.obj (.text)
                  0000640e    00000002     --HOLE-- [fill = 0]
                  00006410    00000028                                   : memory.c.obj (.text:free_list_insert)
                  00006438    0000001c                                   : memory.c.obj (.text:free_list_remove)
                  00006454    0000000e                                   : copy_decompress_none.c.obj (.text:decompress:none:__TI_decompress_none)
                  00006462    0000000e     startup_msp432p401r_ccs.obj (.text)
                  00006470    0000000c     rtsv7M4_T_le_v4SPD16_eabi.lib : copy_zero_init.c.obj (.text:decompress:ZI:__TI_zero_init)
                  0000647c    00000008                                   : memory.c.obj (.text:malloc)
                  00006484    00000004                                   : pre_init.c.obj (.text:_system_pre_init)
                  00006488    00000004                                   : exit.c.obj (.text:abort:abort)

.const     0    0000648c    00002ec4     
                  0000648c    00000671     main.obj (.const:.string:light_background_bm_0x8718)
                  00006afd    00000660     main.obj (.const:.string:medium_background_bm_0x8410)
                  0000715d    0000064f     main.obj (.const:.string:dark_background_bm_0x8)
                  000077ac    00000275     main.obj (.const:.string:dark_background_bm_0x4210)
                  00007a21    00000275     main.obj (.const:.string:medium_background_bm_0x4408)
                  00007c96    0000020f     main.obj (.const:.string:dark_background_bm_0x4310)
                  00007ea5    000001cb     main.obj (.const:.string:dark_background_bm_0x4410)
                  00008070    000001cb     main.obj (.const:.string:medium_background_bm_0x4508)
                  0000823b    000001ba     main.obj (.const:.string:light_background_bm_0x400)
                  000083f5    000001ba     main.obj (.const:.string:light_background_bm_0x4500)
                  000085af    00000180     main.obj (.const:.string:light_background_bm_0x4400)
                  0000872f    00000176     main.obj (.const:.string:light_background_bm_0x4600)
                  000088a5    00000165     main.obj (.const:.string:light_background_bm_0x500)
                  00008a0a    00000110     main.obj (.const:.string:medium_background_bm_0x4308)
                  00008b1a    000000ff     main.obj (.const:.string:light_background_bm_0x200)
                  00008c19    000000ff     main.obj (.const:.string:light_background_bm_0x600)
                  00008d18    000000ee     main.obj (.const:.string:dark_background_bm_0x4110)
                  00008e06    000000d0     main.obj (.const:.string:medium_background_bm_0x4608)
                  00008ed6    000000c0     main.obj (.const:.string:medium_background_bm_0x8508)
                  00008f96    00000077     main.obj (.const:.string:light_background_bm_0x300)
                  0000900d    00000077     main.obj (.const:.string:medium_background_bm_0x8510)
                  00009084    00000066     main.obj (.const:.string:dark_background_bm_0x4208)
                  000090ea    00000066     main.obj (.const:.string:light_background_bm_0x4508)
                  00009150    00000066     main.obj (.const:.string:light_background_bm_0x4610)
                  000091b6    00000066     main.obj (.const:.string:light_background_bm_0x4718)
                  0000921c    00000055     main.obj (.const:.string:dark_background_bm_0x4108)
                  00009271    0000003c     main.obj (.const:.string:light_background_bm_0x4608)
                  000092ad    0000002c     main.obj (.const:.string:light_background_bm_0x4510)
                  000092d9    0000001e     main.obj (.const:.string:crosshair_bm_0x0)
                  000092f7    0000001e     main.obj (.const:.string:crosshair_bm_0xc718)
                  00009315    0000001a     main.obj (.const:.string:light_background_bm_0x4710)
                  0000932f    0000000a     main.obj (.const:.string:light_background_bm_0x4408)
                  00009339    00000001     main.obj (.const:.string:dark_background_bm_0x4308)
                  0000933a    00000001     main.obj (.const:.string:medium_background_bm_0x8608)
                  0000933b    00000001     --HOLE-- [fill = 0]
                  0000933c    00000008     port.obj (.const)
                  00009344    00000006     main.obj (.const:.string:light_background_bm_0x508)
                  0000934a    00000002     --HOLE-- [fill = 0]
                  0000934c    00000004     tasks.obj (.const)

.cinit     0    00009350    00000200     
                  00009350    000001d9     (.cinit..data.load) [load image, compression = lzss]
                  00009529    00000003     --HOLE-- [fill = 0]
                  0000952c    0000000c     (__TI_handler_table)
                  00009538    00000008     (.cinit..bss.load) [load image, compression = zero_init]
                  00009540    00000010     (__TI_cinit_table)

.init_array 
*          0    00000000    00000000     UNINITIALIZED

.binit     0    00000000    00000000     

.bss       0    20000000    00008176     UNINITIALIZED
                  20000000    00008000     heap_4.obj (.bss:ucHeap)
                  20008000    000000c8     tasks.obj (.bss:pxReadyTasksLists)
                  200080c8    00000014     timers.obj (.bss:xActiveTimerList1)
                  200080dc    00000014     timers.obj (.bss:xActiveTimerList2)
                  200080f0    00000014     tasks.obj (.bss:xDelayedTaskList1)
                  20008104    00000014     tasks.obj (.bss:xDelayedTaskList2)
                  20008118    00000014     tasks.obj (.bss:xPendingReadyList)
                  2000812c    00000014     tasks.obj (.bss:xSuspendedTaskList)
                  20008140    00000014     tasks.obj (.bss:xTasksWaitingTermination)
                  20008154    00000008     tasks.obj (.bss)
                  2000815c    00000008     timers.obj (.bss)
                  20008164    00000008     heap_4.obj (.bss:xStart)
                  2000816c    00000004     (.common:Rx_String)
                  20008170    00000004     (.common:Tx_Buffer)
                  20008174    00000001     main.obj (.bss)
                  20008175    00000001     (.common:ALERT_STRING)

.sysmem    0    20008178    00000400     UNINITIALIZED
                  20008178    00000010     rtsv7M4_T_le_v4SPD16_eabi.lib : memory.c.obj (.sysmem)
                  20008188    000003f0     --HOLE--

.data      0    20008578    00000387     UNINITIALIZED
                  20008578    00000154     main.obj (.data:layers_light_background)
                  200086cc    000000a0     main.obj (.data:layers_dark_background)
                  2000876c    000000a0     main.obj (.data:layers_medium_background)
                  2000880c    00000034     tasks.obj (.data)
                  20008840    0000002c     main.obj (.data)
                  2000886c    00000028     main.obj (.data:layers_crosshair)
                  20008894    00000018     heap_4.obj (.data)
                  200088ac    00000018     port.obj (.data)
                  200088c4    0000000e     lcd.obj (.data)
                  200088d2    00000002     serial_debug.obj (.data)
                  200088d4    0000000c     timers.obj (.data)
                  200088e0    00000008     rtsv7M4_T_le_v4SPD16_eabi.lib : _lock.c.obj (.data:$O1$$)
                  200088e8    00000008                                   : memory.c.obj (.data:$O1$$)
                  200088f0    00000008     ps2.obj (.data)
                  200088f8    00000004     system_msp432p401r.obj (.data)
                  200088fc    00000003     timer32.obj (.data)

.stack     0    2000fe00    00000200     UNINITIALIZED
                  2000fe00    00000004     rtsv7M4_T_le_v4SPD16_eabi.lib : boot_cortex_m.c.obj (.stack)
                  2000fe04    000001fc     --HOLE--

__llvm_prf_cnts 
*          0    20000000    00000000     UNINITIALIZED

MODULE SUMMARY

       Module                        code    ro data   rw data
       ------                        ----    -------   -------
    ./
       main.obj                      1200    11957     1490   
       lcd.obj                       2120    0         28     
       system_msp432p401r.obj        888     0         8      
       circular_buffer.obj           450     0         0      
       serial_debug.obj              428     0         22     
       i2c.obj                       448     0         0      
       ps2.obj                       304     0         16     
       timer32.obj                   264     0         6      
       startup_msp432p401r_ccs.obj   14      228       0      
       opt3001.obj                   80      0         0      
    +--+-----------------------------+-------+---------+---------+
       Total:                        6196    12185     1570   
                                                              
    ./FreeRTOS/
       heap_4.obj                    1108    0         65600  
       tasks.obj                     8372    4         720    
       queue.obj                     4368    0         0      
       timers.obj                    1956    0         120    
       list.obj                      298     0         0      
    +--+-----------------------------+-------+---------+---------+
       Total:                        16102   4         66440  
                                                              
    ./FreeRTOS/portable/
       port.obj                      1080    8         48     
       portasm.obj                   218     0         0      
    +--+-----------------------------+-------+---------+---------+
       Total:                        1298    8         48     
                                                              
    /Applications/TI/ccs1110/ccs/tools/compiler/ti-cgt-arm_20.2.5.LTS/lib/rtsv7M4_T_le_v4SPD16_eabi.lib
       memory.c.obj                  900     0         16     
       fd_mul_t2.asm.obj             252     0         0      
       memcpy_t2.asm.obj             156     0         0      
       memset_t2.asm.obj             122     0         0      
       fd_tos_t2.asm.obj             110     0         0      
       copy_decompress_lzss.c.obj    104     0         0      
       autoinit.c.obj                68      0         0      
       u_divt2.asm.obj               64      0         0      
       boot_cortex_m.c.obj           52      0         0      
       i_tofd_t2.asm.obj             46      0         0      
       _lock.c.obj                   2       0         16     
       copy_decompress_none.c.obj    14      0         0      
       copy_zero_init.c.obj          12      0         0      
       exit.c.obj                    4       0         0      
       pre_init.c.obj                4       0         0      
       div0.asm.obj                  2       0         0      
    +--+-----------------------------+-------+---------+---------+
       Total:                        1912    0         32     
                                                              
       Heap:                         0       0         2048   
       Stack:                        0       0         1024   
       Linker Generated:             0       509       0      
    +--+-----------------------------+-------+---------+---------+
       Grand Total:                  25508   12706     71162  


LINKER GENERATED COPY TABLES

__TI_cinit_table @ 00009540 records: 2, size/record: 8, table size: 16
	.data: load addr=00009350, load size=000001d9 bytes, run addr=20008578, run size=00000387 bytes, compression=lzss
	.bss: load addr=00009538, load size=00000008 bytes, run addr=20000000, run size=00008176 bytes, compression=zero_init


LINKER GENERATED HANDLER TABLE

__TI_handler_table @ 0000952c records: 3, size/record: 4, table size: 12
	index: 0, handler: __TI_decompress_lzss
	index: 1, handler: __TI_decompress_none
	index: 2, handler: __TI_zero_init


GLOBAL SYMBOLS: SORTED ALPHABETICALLY BY Name 

address   name                               
-------   ----                               
000058d1  ADC14_IRQHandler                   
000058d1  ADC14_IRQHandler                   
0000646f  AES256_IRQHandler                  
20008175  ALERT_STRING                       
0000646f  BusFault_Handler                   
00006489  C$$EXIT                            
0000646f  COMP_E0_IRQHandler                 
0000646f  COMP_E1_IRQHandler                 
0000646f  CS_IRQHandler                      
000033f1  Crystalfontz128x128_Init           
00003381  Crystalfontz128x128_SetDrawFrame   
0000646f  DMA_ERR_IRQHandler                 
0000646f  DMA_INT0_IRQHandler                
0000646f  DMA_INT1_IRQHandler                
0000646f  DMA_INT2_IRQHandler                
0000646f  DMA_INT3_IRQHandler                
0000646f  DebugMon_Handler                   
0000646f  Default_Handler                    
0000579d  EUSCIA0_IRQHandler                 
0000579d  EUSCIA0_IRQHandler                 
0000646f  EUSCIA1_IRQHandler                 
0000646f  EUSCIA2_IRQHandler                 
0000646f  EUSCIA3_IRQHandler                 
0000646f  EUSCIB0_IRQHandler                 
0000646f  EUSCIB1_IRQHandler                 
0000646f  EUSCIB2_IRQHandler                 
0000646f  EUSCIB3_IRQHandler                 
0000646f  FLCTL_IRQHandler                   
0000646f  FPU_IRQHandler                     
000032a9  HAL_LCD_PortInit                   
000032f1  HAL_LCD_SpiInit                    
00003325  HAL_LCD_writeCommand               
0000335d  HAL_LCD_writeData                  
0000646f  HardFault_Handler                  
00005ad1  MKII_S2                            
0000646f  MemManage_Handler                  
200088fd  NEW_FRAME                          
0000646f  NMI_Handler                        
0000646f  PCM_IRQHandler                     
0000646f  PORT1_IRQHandler                   
0000646f  PORT2_IRQHandler                   
0000646f  PORT3_IRQHandler                   
0000646f  PORT4_IRQHandler                   
0000646f  PORT5_IRQHandler                   
0000646f  PORT6_IRQHandler                   
200088f0  PS2_X_VAL                          
200088f4  PS2_Y_VAL                          
0000646f  PSS_IRQHandler                     
0000646f  PendSV_Handler                     
0000646f  RTC_C_IRQHandler                   
00006463  Reset_Handler                      
200088d2  Rx_Char_Count                      
2000816c  Rx_String                          
200088fc  S2_P                               
0000646f  SVC_Handler                        
20008864  Sem_LCD                            
0000646f  SysTick_Handler                    
200088f8  SystemCoreClock                    
00004fa1  SystemCoreClockUpdate              
00005219  SystemInit                         
00005b37  T32_INT1_IRQHandler                
00005b37  T32_INT1_IRQHandler                
00005b69  T32_INT2_IRQHandler                
00005b69  T32_INT2_IRQHandler                
0000646f  T32_INTC_IRQHandler                
0000646f  TA0_0_IRQHandler                   
0000646f  TA0_N_IRQHandler                   
0000646f  TA1_0_IRQHandler                   
0000646f  TA1_N_IRQHandler                   
0000646f  TA2_0_IRQHandler                   
0000646f  TA2_N_IRQHandler                   
0000646f  TA3_0_IRQHandler                   
0000646f  TA3_N_IRQHandler                   
20008858  TaskH_joystick                     
2000885c  TaskH_newFrame                     
20008860  TaskH_s2                           
000045bd  Task_joystick                      
000044f7  Task_newFrame                      
000044bd  Task_s2                            
20008170  Tx_Buffer                          
0000646f  UsageFault_Handler                 
4000480c  WDTCTL_SYM                         
0000646f  WDT_A_IRQHandler                   
20010000  __STACK_END                        
00000200  __STACK_SIZE                       
00000400  __SYSMEM_SIZE                      
00009540  __TI_CINIT_Base                    
00009550  __TI_CINIT_Limit                   
0000952c  __TI_Handler_Table_Base            
00009538  __TI_Handler_Table_Limit           
000062f9  __TI_auto_init_nobinit_nopinit     
0000623f  __TI_decompress_lzss               
00006455  __TI_decompress_none               
ffffffff  __TI_pprof_out_hndl                
ffffffff  __TI_prof_data_size                
ffffffff  __TI_prof_data_start               
00000000  __TI_static_base__                 
00006471  __TI_zero_init                     
000061d1  __aeabi_d2f                        
00005cad  __aeabi_dmul                       
000063e1  __aeabi_i2d                        
00005aa3  __aeabi_idiv0                      
00005aa3  __aeabi_ldiv0                      
000060e7  __aeabi_memclr                     
000060e7  __aeabi_memclr4                    
000060e7  __aeabi_memclr8                    
0000604b  __aeabi_memcpy                     
0000604b  __aeabi_memcpy4                    
0000604b  __aeabi_memcpy8                    
000060e9  __aeabi_memset                     
000060e9  __aeabi_memset4                    
000060e9  __aeabi_memset8                    
0000633d  __aeabi_uidiv                      
0000633d  __aeabi_uidivmod                   
ffffffff  __binit__                          
ffffffff  __c_args__                         
UNDEFED   __mpu_init                         
2000fe00  __stack                            
20000000  __start___llvm_prf_cnts            
20000000  __stop___llvm_prf_cnts             
0000637d  _c_int00_noargs                    
200088e0  _lock                              
000054db  _nop                               
20008178  _sys_memory                        
UNDEFED   _system_post_cinit                 
00006485  _system_pre_init                   
200088e4  _unlock                            
00006489  abort                              
00005875  adc14_init                         
00005bad  aligned_alloc                      
ffffffff  binit                              
0000535f  circular_buffer_add                
0000534b  circular_buffer_delete             
000053db  circular_buffer_empty              
000053f7  circular_buffer_full               
00005319  circular_buffer_init               
00005399  circular_buffer_remove             
00005425  circular_buffer_test_0             
000092d9  crosshair_bm_0x0                   
000092f7  crosshair_bm_0xc718                
0000921c  dark_background_bm_0x4108          
00008d18  dark_background_bm_0x4110          
00009084  dark_background_bm_0x4208          
000077ac  dark_background_bm_0x4210          
00009339  dark_background_bm_0x4308          
00007c96  dark_background_bm_0x4310          
00007ea5  dark_background_bm_0x4410          
0000715d  dark_background_bm_0x8             
00003641  draw                               
000042e9  draw_crosshair                     
000042cd  draw_dark_background               
00004295  draw_light_background              
000042b1  draw_medium_background             
00003513  draw_moving_layers                 
000013ed  eTaskConfirmSleepModeStatus        
00000541  eTaskGetState                      
20008842  first_col_fg                       
20008840  first_row_fg                       
0000576d  fputc                              
00005da9  free                               
0000556b  i2c_init                           
00005607  i2c_read_16                        
000055ab  i2c_write_16                       
000063b1  init                               
00000000  interruptVectors                   
20008846  last_col_fg                        
20008844  last_row_fg                        
2000886c  layers_crosshair                   
200086cc  layers_dark_background             
20008578  layers_light_background            
2000876c  layers_medium_background           
00008b1a  light_background_bm_0x200          
00008f96  light_background_bm_0x300          
0000823b  light_background_bm_0x400          
000085af  light_background_bm_0x4400         
0000932f  light_background_bm_0x4408         
000083f5  light_background_bm_0x4500         
000090ea  light_background_bm_0x4508         
000092ad  light_background_bm_0x4510         
0000872f  light_background_bm_0x4600         
00009271  light_background_bm_0x4608         
00009150  light_background_bm_0x4610         
00009315  light_background_bm_0x4710         
000091b6  light_background_bm_0x4718         
000088a5  light_background_bm_0x500          
00009344  light_background_bm_0x508          
00008c19  light_background_bm_0x600          
0000648c  light_background_bm_0x8718         
00004619  main                               
0000647d  malloc                             
00008a0a  medium_background_bm_0x4308        
00007a21  medium_background_bm_0x4408        
00008070  medium_background_bm_0x4508        
00008e06  medium_background_bm_0x4608        
00006afd  medium_background_bm_0x8410        
00008ed6  medium_background_bm_0x8508        
0000900d  medium_background_bm_0x8510        
0000933a  medium_background_bm_0x8608        
00005bad  memalign                           
0000604b  memcpy                             
000060ef  memset                             
20008850  moving_layers                      
20008854  num_moving_layers                  
000062a9  opt3001_init                       
000062b9  opt3001_read_lux                   
00000bdd  pcTaskGetName                      
00003d4b  pcTimerGetName                     
2000884a  pfirst_col_fg                      
20008848  pfirst_row_fg                      
2000884e  plast_col_fg                       
2000884c  plast_row_fg                       
00004715  pvPortMalloc                       
00001491  pvTaskGetThreadLocalStoragePointer 
00001a45  pvTaskIncrementMutexHeldCount      
00004205  pvTimerGetTimerID                  
2000880c  pxCurrentTCB                       
00004b69  pxPortInitialiseStack              
00005e8d  realloc                            
0000575b  serial_debug_init                  
00005731  serial_debug_put_string            
00005ae5  t32_init                           
00002fbf  ucQueueGetQueueType                
0000933c  ulMaxSyscallInterruptPriority      
00005f81  ulPortGetIPSR                      
00001a65  ulTaskGenericNotifyTake            
00002093  ulTaskGenericNotifyValueClear      
00005a5b  uxListRemove                       
00002f9f  uxQueueGetQueueNumber              
00002eed  uxQueueMessagesWaiting             
00002f51  uxQueueMessagesWaitingFromISR      
00002f1d  uxQueueSpacesAvailable             
00000bd7  uxTaskGetNumberOfTasks             
00000c29  uxTaskGetSystemState               
00001351  uxTaskGetTaskNumber                
00000619  uxTaskPriorityGet                  
00000641  uxTaskPriorityGetFromISR           
00001a23  uxTaskResetEventItemValue          
00003ce5  uxTimerGetReloadMode               
00004261  uxTimerGetTimerNumber              
0000934c  uxTopUsedPriority                  
0000468b  vApplicationMallocFailedHook       
0000468d  vApplicationStackOverflowHook      
00005979  vListInitialise                    
000059a9  vListInitialiseItem                
000059f5  vListInsert                        
000059b9  vListInsertEnd                     
0000603d  vPortEnableVFP                     
00004cad  vPortEndScheduler                  
00004cd1  vPortEnterCritical                 
00004d13  vPortExitCritical                  
000048a7  vPortFree                          
00004aa9  vPortGetHeapStats                  
0000494d  vPortInitialiseBlocks              
00005ff9  vPortSVCHandler                    
00004ec5  vPortSetupTimerInterrupt           
00006019  vPortStartFirstTask                
00004d6d  vPortSuppressTicksAndSleep         
00004f0d  vPortValidateInterruptPriority     
00002f7b  vQueueDelete                       
00002fad  vQueueSetQueueNumber               
0000324d  vQueueWaitForMessageRestricted     
000004d9  vTaskDelay                         
00000323  vTaskDelete                        
00000a2f  vTaskEndScheduler                  
00001f25  vTaskGenericNotifyGiveFromISR      
00001565  vTaskGetInfo                       
0000127d  vTaskInternalSetTimeOutState       
00001349  vTaskMissedYield                   
00001043  vTaskPlaceOnEventList              
000010e5  vTaskPlaceOnEventListRestricted    
00001079  vTaskPlaceOnUnorderedEventList     
00001929  vTaskPriorityDisinheritAfterTimeout
00000685  vTaskPrioritySet                   
000011b5  vTaskRemoveFromUnorderedEventList  
0000091d  vTaskResume                        
00000ea3  vTaskSetApplicationTaskTag         
00001371  vTaskSetTaskNumber                 
00001449  vTaskSetThreadLocalStoragePointer  
0000124b  vTaskSetTimeOutState               
000009b5  vTaskStartScheduler                
00000d05  vTaskStepTick                      
000007b9  vTaskSuspend                       
00000a4b  vTaskSuspendAll                    
00000f79  vTaskSwitchContext                 
00003c9b  vTimerSetReloadMode                
00004233  vTimerSetTimerID                   
0000426f  vTimerSetTimerNumber               
00004941  xPortGetFreeHeapSize               
00004947  xPortGetMinimumEverFreeHeapSize    
00005f99  xPortPendSVHandler                 
00004bf5  xPortStartScheduler                
00004d3f  xPortSysTickHandler                
00002437  xQueueCreateCountingSemaphore      
00002363  xQueueCreateMutex                  
0000224d  xQueueGenericCreate                
00002199  xQueueGenericReset                 
00002495  xQueueGenericSend                  
00002649  xQueueGenericSendFromISR           
00002775  xQueueGiveFromISR                  
0000238f  xQueueGiveMutexRecursive           
000031b9  xQueueIsQueueEmptyFromISR          
00003213  xQueueIsQueueFullFromISR           
00002bcd  xQueuePeek                         
00002e41  xQueuePeekFromISR                  
00002883  xQueueReceive                      
00002d4b  xQueueReceiveFromISR               
000029fb  xQueueSemaphoreTake                
000023df  xQueueTakeMutexRecursive           
00000f39  xTaskCallApplicationTaskHook       
00000d3f  xTaskCatchUpTicks                  
00001297  xTaskCheckForTimeOut               
000000e5  xTaskCreate                        
000003f7  xTaskDelayUntil                    
00001c01  xTaskGenericNotify                 
00001d77  xTaskGenericNotifyFromISR          
0000202f  xTaskGenericNotifyStateClear       
00001b1d  xTaskGenericNotifyWait             
00000ec9  xTaskGetApplicationTaskTag         
00000ef1  xTaskGetApplicationTaskTagFromISR  
0000173b  xTaskGetCurrentTaskHandle          
0000174b  xTaskGetSchedulerState             
00000bb3  xTaskGetTickCount                  
00000bc3  xTaskGetTickCountFromISR           
00000d91  xTaskIncrementTick                 
0000185d  xTaskPriorityDisinherit            
00001795  xTaskPriorityInherit               
00001125  xTaskRemoveFromEventList           
00000ab1  xTaskResumeAll                     
00003b31  xTimerCreate                       
00003af1  xTimerCreateTimerTask              
00003bd3  xTimerGenericCommand               
00003d21  xTimerGetExpiryTime                
00003c75  xTimerGetPeriod                    
00003c53  xTimerGetTimerDaemonTaskHandle     
000041c9  xTimerIsTimerActive                


GLOBAL SYMBOLS: SORTED BY Symbol Address 

address   name                               
-------   ----                               
00000000  __TI_static_base__                 
00000000  interruptVectors                   
000000e5  xTaskCreate                        
00000200  __STACK_SIZE                       
00000323  vTaskDelete                        
000003f7  xTaskDelayUntil                    
00000400  __SYSMEM_SIZE                      
000004d9  vTaskDelay                         
00000541  eTaskGetState                      
00000619  uxTaskPriorityGet                  
00000641  uxTaskPriorityGetFromISR           
00000685  vTaskPrioritySet                   
000007b9  vTaskSuspend                       
0000091d  vTaskResume                        
000009b5  vTaskStartScheduler                
00000a2f  vTaskEndScheduler                  
00000a4b  vTaskSuspendAll                    
00000ab1  xTaskResumeAll                     
00000bb3  xTaskGetTickCount                  
00000bc3  xTaskGetTickCountFromISR           
00000bd7  uxTaskGetNumberOfTasks             
00000bdd  pcTaskGetName                      
00000c29  uxTaskGetSystemState               
00000d05  vTaskStepTick                      
00000d3f  xTaskCatchUpTicks                  
00000d91  xTaskIncrementTick                 
00000ea3  vTaskSetApplicationTaskTag         
00000ec9  xTaskGetApplicationTaskTag         
00000ef1  xTaskGetApplicationTaskTagFromISR  
00000f39  xTaskCallApplicationTaskHook       
00000f79  vTaskSwitchContext                 
00001043  vTaskPlaceOnEventList              
00001079  vTaskPlaceOnUnorderedEventList     
000010e5  vTaskPlaceOnEventListRestricted    
00001125  xTaskRemoveFromEventList           
000011b5  vTaskRemoveFromUnorderedEventList  
0000124b  vTaskSetTimeOutState               
0000127d  vTaskInternalSetTimeOutState       
00001297  xTaskCheckForTimeOut               
00001349  vTaskMissedYield                   
00001351  uxTaskGetTaskNumber                
00001371  vTaskSetTaskNumber                 
000013ed  eTaskConfirmSleepModeStatus        
00001449  vTaskSetThreadLocalStoragePointer  
00001491  pvTaskGetThreadLocalStoragePointer 
00001565  vTaskGetInfo                       
0000173b  xTaskGetCurrentTaskHandle          
0000174b  xTaskGetSchedulerState             
00001795  xTaskPriorityInherit               
0000185d  xTaskPriorityDisinherit            
00001929  vTaskPriorityDisinheritAfterTimeout
00001a23  uxTaskResetEventItemValue          
00001a45  pvTaskIncrementMutexHeldCount      
00001a65  ulTaskGenericNotifyTake            
00001b1d  xTaskGenericNotifyWait             
00001c01  xTaskGenericNotify                 
00001d77  xTaskGenericNotifyFromISR          
00001f25  vTaskGenericNotifyGiveFromISR      
0000202f  xTaskGenericNotifyStateClear       
00002093  ulTaskGenericNotifyValueClear      
00002199  xQueueGenericReset                 
0000224d  xQueueGenericCreate                
00002363  xQueueCreateMutex                  
0000238f  xQueueGiveMutexRecursive           
000023df  xQueueTakeMutexRecursive           
00002437  xQueueCreateCountingSemaphore      
00002495  xQueueGenericSend                  
00002649  xQueueGenericSendFromISR           
00002775  xQueueGiveFromISR                  
00002883  xQueueReceive                      
000029fb  xQueueSemaphoreTake                
00002bcd  xQueuePeek                         
00002d4b  xQueueReceiveFromISR               
00002e41  xQueuePeekFromISR                  
00002eed  uxQueueMessagesWaiting             
00002f1d  uxQueueSpacesAvailable             
00002f51  uxQueueMessagesWaitingFromISR      
00002f7b  vQueueDelete                       
00002f9f  uxQueueGetQueueNumber              
00002fad  vQueueSetQueueNumber               
00002fbf  ucQueueGetQueueType                
000031b9  xQueueIsQueueEmptyFromISR          
00003213  xQueueIsQueueFullFromISR           
0000324d  vQueueWaitForMessageRestricted     
000032a9  HAL_LCD_PortInit                   
000032f1  HAL_LCD_SpiInit                    
00003325  HAL_LCD_writeCommand               
0000335d  HAL_LCD_writeData                  
00003381  Crystalfontz128x128_SetDrawFrame   
000033f1  Crystalfontz128x128_Init           
00003513  draw_moving_layers                 
00003641  draw                               
00003af1  xTimerCreateTimerTask              
00003b31  xTimerCreate                       
00003bd3  xTimerGenericCommand               
00003c53  xTimerGetTimerDaemonTaskHandle     
00003c75  xTimerGetPeriod                    
00003c9b  vTimerSetReloadMode                
00003ce5  uxTimerGetReloadMode               
00003d21  xTimerGetExpiryTime                
00003d4b  pcTimerGetName                     
000041c9  xTimerIsTimerActive                
00004205  pvTimerGetTimerID                  
00004233  vTimerSetTimerID                   
00004261  uxTimerGetTimerNumber              
0000426f  vTimerSetTimerNumber               
00004295  draw_light_background              
000042b1  draw_medium_background             
000042cd  draw_dark_background               
000042e9  draw_crosshair                     
000044bd  Task_s2                            
000044f7  Task_newFrame                      
000045bd  Task_joystick                      
00004619  main                               
0000468b  vApplicationMallocFailedHook       
0000468d  vApplicationStackOverflowHook      
00004715  pvPortMalloc                       
000048a7  vPortFree                          
00004941  xPortGetFreeHeapSize               
00004947  xPortGetMinimumEverFreeHeapSize    
0000494d  vPortInitialiseBlocks              
00004aa9  vPortGetHeapStats                  
00004b69  pxPortInitialiseStack              
00004bf5  xPortStartScheduler                
00004cad  vPortEndScheduler                  
00004cd1  vPortEnterCritical                 
00004d13  vPortExitCritical                  
00004d3f  xPortSysTickHandler                
00004d6d  vPortSuppressTicksAndSleep         
00004ec5  vPortSetupTimerInterrupt           
00004f0d  vPortValidateInterruptPriority     
00004fa1  SystemCoreClockUpdate              
00005219  SystemInit                         
00005319  circular_buffer_init               
0000534b  circular_buffer_delete             
0000535f  circular_buffer_add                
00005399  circular_buffer_remove             
000053db  circular_buffer_empty              
000053f7  circular_buffer_full               
00005425  circular_buffer_test_0             
000054db  _nop                               
0000556b  i2c_init                           
000055ab  i2c_write_16                       
00005607  i2c_read_16                        
00005731  serial_debug_put_string            
0000575b  serial_debug_init                  
0000576d  fputc                              
0000579d  EUSCIA0_IRQHandler                 
0000579d  EUSCIA0_IRQHandler                 
00005875  adc14_init                         
000058d1  ADC14_IRQHandler                   
000058d1  ADC14_IRQHandler                   
00005979  vListInitialise                    
000059a9  vListInitialiseItem                
000059b9  vListInsertEnd                     
000059f5  vListInsert                        
00005a5b  uxListRemove                       
00005aa3  __aeabi_idiv0                      
00005aa3  __aeabi_ldiv0                      
00005ad1  MKII_S2                            
00005ae5  t32_init                           
00005b37  T32_INT1_IRQHandler                
00005b37  T32_INT1_IRQHandler                
00005b69  T32_INT2_IRQHandler                
00005b69  T32_INT2_IRQHandler                
00005bad  aligned_alloc                      
00005bad  memalign                           
00005cad  __aeabi_dmul                       
00005da9  free                               
00005e8d  realloc                            
00005f81  ulPortGetIPSR                      
00005f99  xPortPendSVHandler                 
00005ff9  vPortSVCHandler                    
00006019  vPortStartFirstTask                
0000603d  vPortEnableVFP                     
0000604b  __aeabi_memcpy                     
0000604b  __aeabi_memcpy4                    
0000604b  __aeabi_memcpy8                    
0000604b  memcpy                             
000060e7  __aeabi_memclr                     
000060e7  __aeabi_memclr4                    
000060e7  __aeabi_memclr8                    
000060e9  __aeabi_memset                     
000060e9  __aeabi_memset4                    
000060e9  __aeabi_memset8                    
000060ef  memset                             
000061d1  __aeabi_d2f                        
0000623f  __TI_decompress_lzss               
000062a9  opt3001_init                       
000062b9  opt3001_read_lux                   
000062f9  __TI_auto_init_nobinit_nopinit     
0000633d  __aeabi_uidiv                      
0000633d  __aeabi_uidivmod                   
0000637d  _c_int00_noargs                    
000063b1  init                               
000063e1  __aeabi_i2d                        
00006455  __TI_decompress_none               
00006463  Reset_Handler                      
0000646f  AES256_IRQHandler                  
0000646f  BusFault_Handler                   
0000646f  COMP_E0_IRQHandler                 
0000646f  COMP_E1_IRQHandler                 
0000646f  CS_IRQHandler                      
0000646f  DMA_ERR_IRQHandler                 
0000646f  DMA_INT0_IRQHandler                
0000646f  DMA_INT1_IRQHandler                
0000646f  DMA_INT2_IRQHandler                
0000646f  DMA_INT3_IRQHandler                
0000646f  DebugMon_Handler                   
0000646f  Default_Handler                    
0000646f  EUSCIA1_IRQHandler                 
0000646f  EUSCIA2_IRQHandler                 
0000646f  EUSCIA3_IRQHandler                 
0000646f  EUSCIB0_IRQHandler                 
0000646f  EUSCIB1_IRQHandler                 
0000646f  EUSCIB2_IRQHandler                 
0000646f  EUSCIB3_IRQHandler                 
0000646f  FLCTL_IRQHandler                   
0000646f  FPU_IRQHandler                     
0000646f  HardFault_Handler                  
0000646f  MemManage_Handler                  
0000646f  NMI_Handler                        
0000646f  PCM_IRQHandler                     
0000646f  PORT1_IRQHandler                   
0000646f  PORT2_IRQHandler                   
0000646f  PORT3_IRQHandler                   
0000646f  PORT4_IRQHandler                   
0000646f  PORT5_IRQHandler                   
0000646f  PORT6_IRQHandler                   
0000646f  PSS_IRQHandler                     
0000646f  PendSV_Handler                     
0000646f  RTC_C_IRQHandler                   
0000646f  SVC_Handler                        
0000646f  SysTick_Handler                    
0000646f  T32_INTC_IRQHandler                
0000646f  TA0_0_IRQHandler                   
0000646f  TA0_N_IRQHandler                   
0000646f  TA1_0_IRQHandler                   
0000646f  TA1_N_IRQHandler                   
0000646f  TA2_0_IRQHandler                   
0000646f  TA2_N_IRQHandler                   
0000646f  TA3_0_IRQHandler                   
0000646f  TA3_N_IRQHandler                   
0000646f  UsageFault_Handler                 
0000646f  WDT_A_IRQHandler                   
00006471  __TI_zero_init                     
0000647d  malloc                             
00006485  _system_pre_init                   
00006489  C$$EXIT                            
00006489  abort                              
0000648c  light_background_bm_0x8718         
00006afd  medium_background_bm_0x8410        
0000715d  dark_background_bm_0x8             
000077ac  dark_background_bm_0x4210          
00007a21  medium_background_bm_0x4408        
00007c96  dark_background_bm_0x4310          
00007ea5  dark_background_bm_0x4410          
00008070  medium_background_bm_0x4508        
0000823b  light_background_bm_0x400          
000083f5  light_background_bm_0x4500         
000085af  light_background_bm_0x4400         
0000872f  light_background_bm_0x4600         
000088a5  light_background_bm_0x500          
00008a0a  medium_background_bm_0x4308        
00008b1a  light_background_bm_0x200          
00008c19  light_background_bm_0x600          
00008d18  dark_background_bm_0x4110          
00008e06  medium_background_bm_0x4608        
00008ed6  medium_background_bm_0x8508        
00008f96  light_background_bm_0x300          
0000900d  medium_background_bm_0x8510        
00009084  dark_background_bm_0x4208          
000090ea  light_background_bm_0x4508         
00009150  light_background_bm_0x4610         
000091b6  light_background_bm_0x4718         
0000921c  dark_background_bm_0x4108          
00009271  light_background_bm_0x4608         
000092ad  light_background_bm_0x4510         
000092d9  crosshair_bm_0x0                   
000092f7  crosshair_bm_0xc718                
00009315  light_background_bm_0x4710         
0000932f  light_background_bm_0x4408         
00009339  dark_background_bm_0x4308          
0000933a  medium_background_bm_0x8608        
0000933c  ulMaxSyscallInterruptPriority      
00009344  light_background_bm_0x508          
0000934c  uxTopUsedPriority                  
0000952c  __TI_Handler_Table_Base            
00009538  __TI_Handler_Table_Limit           
00009540  __TI_CINIT_Base                    
00009550  __TI_CINIT_Limit                   
20000000  __start___llvm_prf_cnts            
20000000  __stop___llvm_prf_cnts             
2000816c  Rx_String                          
20008170  Tx_Buffer                          
20008175  ALERT_STRING                       
20008178  _sys_memory                        
20008578  layers_light_background            
200086cc  layers_dark_background             
2000876c  layers_medium_background           
2000880c  pxCurrentTCB                       
20008840  first_row_fg                       
20008842  first_col_fg                       
20008844  last_row_fg                        
20008846  last_col_fg                        
20008848  pfirst_row_fg                      
2000884a  pfirst_col_fg                      
2000884c  plast_row_fg                       
2000884e  plast_col_fg                       
20008850  moving_layers                      
20008854  num_moving_layers                  
20008858  TaskH_joystick                     
2000885c  TaskH_newFrame                     
20008860  TaskH_s2                           
20008864  Sem_LCD                            
2000886c  layers_crosshair                   
200088d2  Rx_Char_Count                      
200088e0  _lock                              
200088e4  _unlock                            
200088f0  PS2_X_VAL                          
200088f4  PS2_Y_VAL                          
200088f8  SystemCoreClock                    
200088fc  S2_P                               
200088fd  NEW_FRAME                          
2000fe00  __stack                            
20010000  __STACK_END                        
4000480c  WDTCTL_SYM                         
ffffffff  __TI_pprof_out_hndl                
ffffffff  __TI_prof_data_size                
ffffffff  __TI_prof_data_start               
ffffffff  __binit__                          
ffffffff  __c_args__                         
ffffffff  binit                              
UNDEFED   __mpu_init                         
UNDEFED   _system_post_cinit                 

[335 symbols]
