******************************************************************************
                  TI ARM Linker Unix v20.2.5                   
******************************************************************************
>> Linked Fri Apr 29 00:56:20 2022

OUTPUT FILE NAME:   <duckhunt_FreeRtos.out>
ENTRY POINT SYMBOL: "_c_int00_noargs"  address: 000083e9


MEMORY CONFIGURATION

         name            origin    length      used     unused   attr    fill
----------------------  --------  ---------  --------  --------  ----  --------
  MAIN                  00000000   00040000  0000b890  00034770  R  X
  INFO                  00200000   00004000  00000000  00004000  R  X
  SRAM_CODE             01000000   00010000  00008e24  000071dc  RW X
  SRAM_DATA             20000000   00010000  00008e24  000071dc  RW  


SEGMENT ALLOCATION MAP

run origin  load origin   length   init length attrs members
----------  ----------- ---------- ----------- ----- -------
00000000    00000000    0000b890   0000b890    r-x
  00000000    00000000    000000e4   000000e4    r-- .intvecs
  000000e4    000000e4    00008590   00008590    r-x .text
  00008674    00008674    00002fc4   00002fc4    r-- .const
  0000b638    0000b638    00000258   00000258    r-- .cinit
20000000    20000000    00008c28   00000000    rw-
  20000000    20000000    0000835e   00000000    rw- .bss
  20008360    20008360    000004c6   00000000    rw- .data
  20008828    20008828    00000400   00000000    rw- .sysmem
2000fe00    2000fe00    00000200   00000000    rw-
  2000fe00    2000fe00    00000200   00000000    rw- .stack


SECTION ALLOCATION MAP

 output                                  attributes/
section   page    origin      length       input sections
--------  ----  ----------  ----------   ----------------
.intvecs   0    00000000    000000e4     
                  00000000    000000e4     startup_msp432p401r_ccs.obj (.intvecs:retain)

.text      0    000000e4    00008590     
                  000000e4    000020b4     tasks.obj (.text)
                  00002198    00001110     queue.obj (.text)
                  000032a8    00000a4e     rtsv7M4_T_le_v4SPD16_eabi.lib : _printfi.c.obj (.text:__TI_printfi)
                  00003cf6    00000002                                   : _lock.c.obj (.text:_nop)
                  00003cf8    000007f0     lcd.obj (.text)
                  000044e8    000007a4     timers.obj (.text)
                  00004c8c    00000454     heap_4.obj (.text)
                  000050e0    00000438     port.obj (.text)
                  00005518    00000374     main.obj (.text)
                  0000588c    00000354     system_msp432p401r.obj (.text)
                  00005be0    00000270     rtsv7M4_T_le_v4SPD16_eabi.lib : _printfi.c.obj (.text:_pconv_a)
                  00005e50    000001d0                                   : _printfi.c.obj (.text:_pconv_g)
                  00006020    000001c2     circular_buffer.obj (.text)
                  000061e2    00000002     rtsv7M4_T_le_v4SPD16_eabi.lib : div0.asm.obj (.text)
                  000061e4    000001c0     i2c.obj (.text)
                  000063a4    000001b6     rtsv7M4_T_le_v4SPD16_eabi.lib : fd_add_t2.asm.obj (.text)
                  0000655a    00000002     --HOLE-- [fill = 0]
                  0000655c    000001ac     serial_debug.obj (.text)
                  00006708    0000013c     rtsv7M4_T_le_v4SPD16_eabi.lib : _printfi.c.obj (.text:_pconv_e)
                  00006844    00000136                                   : fd_div_t2.asm.obj (.text)
                  0000697a    00000002     --HOLE-- [fill = 0]
                  0000697c    00000130     ps2.obj (.text)
                  00006aac    0000012a     list.obj (.text)
                  00006bd6    00000002     --HOLE-- [fill = 0]
                  00006bd8    00000124     rtsv7M4_T_le_v4SPD16_eabi.lib : _printfi.c.obj (.text:fcvt)
                  00006cfc    00000114                                   : fputs.c.obj (.text:fputs)
                  00006e10    00000110                                   : s_scalbn.c.obj (.text:scalbn)
                  00006f20    00000108     timer32.obj (.text)
                  00007028    00000100     rtsv7M4_T_le_v4SPD16_eabi.lib : memory.c.obj (.text:aligned_alloc)
                  00007128    000000fc                                   : fd_mul_t2.asm.obj (.text)
                  00007224    000000e4                                   : memory.c.obj (.text:free)
                  00007308    000000e4                                   : memory.c.obj (.text:realloc)
                  000073ec    000000dc                                   : setvbuf.c.obj (.text:setvbuf)
                  000074c8    000000da     portasm.obj (.text)
                  000075a2    00000002     --HOLE-- [fill = 0]
                  000075a4    000000b1     rtsv7M4_T_le_v4SPD16_eabi.lib : _printfi.c.obj (.text:_ltostr)
                  00007655    00000001     --HOLE-- [fill = 0]
                  00007656    0000009c                                   : memcpy_t2.asm.obj (.text)
                  000076f2    00000096                                   : ull_div_t2.asm.obj (.text)
                  00007788    00000086                                   : fd_cmp_t2.asm.obj (.text:__aeabi_cdcmple)
                  0000780e    00000086                                   : fd_cmp_t2.asm.obj (.text:__aeabi_cdrcmple)
                  00007894    0000007a                                   : memset_t2.asm.obj (.text)
                  0000790e    00000002     --HOLE-- [fill = 0]
                  00007910    00000074                                   : fclose.c.obj (.text:__TI_closefile)
                  00007984    00000070                                   : memory.c.obj (.text:split)
                  000079f4    0000006e                                   : _printfi.c.obj (.text:_mcpy)
                  00007a62    0000006e                                   : fd_tos_t2.asm.obj (.text)
                  00007ad0    0000006c                                   : hostrename.c.obj (.text:HOSTrename)
                  00007b3c    00000068                                   : hostlseek.c.obj (.text:HOSTlseek)
                  00007ba4    00000068                                   : copy_decompress_lzss.c.obj (.text:decompress:lzss:__TI_decompress_lzss)
                  00007c0c    00000068                                   : printf.c.obj (.text:printf)
                  00007c74    00000064                                   : s_frexp.c.obj (.text:frexp)
                  00007cd8    00000064                                   : fseek.c.obj (.text:fseek)
                  00007d3c    00000062                                   : _io_perm.c.obj (.text:__TI_wrt_ok)
                  00007d9e    00000002     --HOLE-- [fill = 0]
                  00007da0    00000060                                   : hostopen.c.obj (.text:HOSTopen)
                  00007e00    0000005c                                   : close.c.obj (.text:close)
                  00007e5c    00000058                                   : hostread.c.obj (.text:HOSTread)
                  00007eb4    00000058                                   : hostwrite.c.obj (.text:HOSTwrite)
                  00007f0c    00000056                                   : _printfi.c.obj (.text:_pconv_f)
                  00007f62    00000054                                   : _ltoa.c.obj (.text:__TI_ltoa)
                  00007fb6    00000052                                   : _printfi.c.obj (.text:_ecpy)
                  00008008    00000050     opt3001.obj (.text)
                  00008058    0000004c     rtsv7M4_T_le_v4SPD16_eabi.lib : fflush.c.obj (.text:__TI_doflush)
                  000080a4    0000004c                                   : atoi.c.obj (.text:atoi)
                  000080f0    00000048                                   : exit.c.obj (.text:exit)
                  00008138    00000048                                   : fd_toi_t2.asm.obj (.text)
                  00008180    00000044                                   : hostclose.c.obj (.text:HOSTclose)
                  000081c4    00000044                                   : hostunlink.c.obj (.text:HOSTunlink)
                  00008208    00000044                                   : autoinit.c.obj (.text:__TI_auto_init_nobinit_nopinit:__TI_auto_init_nobinit_nopinit)
                  0000824c    00000044                                   : getdevice.c.obj (.text:getdevice)
                  00008290    00000040                                   : u_divt2.asm.obj (.text)
                  000082d0    0000003e                                   : _printfi.c.obj (.text:_fcpy)
                  0000830e    00000002     --HOLE-- [fill = 0]
                  00008310    00000038                                   : trgmsg.c.obj (.text:__TI_writemsg)
                  00008348    00000036                                   : strncpy.c.obj (.text:strncpy)
                  0000837e    00000002     --HOLE-- [fill = 0]
                  00008380    00000034                                   : fopen.c.obj (.text:__TI_cleanup)
                  000083b4    00000034                                   : trgmsg.c.obj (.text:__TI_readmsg)
                  000083e8    00000034                                   : boot_cortex_m.c.obj (.text:_c_int00_noargs:_c_int00_noargs)
                  0000841c    00000030                                   : getdevice.c.obj (.text:finddevice)
                  0000844c    00000030     main.obj (.text:init)
                  0000847c    0000002e     rtsv7M4_T_le_v4SPD16_eabi.lib : i_tofd_t2.asm.obj (.text)
                  000084aa    00000002     --HOLE-- [fill = 0]
                  000084ac    0000002c                                   : unlink.c.obj (.text:unlink)
                  000084d8    00000028                                   : memory.c.obj (.text:free_list_insert)
                  00008500    00000028                                   : lseek.c.obj (.text:lseek)
                  00008528    00000028                                   : write.c.obj (.text:write)
                  00008550    00000020                                   : memchr.c.obj (.text:memchr)
                  00008570    0000001c                                   : memory.c.obj (.text:free_list_remove)
                  0000858c    0000001c                                   : memccpy.c.obj (.text:memccpy)
                  000085a8    0000001a                                   : s_copysign.c.obj (.text:copysign)
                  000085c2    00000018                                   : strcmp.c.obj (.text:strcmp)
                  000085da    00000016                                   : strchr.c.obj (.text:strchr)
                  000085f0    00000014                                   : strcpy.c.obj (.text:strcpy)
                  00008604    00000014                                   : strlen.c.obj (.text:strlen)
                  00008618    00000012                                   : wcslen.c.obj (.text:wcslen)
                  0000862a    0000000e                                   : copy_decompress_none.c.obj (.text:decompress:none:__TI_decompress_none)
                  00008638    0000000e     startup_msp432p401r_ccs.obj (.text)
                  00008646    0000000c     rtsv7M4_T_le_v4SPD16_eabi.lib : copy_zero_init.c.obj (.text:decompress:ZI:__TI_zero_init)
                  00008652    00000002     --HOLE-- [fill = 0]
                  00008654    00000008                                   : errno.c.obj (.text:__aeabi_errno_addr)
                  0000865c    00000008                                   : memory.c.obj (.text:malloc)
                  00008664    00000004                                   : printf.c.obj (.text:_outc)
                  00008668    00000004                                   : printf.c.obj (.text:_outs)
                  0000866c    00000004                                   : pre_init.c.obj (.text:_system_pre_init)
                  00008670    00000004                                   : exit.c.obj (.text:abort:abort)

.const     0    00008674    00002fc4     
                  00008674    00000671     main.obj (.const:.string:light_background_bm_0x8718)
                  00008ce5    00000660     main.obj (.const:.string:medium_background_bm_0x8410)
                  00009345    0000064f     main.obj (.const:.string:dark_background_bm_0x8)
                  00009994    00000275     main.obj (.const:.string:dark_background_bm_0x4210)
                  00009c09    00000275     main.obj (.const:.string:medium_background_bm_0x4408)
                  00009e7e    0000020f     main.obj (.const:.string:dark_background_bm_0x4310)
                  0000a08d    000001cb     main.obj (.const:.string:dark_background_bm_0x4410)
                  0000a258    000001cb     main.obj (.const:.string:medium_background_bm_0x4508)
                  0000a423    000001ba     main.obj (.const:.string:light_background_bm_0x400)
                  0000a5dd    000001ba     main.obj (.const:.string:light_background_bm_0x4500)
                  0000a797    00000180     main.obj (.const:.string:light_background_bm_0x4400)
                  0000a917    00000176     main.obj (.const:.string:light_background_bm_0x4600)
                  0000aa8d    00000165     main.obj (.const:.string:light_background_bm_0x500)
                  0000abf2    00000110     main.obj (.const:.string:medium_background_bm_0x4308)
                  0000ad02    00000101     rtsv7M4_T_le_v4SPD16_eabi.lib : ctype.c.obj (.const:.string:_ctypes_)
                  0000ae03    000000ff     main.obj (.const:.string:light_background_bm_0x200)
                  0000af02    000000ff     main.obj (.const:.string:light_background_bm_0x600)
                  0000b001    000000ee     main.obj (.const:.string:dark_background_bm_0x4110)
                  0000b0ef    000000d0     main.obj (.const:.string:medium_background_bm_0x4608)
                  0000b1bf    000000c0     main.obj (.const:.string:medium_background_bm_0x8508)
                  0000b27f    00000077     main.obj (.const:.string:light_background_bm_0x300)
                  0000b2f6    00000077     main.obj (.const:.string:medium_background_bm_0x8510)
                  0000b36d    00000066     main.obj (.const:.string:dark_background_bm_0x4208)
                  0000b3d3    00000066     main.obj (.const:.string:light_background_bm_0x4508)
                  0000b439    00000066     main.obj (.const:.string:light_background_bm_0x4610)
                  0000b49f    00000066     main.obj (.const:.string:light_background_bm_0x4718)
                  0000b505    00000055     main.obj (.const:.string:dark_background_bm_0x4108)
                  0000b55a    0000003c     main.obj (.const:.string:light_background_bm_0x4608)
                  0000b596    0000002c     main.obj (.const:.string:light_background_bm_0x4510)
                  0000b5c2    0000001e     main.obj (.const:.string:crosshair_bm_0x0)
                  0000b5e0    0000001e     main.obj (.const:.string:crosshair_bm_0xc718)
                  0000b5fe    0000001a     main.obj (.const:.string:light_background_bm_0x4710)
                  0000b618    0000000a     main.obj (.const:.string:light_background_bm_0x4408)
                  0000b622    00000001     main.obj (.const:.string:dark_background_bm_0x4308)
                  0000b623    00000001     main.obj (.const:.string:medium_background_bm_0x8608)
                  0000b624    00000008     port.obj (.const)
                  0000b62c    00000006     main.obj (.const:.string:light_background_bm_0x508)
                  0000b632    00000002     --HOLE-- [fill = 0]
                  0000b634    00000004     tasks.obj (.const)

.cinit     0    0000b638    00000258     
                  0000b638    0000022f     (.cinit..data.load) [load image, compression = lzss]
                  0000b867    00000001     --HOLE-- [fill = 0]
                  0000b868    0000000c     (__TI_handler_table)
                  0000b874    00000004     --HOLE-- [fill = 0]
                  0000b878    00000008     (.cinit..bss.load) [load image, compression = zero_init]
                  0000b880    00000010     (__TI_cinit_table)

.init_array 
*          0    00000000    00000000     UNINITIALIZED

.binit     0    00000000    00000000     

.bss       0    20000000    0000835e     UNINITIALIZED
                  20000000    00008000     heap_4.obj (.bss:ucHeap)
                  20008000    00000120     rtsv7M4_T_le_v4SPD16_eabi.lib : trgmsg.c.obj (.bss:_CIOBUF_)
                  20008120    000000c8     tasks.obj (.bss:pxReadyTasksLists)
                  200081e8    000000a0     (.common:__TI_tmpnams)
                  20008288    00000014     timers.obj (.bss:xActiveTimerList1)
                  2000829c    00000014     timers.obj (.bss:xActiveTimerList2)
                  200082b0    00000014     tasks.obj (.bss:xDelayedTaskList1)
                  200082c4    00000014     tasks.obj (.bss:xDelayedTaskList2)
                  200082d8    00000014     tasks.obj (.bss:xPendingReadyList)
                  200082ec    00000014     tasks.obj (.bss:xSuspendedTaskList)
                  20008300    00000014     tasks.obj (.bss:xTasksWaitingTermination)
                  20008314    00000010     (.common:background)
                  20008324    00000010     (.common:crosshair)
                  20008334    00000008     tasks.obj (.bss)
                  2000833c    00000008     timers.obj (.bss)
                  20008344    00000008     heap_4.obj (.bss:xStart)
                  2000834c    00000008     (.common:parmbuf)
                  20008354    00000004     (.common:Rx_String)
                  20008358    00000004     (.common:Tx_Buffer)
                  2000835c    00000001     main.obj (.bss)
                  2000835d    00000001     (.common:ALERT_STRING)

.data      0    20008360    000004c6     UNINITIALIZED
                  20008360    00000110     main.obj (.data:layers_light_background)
                  20008470    000000f0     rtsv7M4_T_le_v4SPD16_eabi.lib : defs.c.obj (.data:_ftable)
                  20008560    00000080     main.obj (.data:layers_dark_background)
                  200085e0    00000080     main.obj (.data:layers_medium_background)
                  20008660    00000078     rtsv7M4_T_le_v4SPD16_eabi.lib : host_device.c.obj (.data:_device)
                  200086d8    00000050                                   : host_device.c.obj (.data:_stream)
                  20008728    00000034     tasks.obj (.data)
                  2000875c    00000020     main.obj (.data:layers_crosshair)
                  2000877c    00000018     heap_4.obj (.data)
                  20008794    00000018     lcd.obj (.data)
                  200087ac    00000018     port.obj (.data)
                  200087c4    00000014     main.obj (.data)
                  200087d8    00000010     rtsv7M4_T_le_v4SPD16_eabi.lib : defs.c.obj (.data)
                  200087e8    0000000c                                   : exit.c.obj (.data:$O1$$)
                  200087f4    0000000c     timers.obj (.data)
                  20008800    00000008     rtsv7M4_T_le_v4SPD16_eabi.lib : _lock.c.obj (.data:$O1$$)
                  20008808    00000008                                   : memory.c.obj (.data:$O1$$)
                  20008810    00000008     ps2.obj (.data)
                  20008818    00000004     rtsv7M4_T_le_v4SPD16_eabi.lib : errno.c.obj (.data)
                  2000881c    00000004     system_msp432p401r.obj (.data)
                  20008820    00000003     timer32.obj (.data)
                  20008823    00000001     --HOLE--
                  20008824    00000002     serial_debug.obj (.data)

.sysmem    0    20008828    00000400     UNINITIALIZED
                  20008828    00000010     rtsv7M4_T_le_v4SPD16_eabi.lib : memory.c.obj (.sysmem)
                  20008838    000003f0     --HOLE--

.stack     0    2000fe00    00000200     UNINITIALIZED
                  2000fe00    00000004     rtsv7M4_T_le_v4SPD16_eabi.lib : boot_cortex_m.c.obj (.stack)
                  2000fe04    000001fc     --HOLE--

__llvm_prf_cnts 
*          0    20000000    00000000     UNINITIALIZED

MODULE SUMMARY

       Module                        code    ro data   rw data
       ------                        ----    -------   -------
    ./
       main.obj                      932     11957     1162   
       lcd.obj                       2032    0         112    
       system_msp432p401r.obj        852     0         8      
       circular_buffer.obj           450     0         0      
       serial_debug.obj              428     0         22     
       i2c.obj                       448     0         0      
       ps2.obj                       304     0         16     
       timer32.obj                   264     0         6      
       startup_msp432p401r_ccs.obj   14      228       0      
       opt3001.obj                   80      0         0      
    +--+-----------------------------+-------+---------+---------+
       Total:                        5804    12185     1326   
                                                              
    ./FreeRTOS/
       heap_4.obj                    1108    0         65600  
       tasks.obj                     8372    4         720    
       queue.obj                     4368    0         0      
       timers.obj                    1956    0         120    
       list.obj                      298     0         0      
    +--+-----------------------------+-------+---------+---------+
       Total:                        16102   4         66440  
                                                              
    ./FreeRTOS/portable/
       port.obj                      1080    8         48     
       portasm.obj                   218     0         0      
    +--+-----------------------------+-------+---------+---------+
       Total:                        1298    8         48     
                                                              
    /Applications/TI/ccs1110/ccs/tools/compiler/ti-cgt-arm_20.2.5.LTS/lib/rtsv7M4_T_le_v4SPD16_eabi.lib
       _printfi.c.obj                4851    0         0      
       memory.c.obj                  900     0         16     
       defs.c.obj                    0       0         832    
       trgmsg.c.obj                  108     0         576    
       fd_add_t2.asm.obj             438     0         0      
       host_device.c.obj             0       0         400    
       fd_div_t2.asm.obj             310     0         0      
       fputs.c.obj                   276     0         0      
       s_scalbn.c.obj                272     0         0      
       fd_cmp_t2.asm.obj             268     0         0      
       ctype.c.obj                   0       257       0      
       fd_mul_t2.asm.obj             252     0         0      
       setvbuf.c.obj                 220     0         0      
       memcpy_t2.asm.obj             156     0         0      
       ull_div_t2.asm.obj            150     0         0      
       memset_t2.asm.obj             122     0         0      
       fclose.c.obj                  116     0         0      
       getdevice.c.obj               116     0         0      
       hostopen.c.obj                96      0         16     
       printf.c.obj                  112     0         0      
       fd_tos_t2.asm.obj             110     0         0      
       hostrename.c.obj              108     0         0      
       copy_decompress_lzss.c.obj    104     0         0      
       hostlseek.c.obj               104     0         0      
       exit.c.obj                    76      0         24     
       fseek.c.obj                   100     0         0      
       s_frexp.c.obj                 100     0         0      
       _io_perm.c.obj                98      0         0      
       close.c.obj                   92      0         0      
       hostread.c.obj                88      0         0      
       hostwrite.c.obj               88      0         0      
       _ltoa.c.obj                   84      0         0      
       atoi.c.obj                    76      0         0      
       fflush.c.obj                  76      0         0      
       fd_toi_t2.asm.obj             72      0         0      
       autoinit.c.obj                68      0         0      
       hostclose.c.obj               68      0         0      
       hostunlink.c.obj              68      0         0      
       u_divt2.asm.obj               64      0         0      
       strncpy.c.obj                 54      0         0      
       boot_cortex_m.c.obj           52      0         0      
       fopen.c.obj                   52      0         0      
       i_tofd_t2.asm.obj             46      0         0      
       unlink.c.obj                  44      0         0      
       lseek.c.obj                   40      0         0      
       write.c.obj                   40      0         0      
       memchr.c.obj                  32      0         0      
       memccpy.c.obj                 28      0         0      
       s_copysign.c.obj              26      0         0      
       strcmp.c.obj                  24      0         0      
       strchr.c.obj                  22      0         0      
       strcpy.c.obj                  20      0         0      
       strlen.c.obj                  20      0         0      
       _lock.c.obj                   2       0         16     
       wcslen.c.obj                  18      0         0      
       errno.c.obj                   8       0         8      
       copy_decompress_none.c.obj    14      0         0      
       copy_zero_init.c.obj          12      0         0      
       pre_init.c.obj                4       0         0      
       div0.asm.obj                  2       0         0      
    +--+-----------------------------+-------+---------+---------+
       Total:                        10967   257       1888   
                                                              
       Heap:                         0       0         2048   
       Stack:                        0       0         1024   
       Linker Generated:             0       595       0      
    +--+-----------------------------+-------+---------+---------+
       Grand Total:                  34171   13049     72774  


LINKER GENERATED COPY TABLES

__TI_cinit_table @ 0000b880 records: 2, size/record: 8, table size: 16
	.data: load addr=0000b638, load size=0000022f bytes, run addr=20008360, run size=000004c6 bytes, compression=lzss
	.bss: load addr=0000b878, load size=00000008 bytes, run addr=20000000, run size=0000835e bytes, compression=zero_init


LINKER GENERATED HANDLER TABLE

__TI_handler_table @ 0000b868 records: 3, size/record: 4, table size: 12
	index: 0, handler: __TI_decompress_lzss
	index: 1, handler: __TI_decompress_none
	index: 2, handler: __TI_zero_init


GLOBAL SYMBOLS: SORTED ALPHABETICALLY BY Name 

address   name                               
-------   ----                               
00006a05  ADC14_IRQHandler                   
00006a05  ADC14_IRQHandler                   
00008645  AES256_IRQHandler                  
2000835d  ALERT_STRING                       
00008645  BusFault_Handler                   
00008671  C$$EXIT                            
0000833f  C$$IO$$                            
00008645  COMP_E0_IRQHandler                 
00008645  COMP_E1_IRQHandler                 
00008645  CS_IRQHandler                      
00003e41  Crystalfontz128x128_Init           
00003dd1  Crystalfontz128x128_SetDrawFrame   
00008645  DMA_ERR_IRQHandler                 
00008645  DMA_INT0_IRQHandler                
00008645  DMA_INT1_IRQHandler                
00008645  DMA_INT2_IRQHandler                
00008645  DMA_INT3_IRQHandler                
00008645  DebugMon_Handler                   
00008645  Default_Handler                    
0000665d  EUSCIA0_IRQHandler                 
0000665d  EUSCIA0_IRQHandler                 
00008645  EUSCIA1_IRQHandler                 
00008645  EUSCIA2_IRQHandler                 
00008645  EUSCIA3_IRQHandler                 
00008645  EUSCIB0_IRQHandler                 
00008645  EUSCIB1_IRQHandler                 
00008645  EUSCIB2_IRQHandler                 
00008645  EUSCIB3_IRQHandler                 
00008645  FLCTL_IRQHandler                   
00008645  FPU_IRQHandler                     
00003cf9  HAL_LCD_PortInit                   
00003d41  HAL_LCD_SpiInit                    
00003d75  HAL_LCD_writeCommand               
00003dad  HAL_LCD_writeData                  
00008181  HOSTclose                          
00007b3d  HOSTlseek                          
00007da1  HOSTopen                           
00007e5d  HOSTread                           
00007ad1  HOSTrename                         
000081c5  HOSTunlink                         
00007eb5  HOSTwrite                          
00008645  HardFault_Handler                  
00006f4d  MKII_S2                            
00008645  MemManage_Handler                  
20008821  NEW_FRAME                          
00008645  NMI_Handler                        
00008645  PCM_IRQHandler                     
00008645  PORT1_IRQHandler                   
00008645  PORT2_IRQHandler                   
00008645  PORT3_IRQHandler                   
00008645  PORT4_IRQHandler                   
00008645  PORT5_IRQHandler                   
00008645  PORT6_IRQHandler                   
20008810  PS2_X_VAL                          
20008814  PS2_Y_VAL                          
00008645  PSS_IRQHandler                     
00008645  PendSV_Handler                     
00008645  RTC_C_IRQHandler                   
00008639  Reset_Handler                      
20008824  Rx_Char_Count                      
20008354  Rx_String                          
20008820  S2_P                               
00008645  SVC_Handler                        
200087d0  Sem_LCD                            
00008645  SysTick_Handler                    
2000881c  SystemCoreClock                    
0000588d  SystemCoreClockUpdate              
00005b05  SystemInit                         
00006fb3  T32_INT1_IRQHandler                
00006fb3  T32_INT1_IRQHandler                
00006fe5  T32_INT2_IRQHandler                
00006fe5  T32_INT2_IRQHandler                
00008645  T32_INTC_IRQHandler                
00008645  TA0_0_IRQHandler                   
00008645  TA0_N_IRQHandler                   
00008645  TA1_0_IRQHandler                   
00008645  TA1_N_IRQHandler                   
00008645  TA2_0_IRQHandler                   
00008645  TA2_N_IRQHandler                   
00008645  TA3_0_IRQHandler                   
00008645  TA3_N_IRQHandler                   
200087c4  TaskH_joystick                     
200087c8  TaskH_newFrame                     
200087cc  TaskH_s2                           
00005709  Task_joystick                      
00005675  Task_newFrame                      
0000562f  Task_s2                            
20008358  Tx_Buffer                          
00008645  UsageFault_Handler                 
4000480c  WDTCTL_SYM                         
00008645  WDT_A_IRQHandler                   
20008000  __CIOBUF_                          
20010000  __STACK_END                        
00000200  __STACK_SIZE                       
00000400  __SYSMEM_SIZE                      
0000b880  __TI_CINIT_Base                    
0000b890  __TI_CINIT_Limit                   
0000b868  __TI_Handler_Table_Base            
0000b874  __TI_Handler_Table_Limit           
00008209  __TI_auto_init_nobinit_nopinit     
00008381  __TI_cleanup                       
200087e8  __TI_cleanup_ptr                   
00007911  __TI_closefile                     
00007ba5  __TI_decompress_lzss               
0000862b  __TI_decompress_none               
00008059  __TI_doflush                       
200087ec  __TI_dtors_ptr                     
200087f0  __TI_enable_exit_profile_output    
200087d8  __TI_ft_end                        
00007f63  __TI_ltoa                          
ffffffff  __TI_pprof_out_hndl                
000032a9  __TI_printfi                       
ffffffff  __TI_prof_data_size                
ffffffff  __TI_prof_data_start               
000083b5  __TI_readmsg                       
00000000  __TI_static_base__                 
200081e8  __TI_tmpnams                       
00008311  __TI_writemsg                      
00007d3d  __TI_wrt_ok                        
00008647  __TI_zero_init                     
00007789  __aeabi_cdcmpeq                    
00007789  __aeabi_cdcmple                    
0000780f  __aeabi_cdrcmple                   
00007a63  __aeabi_d2f                        
00008139  __aeabi_d2iz                       
000063af  __aeabi_dadd                       
00006845  __aeabi_ddiv                       
00007129  __aeabi_dmul                       
000063a5  __aeabi_dsub                       
00008655  __aeabi_errno_addr                 
0000847d  __aeabi_i2d                        
000061e3  __aeabi_idiv0                      
000061e3  __aeabi_ldiv0                      
00007895  __aeabi_memclr                     
00007895  __aeabi_memclr4                    
00007895  __aeabi_memclr8                    
00007657  __aeabi_memcpy                     
00007657  __aeabi_memcpy4                    
00007657  __aeabi_memcpy8                    
00007897  __aeabi_memset                     
00007897  __aeabi_memset4                    
00007897  __aeabi_memset8                    
200087e4  __aeabi_stderr                     
200087dc  __aeabi_stdin                      
200087e0  __aeabi_stdout                     
00008291  __aeabi_uidiv                      
00008291  __aeabi_uidivmod                   
000076f3  __aeabi_uldivmod                   
ffffffff  __binit__                          
ffffffff  __c_args__                         
UNDEFED   __mpu_init                         
2000fe00  __stack                            
20000000  __start___llvm_prf_cnts            
20000000  __stop___llvm_prf_cnts             
000083e9  _c_int00_noargs                    
0000ad02  _ctypes_                           
20008660  _device                            
20008470  _ftable                            
20008800  _lock                              
00003cf7  _nop                               
200086d8  _stream                            
20008828  _sys_memory                        
UNDEFED   _system_post_cinit                 
0000866d  _system_pre_init                   
20008804  _unlock                            
00008671  abort                              
000069a9  adc14_init                         
00003f63  addImage                           
00007029  aligned_alloc                      
000080a5  atoi                               
20008314  background                         
ffffffff  binit                              
00006067  circular_buffer_add                
00006053  circular_buffer_delete             
000060e3  circular_buffer_empty              
000060ff  circular_buffer_full               
00006021  circular_buffer_init               
000060a1  circular_buffer_remove             
0000612d  circular_buffer_test_0             
00007e01  close                              
000085a9  copysign                           
000085a9  copysignl                          
20008324  crosshair                          
0000b5c2  crosshair_bm_0x0                   
0000b5e0  crosshair_bm_0xc718                
0000b505  dark_background_bm_0x4108          
0000b001  dark_background_bm_0x4110          
0000b36d  dark_background_bm_0x4208          
00009994  dark_background_bm_0x4210          
0000b622  dark_background_bm_0x4308          
00009e7e  dark_background_bm_0x4310          
0000a08d  dark_background_bm_0x4410          
00009345  dark_background_bm_0x8             
00004315  draw                               
00005549  draw_crosshair                     
00005539  draw_dark_background               
00005519  draw_light_background              
00005529  draw_medium_background             
00004189  draw_pixel                         
000013ed  eTaskConfirmSleepModeStatus        
00000541  eTaskGetState                      
00003f8f  erase_image                        
20008818  errno                              
000080f1  exit                               
00003fe9  fill_image                         
0000841d  finddevice                         
0000662d  fputc                              
00006cfd  fputs                              
00007225  free                               
00007c75  frexp                              
00007c75  frexpl                             
00007cd9  fseek                              
0000824d  getdevice                          
00006273  i2c_init                           
0000630f  i2c_read_16                        
000062b3  i2c_write_16                       
0000844d  init                               
00000000  interruptVectors                   
2000875c  layers_crosshair                   
20008560  layers_dark_background             
20008360  layers_light_background            
200085e0  layers_medium_background           
00006e11  ldexp                              
00006e11  ldexpl                             
0000ae03  light_background_bm_0x200          
0000b27f  light_background_bm_0x300          
0000a423  light_background_bm_0x400          
0000a797  light_background_bm_0x4400         
0000b618  light_background_bm_0x4408         
0000a5dd  light_background_bm_0x4500         
0000b3d3  light_background_bm_0x4508         
0000b596  light_background_bm_0x4510         
0000a917  light_background_bm_0x4600         
0000b55a  light_background_bm_0x4608         
0000b439  light_background_bm_0x4610         
0000b5fe  light_background_bm_0x4710         
0000b49f  light_background_bm_0x4718         
0000aa8d  light_background_bm_0x500          
0000b62c  light_background_bm_0x508          
0000af02  light_background_bm_0x600          
00008674  light_background_bm_0x8718         
00008501  lseek                              
00005775  main                               
0000865d  malloc                             
0000abf2  medium_background_bm_0x4308        
00009c09  medium_background_bm_0x4408        
0000a258  medium_background_bm_0x4508        
0000b0ef  medium_background_bm_0x4608        
00008ce5  medium_background_bm_0x8410        
0000b1bf  medium_background_bm_0x8508        
0000b2f6  medium_background_bm_0x8510        
0000b623  medium_background_bm_0x8608        
00007029  memalign                           
0000858d  memccpy                            
00008551  memchr                             
00007657  memcpy                             
0000789d  memset                             
00008009  opt3001_init                       
00008019  opt3001_read_lux                   
2000834c  parmbuf                            
00000bdd  pcTaskGetName                      
00004743  pcTimerGetName                     
00007c0d  printf                             
00004c8d  pvPortMalloc                       
00001491  pvTaskGetThreadLocalStoragePointer 
00001a45  pvTaskIncrementMutexHeldCount      
00004bfd  pvTimerGetTimerID                  
20008728  pxCurrentTCB                       
000050e1  pxPortInitialiseStack              
00007309  realloc                            
000084ad  remove                             
00006e11  scalbn                             
00006e11  scalbnl                            
0000661b  serial_debug_init                  
000065f1  serial_debug_put_string            
000073ed  setvbuf                            
000085db  strchr                             
000085c3  strcmp                             
000085f1  strcpy                             
00008605  strlen                             
00008349  strncpy                            
00006f61  t32_init                           
00002fbf  ucQueueGetQueueType                
0000b624  ulMaxSyscallInterruptPriority      
000074d9  ulPortGetIPSR                      
00001a65  ulTaskGenericNotifyTake            
00002093  ulTaskGenericNotifyValueClear      
000084ad  unlink                             
00006b8f  uxListRemove                       
00002f9f  uxQueueGetQueueNumber              
00002eed  uxQueueMessagesWaiting             
00002f51  uxQueueMessagesWaitingFromISR      
00002f1d  uxQueueSpacesAvailable             
00000bd7  uxTaskGetNumberOfTasks             
00000c29  uxTaskGetSystemState               
00001351  uxTaskGetTaskNumber                
00000619  uxTaskPriorityGet                  
00000641  uxTaskPriorityGetFromISR           
00001a23  uxTaskResetEventItemValue          
000046dd  uxTimerGetReloadMode               
00004c59  uxTimerGetTimerNumber              
0000b634  uxTopUsedPriority                  
000057f3  vApplicationMallocFailedHook       
000057f9  vApplicationStackOverflowHook      
00006aad  vListInitialise                    
00006add  vListInitialiseItem                
00006b29  vListInsert                        
00006aed  vListInsertEnd                     
00007595  vPortEnableVFP                     
00005225  vPortEndScheduler                  
00005249  vPortEnterCritical                 
0000528b  vPortExitCritical                  
00004e1f  vPortFree                          
00005021  vPortGetHeapStats                  
00004ec5  vPortInitialiseBlocks              
00007551  vPortSVCHandler                    
0000543d  vPortSetupTimerInterrupt           
00007571  vPortStartFirstTask                
000052e5  vPortSuppressTicksAndSleep         
00005485  vPortValidateInterruptPriority     
00002f7b  vQueueDelete                       
00002fad  vQueueSetQueueNumber               
0000324d  vQueueWaitForMessageRestricted     
000004d9  vTaskDelay                         
00000323  vTaskDelete                        
00000a2f  vTaskEndScheduler                  
00001f25  vTaskGenericNotifyGiveFromISR      
00001565  vTaskGetInfo                       
0000127d  vTaskInternalSetTimeOutState       
00001349  vTaskMissedYield                   
00001043  vTaskPlaceOnEventList              
000010e5  vTaskPlaceOnEventListRestricted    
00001079  vTaskPlaceOnUnorderedEventList     
00001929  vTaskPriorityDisinheritAfterTimeout
00000685  vTaskPrioritySet                   
000011b5  vTaskRemoveFromUnorderedEventList  
0000091d  vTaskResume                        
00000ea3  vTaskSetApplicationTaskTag         
00001371  vTaskSetTaskNumber                 
00001449  vTaskSetThreadLocalStoragePointer  
0000124b  vTaskSetTimeOutState               
000009b5  vTaskStartScheduler                
00000d05  vTaskStepTick                      
000007b9  vTaskSuspend                       
00000a4b  vTaskSuspendAll                    
00000f79  vTaskSwitchContext                 
00004693  vTimerSetReloadMode                
00004c2b  vTimerSetTimerID                   
00004c67  vTimerSetTimerNumber               
00008619  wcslen                             
00008529  write                              
00004eb9  xPortGetFreeHeapSize               
00004ebf  xPortGetMinimumEverFreeHeapSize    
000074f1  xPortPendSVHandler                 
0000516d  xPortStartScheduler                
000052b7  xPortSysTickHandler                
00002437  xQueueCreateCountingSemaphore      
00002363  xQueueCreateMutex                  
0000224d  xQueueGenericCreate                
00002199  xQueueGenericReset                 
00002495  xQueueGenericSend                  
00002649  xQueueGenericSendFromISR           
00002775  xQueueGiveFromISR                  
0000238f  xQueueGiveMutexRecursive           
000031b9  xQueueIsQueueEmptyFromISR          
00003213  xQueueIsQueueFullFromISR           
00002bcd  xQueuePeek                         
00002e41  xQueuePeekFromISR                  
00002883  xQueueReceive                      
00002d4b  xQueueReceiveFromISR               
000029fb  xQueueSemaphoreTake                
000023df  xQueueTakeMutexRecursive           
00000f39  xTaskCallApplicationTaskHook       
00000d3f  xTaskCatchUpTicks                  
00001297  xTaskCheckForTimeOut               
000000e5  xTaskCreate                        
000003f7  xTaskDelayUntil                    
00001c01  xTaskGenericNotify                 
00001d77  xTaskGenericNotifyFromISR          
0000202f  xTaskGenericNotifyStateClear       
00001b1d  xTaskGenericNotifyWait             
00000ec9  xTaskGetApplicationTaskTag         
00000ef1  xTaskGetApplicationTaskTagFromISR  
0000173b  xTaskGetCurrentTaskHandle          
0000174b  xTaskGetSchedulerState             
00000bb3  xTaskGetTickCount                  
00000bc3  xTaskGetTickCountFromISR           
00000d91  xTaskIncrementTick                 
0000185d  xTaskPriorityDisinherit            
00001795  xTaskPriorityInherit               
00001125  xTaskRemoveFromEventList           
00000ab1  xTaskResumeAll                     
00004529  xTimerCreate                       
000044e9  xTimerCreateTimerTask              
000045cb  xTimerGenericCommand               
00004719  xTimerGetExpiryTime                
0000466d  xTimerGetPeriod                    
0000464b  xTimerGetTimerDaemonTaskHandle     
00004bc1  xTimerIsTimerActive                


GLOBAL SYMBOLS: SORTED BY Symbol Address 

address   name                               
-------   ----                               
00000000  __TI_static_base__                 
00000000  interruptVectors                   
000000e5  xTaskCreate                        
00000200  __STACK_SIZE                       
00000323  vTaskDelete                        
000003f7  xTaskDelayUntil                    
00000400  __SYSMEM_SIZE                      
000004d9  vTaskDelay                         
00000541  eTaskGetState                      
00000619  uxTaskPriorityGet                  
00000641  uxTaskPriorityGetFromISR           
00000685  vTaskPrioritySet                   
000007b9  vTaskSuspend                       
0000091d  vTaskResume                        
000009b5  vTaskStartScheduler                
00000a2f  vTaskEndScheduler                  
00000a4b  vTaskSuspendAll                    
00000ab1  xTaskResumeAll                     
00000bb3  xTaskGetTickCount                  
00000bc3  xTaskGetTickCountFromISR           
00000bd7  uxTaskGetNumberOfTasks             
00000bdd  pcTaskGetName                      
00000c29  uxTaskGetSystemState               
00000d05  vTaskStepTick                      
00000d3f  xTaskCatchUpTicks                  
00000d91  xTaskIncrementTick                 
00000ea3  vTaskSetApplicationTaskTag         
00000ec9  xTaskGetApplicationTaskTag         
00000ef1  xTaskGetApplicationTaskTagFromISR  
00000f39  xTaskCallApplicationTaskHook       
00000f79  vTaskSwitchContext                 
00001043  vTaskPlaceOnEventList              
00001079  vTaskPlaceOnUnorderedEventList     
000010e5  vTaskPlaceOnEventListRestricted    
00001125  xTaskRemoveFromEventList           
000011b5  vTaskRemoveFromUnorderedEventList  
0000124b  vTaskSetTimeOutState               
0000127d  vTaskInternalSetTimeOutState       
00001297  xTaskCheckForTimeOut               
00001349  vTaskMissedYield                   
00001351  uxTaskGetTaskNumber                
00001371  vTaskSetTaskNumber                 
000013ed  eTaskConfirmSleepModeStatus        
00001449  vTaskSetThreadLocalStoragePointer  
00001491  pvTaskGetThreadLocalStoragePointer 
00001565  vTaskGetInfo                       
0000173b  xTaskGetCurrentTaskHandle          
0000174b  xTaskGetSchedulerState             
00001795  xTaskPriorityInherit               
0000185d  xTaskPriorityDisinherit            
00001929  vTaskPriorityDisinheritAfterTimeout
00001a23  uxTaskResetEventItemValue          
00001a45  pvTaskIncrementMutexHeldCount      
00001a65  ulTaskGenericNotifyTake            
00001b1d  xTaskGenericNotifyWait             
00001c01  xTaskGenericNotify                 
00001d77  xTaskGenericNotifyFromISR          
00001f25  vTaskGenericNotifyGiveFromISR      
0000202f  xTaskGenericNotifyStateClear       
00002093  ulTaskGenericNotifyValueClear      
00002199  xQueueGenericReset                 
0000224d  xQueueGenericCreate                
00002363  xQueueCreateMutex                  
0000238f  xQueueGiveMutexRecursive           
000023df  xQueueTakeMutexRecursive           
00002437  xQueueCreateCountingSemaphore      
00002495  xQueueGenericSend                  
00002649  xQueueGenericSendFromISR           
00002775  xQueueGiveFromISR                  
00002883  xQueueReceive                      
000029fb  xQueueSemaphoreTake                
00002bcd  xQueuePeek                         
00002d4b  xQueueReceiveFromISR               
00002e41  xQueuePeekFromISR                  
00002eed  uxQueueMessagesWaiting             
00002f1d  uxQueueSpacesAvailable             
00002f51  uxQueueMessagesWaitingFromISR      
00002f7b  vQueueDelete                       
00002f9f  uxQueueGetQueueNumber              
00002fad  vQueueSetQueueNumber               
00002fbf  ucQueueGetQueueType                
000031b9  xQueueIsQueueEmptyFromISR          
00003213  xQueueIsQueueFullFromISR           
0000324d  vQueueWaitForMessageRestricted     
000032a9  __TI_printfi                       
00003cf7  _nop                               
00003cf9  HAL_LCD_PortInit                   
00003d41  HAL_LCD_SpiInit                    
00003d75  HAL_LCD_writeCommand               
00003dad  HAL_LCD_writeData                  
00003dd1  Crystalfontz128x128_SetDrawFrame   
00003e41  Crystalfontz128x128_Init           
00003f63  addImage                           
00003f8f  erase_image                        
00003fe9  fill_image                         
00004189  draw_pixel                         
00004315  draw                               
000044e9  xTimerCreateTimerTask              
00004529  xTimerCreate                       
000045cb  xTimerGenericCommand               
0000464b  xTimerGetTimerDaemonTaskHandle     
0000466d  xTimerGetPeriod                    
00004693  vTimerSetReloadMode                
000046dd  uxTimerGetReloadMode               
00004719  xTimerGetExpiryTime                
00004743  pcTimerGetName                     
00004bc1  xTimerIsTimerActive                
00004bfd  pvTimerGetTimerID                  
00004c2b  vTimerSetTimerID                   
00004c59  uxTimerGetTimerNumber              
00004c67  vTimerSetTimerNumber               
00004c8d  pvPortMalloc                       
00004e1f  vPortFree                          
00004eb9  xPortGetFreeHeapSize               
00004ebf  xPortGetMinimumEverFreeHeapSize    
00004ec5  vPortInitialiseBlocks              
00005021  vPortGetHeapStats                  
000050e1  pxPortInitialiseStack              
0000516d  xPortStartScheduler                
00005225  vPortEndScheduler                  
00005249  vPortEnterCritical                 
0000528b  vPortExitCritical                  
000052b7  xPortSysTickHandler                
000052e5  vPortSuppressTicksAndSleep         
0000543d  vPortSetupTimerInterrupt           
00005485  vPortValidateInterruptPriority     
00005519  draw_light_background              
00005529  draw_medium_background             
00005539  draw_dark_background               
00005549  draw_crosshair                     
0000562f  Task_s2                            
00005675  Task_newFrame                      
00005709  Task_joystick                      
00005775  main                               
000057f3  vApplicationMallocFailedHook       
000057f9  vApplicationStackOverflowHook      
0000588d  SystemCoreClockUpdate              
00005b05  SystemInit                         
00006021  circular_buffer_init               
00006053  circular_buffer_delete             
00006067  circular_buffer_add                
000060a1  circular_buffer_remove             
000060e3  circular_buffer_empty              
000060ff  circular_buffer_full               
0000612d  circular_buffer_test_0             
000061e3  __aeabi_idiv0                      
000061e3  __aeabi_ldiv0                      
00006273  i2c_init                           
000062b3  i2c_write_16                       
0000630f  i2c_read_16                        
000063a5  __aeabi_dsub                       
000063af  __aeabi_dadd                       
000065f1  serial_debug_put_string            
0000661b  serial_debug_init                  
0000662d  fputc                              
0000665d  EUSCIA0_IRQHandler                 
0000665d  EUSCIA0_IRQHandler                 
00006845  __aeabi_ddiv                       
000069a9  adc14_init                         
00006a05  ADC14_IRQHandler                   
00006a05  ADC14_IRQHandler                   
00006aad  vListInitialise                    
00006add  vListInitialiseItem                
00006aed  vListInsertEnd                     
00006b29  vListInsert                        
00006b8f  uxListRemove                       
00006cfd  fputs                              
00006e11  ldexp                              
00006e11  ldexpl                             
00006e11  scalbn                             
00006e11  scalbnl                            
00006f4d  MKII_S2                            
00006f61  t32_init                           
00006fb3  T32_INT1_IRQHandler                
00006fb3  T32_INT1_IRQHandler                
00006fe5  T32_INT2_IRQHandler                
00006fe5  T32_INT2_IRQHandler                
00007029  aligned_alloc                      
00007029  memalign                           
00007129  __aeabi_dmul                       
00007225  free                               
00007309  realloc                            
000073ed  setvbuf                            
000074d9  ulPortGetIPSR                      
000074f1  xPortPendSVHandler                 
00007551  vPortSVCHandler                    
00007571  vPortStartFirstTask                
00007595  vPortEnableVFP                     
00007657  __aeabi_memcpy                     
00007657  __aeabi_memcpy4                    
00007657  __aeabi_memcpy8                    
00007657  memcpy                             
000076f3  __aeabi_uldivmod                   
00007789  __aeabi_cdcmpeq                    
00007789  __aeabi_cdcmple                    
0000780f  __aeabi_cdrcmple                   
00007895  __aeabi_memclr                     
00007895  __aeabi_memclr4                    
00007895  __aeabi_memclr8                    
00007897  __aeabi_memset                     
00007897  __aeabi_memset4                    
00007897  __aeabi_memset8                    
0000789d  memset                             
00007911  __TI_closefile                     
00007a63  __aeabi_d2f                        
00007ad1  HOSTrename                         
00007b3d  HOSTlseek                          
00007ba5  __TI_decompress_lzss               
00007c0d  printf                             
00007c75  frexp                              
00007c75  frexpl                             
00007cd9  fseek                              
00007d3d  __TI_wrt_ok                        
00007da1  HOSTopen                           
00007e01  close                              
00007e5d  HOSTread                           
00007eb5  HOSTwrite                          
00007f63  __TI_ltoa                          
00008009  opt3001_init                       
00008019  opt3001_read_lux                   
00008059  __TI_doflush                       
000080a5  atoi                               
000080f1  exit                               
00008139  __aeabi_d2iz                       
00008181  HOSTclose                          
000081c5  HOSTunlink                         
00008209  __TI_auto_init_nobinit_nopinit     
0000824d  getdevice                          
00008291  __aeabi_uidiv                      
00008291  __aeabi_uidivmod                   
00008311  __TI_writemsg                      
0000833f  C$$IO$$                            
00008349  strncpy                            
00008381  __TI_cleanup                       
000083b5  __TI_readmsg                       
000083e9  _c_int00_noargs                    
0000841d  finddevice                         
0000844d  init                               
0000847d  __aeabi_i2d                        
000084ad  remove                             
000084ad  unlink                             
00008501  lseek                              
00008529  write                              
00008551  memchr                             
0000858d  memccpy                            
000085a9  copysign                           
000085a9  copysignl                          
000085c3  strcmp                             
000085db  strchr                             
000085f1  strcpy                             
00008605  strlen                             
00008619  wcslen                             
0000862b  __TI_decompress_none               
00008639  Reset_Handler                      
00008645  AES256_IRQHandler                  
00008645  BusFault_Handler                   
00008645  COMP_E0_IRQHandler                 
00008645  COMP_E1_IRQHandler                 
00008645  CS_IRQHandler                      
00008645  DMA_ERR_IRQHandler                 
00008645  DMA_INT0_IRQHandler                
00008645  DMA_INT1_IRQHandler                
00008645  DMA_INT2_IRQHandler                
00008645  DMA_INT3_IRQHandler                
00008645  DebugMon_Handler                   
00008645  Default_Handler                    
00008645  EUSCIA1_IRQHandler                 
00008645  EUSCIA2_IRQHandler                 
00008645  EUSCIA3_IRQHandler                 
00008645  EUSCIB0_IRQHandler                 
00008645  EUSCIB1_IRQHandler                 
00008645  EUSCIB2_IRQHandler                 
00008645  EUSCIB3_IRQHandler                 
00008645  FLCTL_IRQHandler                   
00008645  FPU_IRQHandler                     
00008645  HardFault_Handler                  
00008645  MemManage_Handler                  
00008645  NMI_Handler                        
00008645  PCM_IRQHandler                     
00008645  PORT1_IRQHandler                   
00008645  PORT2_IRQHandler                   
00008645  PORT3_IRQHandler                   
00008645  PORT4_IRQHandler                   
00008645  PORT5_IRQHandler                   
00008645  PORT6_IRQHandler                   
00008645  PSS_IRQHandler                     
00008645  PendSV_Handler                     
00008645  RTC_C_IRQHandler                   
00008645  SVC_Handler                        
00008645  SysTick_Handler                    
00008645  T32_INTC_IRQHandler                
00008645  TA0_0_IRQHandler                   
00008645  TA0_N_IRQHandler                   
00008645  TA1_0_IRQHandler                   
00008645  TA1_N_IRQHandler                   
00008645  TA2_0_IRQHandler                   
00008645  TA2_N_IRQHandler                   
00008645  TA3_0_IRQHandler                   
00008645  TA3_N_IRQHandler                   
00008645  UsageFault_Handler                 
00008645  WDT_A_IRQHandler                   
00008647  __TI_zero_init                     
00008655  __aeabi_errno_addr                 
0000865d  malloc                             
0000866d  _system_pre_init                   
00008671  C$$EXIT                            
00008671  abort                              
00008674  light_background_bm_0x8718         
00008ce5  medium_background_bm_0x8410        
00009345  dark_background_bm_0x8             
00009994  dark_background_bm_0x4210          
00009c09  medium_background_bm_0x4408        
00009e7e  dark_background_bm_0x4310          
0000a08d  dark_background_bm_0x4410          
0000a258  medium_background_bm_0x4508        
0000a423  light_background_bm_0x400          
0000a5dd  light_background_bm_0x4500         
0000a797  light_background_bm_0x4400         
0000a917  light_background_bm_0x4600         
0000aa8d  light_background_bm_0x500          
0000abf2  medium_background_bm_0x4308        
0000ad02  _ctypes_                           
0000ae03  light_background_bm_0x200          
0000af02  light_background_bm_0x600          
0000b001  dark_background_bm_0x4110          
0000b0ef  medium_background_bm_0x4608        
0000b1bf  medium_background_bm_0x8508        
0000b27f  light_background_bm_0x300          
0000b2f6  medium_background_bm_0x8510        
0000b36d  dark_background_bm_0x4208          
0000b3d3  light_background_bm_0x4508         
0000b439  light_background_bm_0x4610         
0000b49f  light_background_bm_0x4718         
0000b505  dark_background_bm_0x4108          
0000b55a  light_background_bm_0x4608         
0000b596  light_background_bm_0x4510         
0000b5c2  crosshair_bm_0x0                   
0000b5e0  crosshair_bm_0xc718                
0000b5fe  light_background_bm_0x4710         
0000b618  light_background_bm_0x4408         
0000b622  dark_background_bm_0x4308          
0000b623  medium_background_bm_0x8608        
0000b624  ulMaxSyscallInterruptPriority      
0000b62c  light_background_bm_0x508          
0000b634  uxTopUsedPriority                  
0000b868  __TI_Handler_Table_Base            
0000b874  __TI_Handler_Table_Limit           
0000b880  __TI_CINIT_Base                    
0000b890  __TI_CINIT_Limit                   
20000000  __start___llvm_prf_cnts            
20000000  __stop___llvm_prf_cnts             
20008000  __CIOBUF_                          
200081e8  __TI_tmpnams                       
20008314  background                         
20008324  crosshair                          
2000834c  parmbuf                            
20008354  Rx_String                          
20008358  Tx_Buffer                          
2000835d  ALERT_STRING                       
20008360  layers_light_background            
20008470  _ftable                            
20008560  layers_dark_background             
200085e0  layers_medium_background           
20008660  _device                            
200086d8  _stream                            
20008728  pxCurrentTCB                       
2000875c  layers_crosshair                   
200087c4  TaskH_joystick                     
200087c8  TaskH_newFrame                     
200087cc  TaskH_s2                           
200087d0  Sem_LCD                            
200087d8  __TI_ft_end                        
200087dc  __aeabi_stdin                      
200087e0  __aeabi_stdout                     
200087e4  __aeabi_stderr                     
200087e8  __TI_cleanup_ptr                   
200087ec  __TI_dtors_ptr                     
200087f0  __TI_enable_exit_profile_output    
20008800  _lock                              
20008804  _unlock                            
20008810  PS2_X_VAL                          
20008814  PS2_Y_VAL                          
20008818  errno                              
2000881c  SystemCoreClock                    
20008820  S2_P                               
20008821  NEW_FRAME                          
20008824  Rx_Char_Count                      
20008828  _sys_memory                        
2000fe00  __stack                            
20010000  __STACK_END                        
4000480c  WDTCTL_SYM                         
ffffffff  __TI_pprof_out_hndl                
ffffffff  __TI_prof_data_size                
ffffffff  __TI_prof_data_start               
ffffffff  __binit__                          
ffffffff  __c_args__                         
ffffffff  binit                              
UNDEFED   __mpu_init                         
UNDEFED   _system_post_cinit                 

[399 symbols]
