******************************************************************************
                  TI ARM Linker Unix v20.2.5                   
******************************************************************************
>> Linked Thu Apr 28 01:55:39 2022

OUTPUT FILE NAME:   <duckhunt_FreeRtos.out>
ENTRY POINT SYMBOL: "_c_int00_noargs"  address: 00006289


MEMORY CONFIGURATION

         name            origin    length      used     unused   attr    fill
----------------------  --------  ---------  --------  --------  ----  --------
  MAIN                  00000000   00040000  00009460  00036ba0  R  X
  INFO                  00200000   00004000  00000000  00004000  R  X
  SRAM_CODE             01000000   00010000  00008af1  0000750f  RW X
  SRAM_DATA             20000000   00010000  00008af1  0000750f  RW  


SEGMENT ALLOCATION MAP

run origin  load origin   length   init length attrs members
----------  ----------- ---------- ----------- ----- -------
00000000    00000000    00009460   00009460    r-x
  00000000    00000000    000000e4   000000e4    r-- .intvecs
  000000e4    000000e4    000062b8   000062b8    r-x .text
  0000639c    0000639c    00002ec4   00002ec4    r-- .const
  00009260    00009260    00000200   00000200    r-- .cinit
20000000    20000000    000088f3   00000000    rw-
  20000000    20000000    00008176   00000000    rw- .bss
  20008178    20008178    00000400   00000000    rw- .sysmem
  20008578    20008578    0000037b   00000000    rw- .data
2000fe00    2000fe00    00000200   00000000    rw-
  2000fe00    2000fe00    00000200   00000000    rw- .stack


SECTION ALLOCATION MAP

 output                                  attributes/
section   page    origin      length       input sections
--------  ----  ----------  ----------   ----------------
.intvecs   0    00000000    000000e4     
                  00000000    000000e4     startup_msp432p401r_ccs.obj (.intvecs:retain)

.text      0    000000e4    000062b8     
                  000000e4    000020b4     tasks.obj (.text)
                  00002198    00001110     queue.obj (.text)
                  000032a8    000007d8     lcd.obj (.text)
                  00003a80    000007a4     timers.obj (.text)
                  00004224    00000454     heap_4.obj (.text)
                  00004678    00000438     port.obj (.text)
                  00004ab0    00000420     main.obj (.text)
                  00004ed0    00000354     system_msp432p401r.obj (.text)
                  00005224    000001c2     circular_buffer.obj (.text)
                  000053e6    00000002     rtsv7M4_T_le_v4SPD16_eabi.lib : _lock.c.obj (.text:_nop)
                  000053e8    000001c0     i2c.obj (.text)
                  000055a8    000001ac     serial_debug.obj (.text)
                  00005754    00000130     ps2.obj (.text)
                  00005884    0000012a     list.obj (.text)
                  000059ae    00000002     rtsv7M4_T_le_v4SPD16_eabi.lib : div0.asm.obj (.text)
                  000059b0    00000108     timer32.obj (.text)
                  00005ab8    00000100     rtsv7M4_T_le_v4SPD16_eabi.lib : memory.c.obj (.text:aligned_alloc)
                  00005bb8    000000fc                                   : fd_mul_t2.asm.obj (.text)
                  00005cb4    000000e4                                   : memory.c.obj (.text:free)
                  00005d98    000000e4                                   : memory.c.obj (.text:realloc)
                  00005e7c    000000da     portasm.obj (.text)
                  00005f56    0000009c     rtsv7M4_T_le_v4SPD16_eabi.lib : memcpy_t2.asm.obj (.text)
                  00005ff2    0000007a                                   : memset_t2.asm.obj (.text)
                  0000606c    00000070                                   : memory.c.obj (.text:split)
                  000060dc    0000006e                                   : fd_tos_t2.asm.obj (.text)
                  0000614a    00000068                                   : copy_decompress_lzss.c.obj (.text:decompress:lzss:__TI_decompress_lzss)
                  000061b2    00000002     --HOLE-- [fill = 0]
                  000061b4    00000050     opt3001.obj (.text)
                  00006204    00000044     rtsv7M4_T_le_v4SPD16_eabi.lib : autoinit.c.obj (.text:__TI_auto_init_nobinit_nopinit:__TI_auto_init_nobinit_nopinit)
                  00006248    00000040                                   : u_divt2.asm.obj (.text)
                  00006288    00000034                                   : boot_cortex_m.c.obj (.text:_c_int00_noargs:_c_int00_noargs)
                  000062bc    00000034     main.obj (.text:init)
                  000062f0    0000002e     rtsv7M4_T_le_v4SPD16_eabi.lib : i_tofd_t2.asm.obj (.text)
                  0000631e    00000002     --HOLE-- [fill = 0]
                  00006320    00000028                                   : memory.c.obj (.text:free_list_insert)
                  00006348    0000001c                                   : memory.c.obj (.text:free_list_remove)
                  00006364    0000000e                                   : copy_decompress_none.c.obj (.text:decompress:none:__TI_decompress_none)
                  00006372    0000000e     startup_msp432p401r_ccs.obj (.text)
                  00006380    0000000c     rtsv7M4_T_le_v4SPD16_eabi.lib : copy_zero_init.c.obj (.text:decompress:ZI:__TI_zero_init)
                  0000638c    00000008                                   : memory.c.obj (.text:malloc)
                  00006394    00000004                                   : pre_init.c.obj (.text:_system_pre_init)
                  00006398    00000004                                   : exit.c.obj (.text:abort:abort)

.const     0    0000639c    00002ec4     
                  0000639c    00000671     main.obj (.const:.string:light_background_bm_0x8718)
                  00006a0d    00000660     main.obj (.const:.string:medium_background_bm_0x8410)
                  0000706d    0000064f     main.obj (.const:.string:dark_background_bm_0x8)
                  000076bc    00000275     main.obj (.const:.string:dark_background_bm_0x4210)
                  00007931    00000275     main.obj (.const:.string:medium_background_bm_0x4408)
                  00007ba6    0000020f     main.obj (.const:.string:dark_background_bm_0x4310)
                  00007db5    000001cb     main.obj (.const:.string:dark_background_bm_0x4410)
                  00007f80    000001cb     main.obj (.const:.string:medium_background_bm_0x4508)
                  0000814b    000001ba     main.obj (.const:.string:light_background_bm_0x400)
                  00008305    000001ba     main.obj (.const:.string:light_background_bm_0x4500)
                  000084bf    00000180     main.obj (.const:.string:light_background_bm_0x4400)
                  0000863f    00000176     main.obj (.const:.string:light_background_bm_0x4600)
                  000087b5    00000165     main.obj (.const:.string:light_background_bm_0x500)
                  0000891a    00000110     main.obj (.const:.string:medium_background_bm_0x4308)
                  00008a2a    000000ff     main.obj (.const:.string:light_background_bm_0x200)
                  00008b29    000000ff     main.obj (.const:.string:light_background_bm_0x600)
                  00008c28    000000ee     main.obj (.const:.string:dark_background_bm_0x4110)
                  00008d16    000000d0     main.obj (.const:.string:medium_background_bm_0x4608)
                  00008de6    000000c0     main.obj (.const:.string:medium_background_bm_0x8508)
                  00008ea6    00000077     main.obj (.const:.string:light_background_bm_0x300)
                  00008f1d    00000077     main.obj (.const:.string:medium_background_bm_0x8510)
                  00008f94    00000066     main.obj (.const:.string:dark_background_bm_0x4208)
                  00008ffa    00000066     main.obj (.const:.string:light_background_bm_0x4508)
                  00009060    00000066     main.obj (.const:.string:light_background_bm_0x4610)
                  000090c6    00000066     main.obj (.const:.string:light_background_bm_0x4718)
                  0000912c    00000055     main.obj (.const:.string:dark_background_bm_0x4108)
                  00009181    0000003c     main.obj (.const:.string:light_background_bm_0x4608)
                  000091bd    0000002c     main.obj (.const:.string:light_background_bm_0x4510)
                  000091e9    0000001e     main.obj (.const:.string:crosshair_bm_0x0)
                  00009207    0000001e     main.obj (.const:.string:crosshair_bm_0xc718)
                  00009225    0000001a     main.obj (.const:.string:light_background_bm_0x4710)
                  0000923f    0000000a     main.obj (.const:.string:light_background_bm_0x4408)
                  00009249    00000001     main.obj (.const:.string:dark_background_bm_0x4308)
                  0000924a    00000001     main.obj (.const:.string:medium_background_bm_0x8608)
                  0000924b    00000001     --HOLE-- [fill = 0]
                  0000924c    00000008     port.obj (.const)
                  00009254    00000006     main.obj (.const:.string:light_background_bm_0x508)
                  0000925a    00000002     --HOLE-- [fill = 0]
                  0000925c    00000004     tasks.obj (.const)

.cinit     0    00009260    00000200     
                  00009260    000001d7     (.cinit..data.load) [load image, compression = lzss]
                  00009437    00000001     --HOLE-- [fill = 0]
                  00009438    0000000c     (__TI_handler_table)
                  00009444    00000004     --HOLE-- [fill = 0]
                  00009448    00000008     (.cinit..bss.load) [load image, compression = zero_init]
                  00009450    00000010     (__TI_cinit_table)

.init_array 
*          0    00000000    00000000     UNINITIALIZED

.binit     0    00000000    00000000     

.bss       0    20000000    00008176     UNINITIALIZED
                  20000000    00008000     heap_4.obj (.bss:ucHeap)
                  20008000    000000c8     tasks.obj (.bss:pxReadyTasksLists)
                  200080c8    00000014     timers.obj (.bss:xActiveTimerList1)
                  200080dc    00000014     timers.obj (.bss:xActiveTimerList2)
                  200080f0    00000014     tasks.obj (.bss:xDelayedTaskList1)
                  20008104    00000014     tasks.obj (.bss:xDelayedTaskList2)
                  20008118    00000014     tasks.obj (.bss:xPendingReadyList)
                  2000812c    00000014     tasks.obj (.bss:xSuspendedTaskList)
                  20008140    00000014     tasks.obj (.bss:xTasksWaitingTermination)
                  20008154    00000008     tasks.obj (.bss)
                  2000815c    00000008     timers.obj (.bss)
                  20008164    00000008     heap_4.obj (.bss:xStart)
                  2000816c    00000004     (.common:Rx_String)
                  20008170    00000004     (.common:Tx_Buffer)
                  20008174    00000001     main.obj (.bss)
                  20008175    00000001     (.common:ALERT_STRING)

.sysmem    0    20008178    00000400     UNINITIALIZED
                  20008178    00000010     rtsv7M4_T_le_v4SPD16_eabi.lib : memory.c.obj (.sysmem)
                  20008188    000003f0     --HOLE--

.data      0    20008578    0000037b     UNINITIALIZED
                  20008578    00000154     main.obj (.data:layers_light_background)
                  200086cc    000000a0     main.obj (.data:layers_dark_background)
                  2000876c    000000a0     main.obj (.data:layers_medium_background)
                  2000880c    00000034     tasks.obj (.data)
                  20008840    00000028     main.obj (.data:layers_crosshair)
                  20008868    0000001f     main.obj (.data)
                  20008887    00000001     --HOLE--
                  20008888    00000018     heap_4.obj (.data)
                  200088a0    00000018     port.obj (.data)
                  200088b8    0000000e     lcd.obj (.data)
                  200088c6    00000002     serial_debug.obj (.data)
                  200088c8    0000000c     timers.obj (.data)
                  200088d4    00000008     rtsv7M4_T_le_v4SPD16_eabi.lib : _lock.c.obj (.data:$O1$$)
                  200088dc    00000008                                   : memory.c.obj (.data:$O1$$)
                  200088e4    00000008     ps2.obj (.data)
                  200088ec    00000004     system_msp432p401r.obj (.data)
                  200088f0    00000003     timer32.obj (.data)

.stack     0    2000fe00    00000200     UNINITIALIZED
                  2000fe00    00000004     rtsv7M4_T_le_v4SPD16_eabi.lib : boot_cortex_m.c.obj (.stack)
                  2000fe04    000001fc     --HOLE--

__llvm_prf_cnts 
*          0    20000000    00000000     UNINITIALIZED

MODULE SUMMARY

       Module                        code    ro data   rw data
       ------                        ----    -------   -------
    ./
       main.obj                      1108    11957     1464   
       lcd.obj                       2008    0         28     
       system_msp432p401r.obj        852     0         8      
       circular_buffer.obj           450     0         0      
       serial_debug.obj              428     0         22     
       i2c.obj                       448     0         0      
       ps2.obj                       304     0         16     
       timer32.obj                   264     0         6      
       startup_msp432p401r_ccs.obj   14      228       0      
       opt3001.obj                   80      0         0      
    +--+-----------------------------+-------+---------+---------+
       Total:                        5956    12185     1544   
                                                              
    ./FreeRTOS/
       heap_4.obj                    1108    0         65600  
       tasks.obj                     8372    4         720    
       queue.obj                     4368    0         0      
       timers.obj                    1956    0         120    
       list.obj                      298     0         0      
    +--+-----------------------------+-------+---------+---------+
       Total:                        16102   4         66440  
                                                              
    ./FreeRTOS/portable/
       port.obj                      1080    8         48     
       portasm.obj                   218     0         0      
    +--+-----------------------------+-------+---------+---------+
       Total:                        1298    8         48     
                                                              
    /Applications/TI/ccs1110/ccs/tools/compiler/ti-cgt-arm_20.2.5.LTS/lib/rtsv7M4_T_le_v4SPD16_eabi.lib
       memory.c.obj                  900     0         16     
       fd_mul_t2.asm.obj             252     0         0      
       memcpy_t2.asm.obj             156     0         0      
       memset_t2.asm.obj             122     0         0      
       fd_tos_t2.asm.obj             110     0         0      
       copy_decompress_lzss.c.obj    104     0         0      
       autoinit.c.obj                68      0         0      
       u_divt2.asm.obj               64      0         0      
       boot_cortex_m.c.obj           52      0         0      
       i_tofd_t2.asm.obj             46      0         0      
       _lock.c.obj                   2       0         16     
       copy_decompress_none.c.obj    14      0         0      
       copy_zero_init.c.obj          12      0         0      
       exit.c.obj                    4       0         0      
       pre_init.c.obj                4       0         0      
       div0.asm.obj                  2       0         0      
    +--+-----------------------------+-------+---------+---------+
       Total:                        1912    0         32     
                                                              
       Heap:                         0       0         2048   
       Stack:                        0       0         1024   
       Linker Generated:             0       507       0      
    +--+-----------------------------+-------+---------+---------+
       Grand Total:                  25268   12704     71136  


LINKER GENERATED COPY TABLES

__TI_cinit_table @ 00009450 records: 2, size/record: 8, table size: 16
	.data: load addr=00009260, load size=000001d7 bytes, run addr=20008578, run size=0000037b bytes, compression=lzss
	.bss: load addr=00009448, load size=00000008 bytes, run addr=20000000, run size=00008176 bytes, compression=zero_init


LINKER GENERATED HANDLER TABLE

__TI_handler_table @ 00009438 records: 3, size/record: 4, table size: 12
	index: 0, handler: __TI_decompress_lzss
	index: 1, handler: __TI_decompress_none
	index: 2, handler: __TI_zero_init


GLOBAL SYMBOLS: SORTED ALPHABETICALLY BY Name 

address   name                               
-------   ----                               
000057dd  ADC14_IRQHandler                   
000057dd  ADC14_IRQHandler                   
0000637f  AES256_IRQHandler                  
20008175  ALERT_STRING                       
0000637f  BusFault_Handler                   
00006399  C$$EXIT                            
0000637f  COMP_E0_IRQHandler                 
0000637f  COMP_E1_IRQHandler                 
0000637f  CS_IRQHandler                      
000033f1  Crystalfontz128x128_Init           
00003381  Crystalfontz128x128_SetDrawFrame   
0000637f  DMA_ERR_IRQHandler                 
0000637f  DMA_INT0_IRQHandler                
0000637f  DMA_INT1_IRQHandler                
0000637f  DMA_INT2_IRQHandler                
0000637f  DMA_INT3_IRQHandler                
0000637f  DebugMon_Handler                   
0000637f  Default_Handler                    
000056a9  EUSCIA0_IRQHandler                 
000056a9  EUSCIA0_IRQHandler                 
0000637f  EUSCIA1_IRQHandler                 
0000637f  EUSCIA2_IRQHandler                 
0000637f  EUSCIA3_IRQHandler                 
0000637f  EUSCIB0_IRQHandler                 
0000637f  EUSCIB1_IRQHandler                 
0000637f  EUSCIB2_IRQHandler                 
0000637f  EUSCIB3_IRQHandler                 
0000637f  FLCTL_IRQHandler                   
0000637f  FPU_IRQHandler                     
000032a9  HAL_LCD_PortInit                   
000032f1  HAL_LCD_SpiInit                    
00003325  HAL_LCD_writeCommand               
0000335d  HAL_LCD_writeData                  
0000637f  HardFault_Handler                  
000059dd  MKII_S2                            
0000637f  MemManage_Handler                  
200088f1  NEW_FRAME                          
0000637f  NMI_Handler                        
0000637f  PCM_IRQHandler                     
0000637f  PORT1_IRQHandler                   
0000637f  PORT2_IRQHandler                   
0000637f  PORT3_IRQHandler                   
0000637f  PORT4_IRQHandler                   
0000637f  PORT5_IRQHandler                   
0000637f  PORT6_IRQHandler                   
200088e4  PS2_X_VAL                          
200088e8  PS2_Y_VAL                          
0000637f  PSS_IRQHandler                     
0000637f  PendSV_Handler                     
0000637f  RTC_C_IRQHandler                   
00006373  Reset_Handler                      
200088c6  Rx_Char_Count                      
2000816c  Rx_String                          
200088f0  S2_P                               
0000637f  SVC_Handler                        
20008880  Sem_LCD                            
0000637f  SysTick_Handler                    
200088ec  SystemCoreClock                    
00004ed1  SystemCoreClockUpdate              
00005149  SystemInit                         
00005a43  T32_INT1_IRQHandler                
00005a43  T32_INT1_IRQHandler                
00005a75  T32_INT2_IRQHandler                
00005a75  T32_INT2_IRQHandler                
0000637f  T32_INTC_IRQHandler                
0000637f  TA0_0_IRQHandler                   
0000637f  TA0_N_IRQHandler                   
0000637f  TA1_0_IRQHandler                   
0000637f  TA1_N_IRQHandler                   
0000637f  TA2_0_IRQHandler                   
0000637f  TA2_N_IRQHandler                   
0000637f  TA3_0_IRQHandler                   
0000637f  TA3_N_IRQHandler                   
2000887c  TaskH_newFrame                     
20008878  TaskH_updateBackground             
00004d69  Task_newFrame                      
00004cd9  Task_updateBackground              
20008170  Tx_Buffer                          
0000637f  UsageFault_Handler                 
4000480c  WDTCTL_SYM                         
0000637f  WDT_A_IRQHandler                   
20010000  __STACK_END                        
00000200  __STACK_SIZE                       
00000400  __SYSMEM_SIZE                      
00009450  __TI_CINIT_Base                    
00009460  __TI_CINIT_Limit                   
00009438  __TI_Handler_Table_Base            
00009444  __TI_Handler_Table_Limit           
00006205  __TI_auto_init_nobinit_nopinit     
0000614b  __TI_decompress_lzss               
00006365  __TI_decompress_none               
ffffffff  __TI_pprof_out_hndl                
ffffffff  __TI_prof_data_size                
ffffffff  __TI_prof_data_start               
00000000  __TI_static_base__                 
00006381  __TI_zero_init                     
000060dd  __aeabi_d2f                        
00005bb9  __aeabi_dmul                       
000062f1  __aeabi_i2d                        
000059af  __aeabi_idiv0                      
000059af  __aeabi_ldiv0                      
00005ff3  __aeabi_memclr                     
00005ff3  __aeabi_memclr4                    
00005ff3  __aeabi_memclr8                    
00005f57  __aeabi_memcpy                     
00005f57  __aeabi_memcpy4                    
00005f57  __aeabi_memcpy8                    
00005ff5  __aeabi_memset                     
00005ff5  __aeabi_memset4                    
00005ff5  __aeabi_memset8                    
00006249  __aeabi_uidiv                      
00006249  __aeabi_uidivmod                   
ffffffff  __binit__                          
ffffffff  __c_args__                         
UNDEFED   __mpu_init                         
2000fe00  __stack                            
20000000  __start___llvm_prf_cnts            
20000000  __stop___llvm_prf_cnts             
00006289  _c_int00_noargs                    
200088d4  _lock                              
000053e7  _nop                               
20008178  _sys_memory                        
UNDEFED   _system_post_cinit                 
00006395  _system_pre_init                   
200088d8  _unlock                            
00006399  abort                              
00005781  adc14_init                         
00005ab9  aligned_alloc                      
ffffffff  binit                              
0000526b  circular_buffer_add                
00005257  circular_buffer_delete             
000052e7  circular_buffer_empty              
00005303  circular_buffer_full               
00005225  circular_buffer_init               
000052a5  circular_buffer_remove             
00005331  circular_buffer_test_0             
000091e9  crosshair_bm_0x0                   
00009207  crosshair_bm_0xc718                
0000912c  dark_background_bm_0x4108          
00008c28  dark_background_bm_0x4110          
00008f94  dark_background_bm_0x4208          
000076bc  dark_background_bm_0x4210          
00009249  dark_background_bm_0x4308          
00007ba6  dark_background_bm_0x4310          
00007db5  dark_background_bm_0x4410          
0000706d  dark_background_bm_0x8             
000035b1  draw                               
00004b05  draw_crosshair                     
00004ae9  draw_dark_background               
00004ab1  draw_light_background              
00004acd  draw_medium_background             
00003513  draw_moving_layers                 
000013ed  eTaskConfirmSleepModeStatus        
00000541  eTaskGetState                      
2000886a  first_col_fg                       
20008868  first_row_fg                       
00005679  fputc                              
00005cb5  free                               
00005477  i2c_init                           
00005513  i2c_read_16                        
000054b7  i2c_write_16                       
000062bd  init                               
00000000  interruptVectors                   
2000886e  last_col_fg                        
2000886c  last_row_fg                        
20008840  layers_crosshair                   
200086cc  layers_dark_background             
20008578  layers_light_background            
2000876c  layers_medium_background           
00008a2a  light_background_bm_0x200          
00008ea6  light_background_bm_0x300          
0000814b  light_background_bm_0x400          
000084bf  light_background_bm_0x4400         
0000923f  light_background_bm_0x4408         
00008305  light_background_bm_0x4500         
00008ffa  light_background_bm_0x4508         
000091bd  light_background_bm_0x4510         
0000863f  light_background_bm_0x4600         
00009181  light_background_bm_0x4608         
00009060  light_background_bm_0x4610         
00009225  light_background_bm_0x4710         
000090c6  light_background_bm_0x4718         
000087b5  light_background_bm_0x500          
00009254  light_background_bm_0x508          
00008b29  light_background_bm_0x600          
0000639c  light_background_bm_0x8718         
00004dfd  main                               
0000638d  malloc                             
0000891a  medium_background_bm_0x4308        
00007931  medium_background_bm_0x4408        
00007f80  medium_background_bm_0x4508        
00008d16  medium_background_bm_0x4608        
00006a0d  medium_background_bm_0x8410        
00008de6  medium_background_bm_0x8508        
00008f1d  medium_background_bm_0x8510        
0000924a  medium_background_bm_0x8608        
00005ab9  memalign                           
00005f57  memcpy                             
00005ffb  memset                             
20008870  moving_layers                      
20008874  num_moving_layers                  
000061b5  opt3001_init                       
000061c5  opt3001_read_lux                   
00000bdd  pcTaskGetName                      
00003cdb  pcTimerGetName                     
00004225  pvPortMalloc                       
00001491  pvTaskGetThreadLocalStoragePointer 
00001a45  pvTaskIncrementMutexHeldCount      
00004195  pvTimerGetTimerID                  
2000880c  pxCurrentTCB                       
00004679  pxPortInitialiseStack              
00005d99  realloc                            
00005667  serial_debug_init                  
0000563d  serial_debug_put_string            
000059f1  t32_init                           
00002fbf  ucQueueGetQueueType                
0000924c  ulMaxSyscallInterruptPriority      
00005e8d  ulPortGetIPSR                      
00001a65  ulTaskGenericNotifyTake            
00002093  ulTaskGenericNotifyValueClear      
00005967  uxListRemove                       
00002f9f  uxQueueGetQueueNumber              
00002eed  uxQueueMessagesWaiting             
00002f51  uxQueueMessagesWaitingFromISR      
00002f1d  uxQueueSpacesAvailable             
00000bd7  uxTaskGetNumberOfTasks             
00000c29  uxTaskGetSystemState               
00001351  uxTaskGetTaskNumber                
00000619  uxTaskPriorityGet                  
00000641  uxTaskPriorityGetFromISR           
00001a23  uxTaskResetEventItemValue          
00003c75  uxTimerGetReloadMode               
000041f1  uxTimerGetTimerNumber              
0000925c  uxTopUsedPriority                  
00004e59  vApplicationMallocFailedHook       
00004e5b  vApplicationStackOverflowHook      
00005885  vListInitialise                    
000058b5  vListInitialiseItem                
00005901  vListInsert                        
000058c5  vListInsertEnd                     
00005f49  vPortEnableVFP                     
000047bd  vPortEndScheduler                  
000047e1  vPortEnterCritical                 
00004823  vPortExitCritical                  
000043b7  vPortFree                          
000045b9  vPortGetHeapStats                  
0000445d  vPortInitialiseBlocks              
00005f05  vPortSVCHandler                    
000049d5  vPortSetupTimerInterrupt           
00005f25  vPortStartFirstTask                
0000487d  vPortSuppressTicksAndSleep         
00004a1d  vPortValidateInterruptPriority     
00002f7b  vQueueDelete                       
00002fad  vQueueSetQueueNumber               
0000324d  vQueueWaitForMessageRestricted     
000004d9  vTaskDelay                         
00000323  vTaskDelete                        
00000a2f  vTaskEndScheduler                  
00001f25  vTaskGenericNotifyGiveFromISR      
00001565  vTaskGetInfo                       
0000127d  vTaskInternalSetTimeOutState       
00001349  vTaskMissedYield                   
00001043  vTaskPlaceOnEventList              
000010e5  vTaskPlaceOnEventListRestricted    
00001079  vTaskPlaceOnUnorderedEventList     
00001929  vTaskPriorityDisinheritAfterTimeout
00000685  vTaskPrioritySet                   
000011b5  vTaskRemoveFromUnorderedEventList  
0000091d  vTaskResume                        
00000ea3  vTaskSetApplicationTaskTag         
00001371  vTaskSetTaskNumber                 
00001449  vTaskSetThreadLocalStoragePointer  
0000124b  vTaskSetTimeOutState               
000009b5  vTaskStartScheduler                
00000d05  vTaskStepTick                      
000007b9  vTaskSuspend                       
00000a4b  vTaskSuspendAll                    
00000f79  vTaskSwitchContext                 
00003c2b  vTimerSetReloadMode                
000041c3  vTimerSetTimerID                   
000041ff  vTimerSetTimerNumber               
00004451  xPortGetFreeHeapSize               
00004457  xPortGetMinimumEverFreeHeapSize    
00005ea5  xPortPendSVHandler                 
00004705  xPortStartScheduler                
0000484f  xPortSysTickHandler                
00002437  xQueueCreateCountingSemaphore      
00002363  xQueueCreateMutex                  
0000224d  xQueueGenericCreate                
00002199  xQueueGenericReset                 
00002495  xQueueGenericSend                  
00002649  xQueueGenericSendFromISR           
00002775  xQueueGiveFromISR                  
0000238f  xQueueGiveMutexRecursive           
000031b9  xQueueIsQueueEmptyFromISR          
00003213  xQueueIsQueueFullFromISR           
00002bcd  xQueuePeek                         
00002e41  xQueuePeekFromISR                  
00002883  xQueueReceive                      
00002d4b  xQueueReceiveFromISR               
000029fb  xQueueSemaphoreTake                
000023df  xQueueTakeMutexRecursive           
00000f39  xTaskCallApplicationTaskHook       
00000d3f  xTaskCatchUpTicks                  
00001297  xTaskCheckForTimeOut               
000000e5  xTaskCreate                        
000003f7  xTaskDelayUntil                    
00001c01  xTaskGenericNotify                 
00001d77  xTaskGenericNotifyFromISR          
0000202f  xTaskGenericNotifyStateClear       
00001b1d  xTaskGenericNotifyWait             
00000ec9  xTaskGetApplicationTaskTag         
00000ef1  xTaskGetApplicationTaskTagFromISR  
0000173b  xTaskGetCurrentTaskHandle          
0000174b  xTaskGetSchedulerState             
00000bb3  xTaskGetTickCount                  
00000bc3  xTaskGetTickCountFromISR           
00000d91  xTaskIncrementTick                 
0000185d  xTaskPriorityDisinherit            
00001795  xTaskPriorityInherit               
00001125  xTaskRemoveFromEventList           
00000ab1  xTaskResumeAll                     
00003ac1  xTimerCreate                       
00003a81  xTimerCreateTimerTask              
00003b63  xTimerGenericCommand               
00003cb1  xTimerGetExpiryTime                
00003c05  xTimerGetPeriod                    
00003be3  xTimerGetTimerDaemonTaskHandle     
00004159  xTimerIsTimerActive                


GLOBAL SYMBOLS: SORTED BY Symbol Address 

address   name                               
-------   ----                               
00000000  __TI_static_base__                 
00000000  interruptVectors                   
000000e5  xTaskCreate                        
00000200  __STACK_SIZE                       
00000323  vTaskDelete                        
000003f7  xTaskDelayUntil                    
00000400  __SYSMEM_SIZE                      
000004d9  vTaskDelay                         
00000541  eTaskGetState                      
00000619  uxTaskPriorityGet                  
00000641  uxTaskPriorityGetFromISR           
00000685  vTaskPrioritySet                   
000007b9  vTaskSuspend                       
0000091d  vTaskResume                        
000009b5  vTaskStartScheduler                
00000a2f  vTaskEndScheduler                  
00000a4b  vTaskSuspendAll                    
00000ab1  xTaskResumeAll                     
00000bb3  xTaskGetTickCount                  
00000bc3  xTaskGetTickCountFromISR           
00000bd7  uxTaskGetNumberOfTasks             
00000bdd  pcTaskGetName                      
00000c29  uxTaskGetSystemState               
00000d05  vTaskStepTick                      
00000d3f  xTaskCatchUpTicks                  
00000d91  xTaskIncrementTick                 
00000ea3  vTaskSetApplicationTaskTag         
00000ec9  xTaskGetApplicationTaskTag         
00000ef1  xTaskGetApplicationTaskTagFromISR  
00000f39  xTaskCallApplicationTaskHook       
00000f79  vTaskSwitchContext                 
00001043  vTaskPlaceOnEventList              
00001079  vTaskPlaceOnUnorderedEventList     
000010e5  vTaskPlaceOnEventListRestricted    
00001125  xTaskRemoveFromEventList           
000011b5  vTaskRemoveFromUnorderedEventList  
0000124b  vTaskSetTimeOutState               
0000127d  vTaskInternalSetTimeOutState       
00001297  xTaskCheckForTimeOut               
00001349  vTaskMissedYield                   
00001351  uxTaskGetTaskNumber                
00001371  vTaskSetTaskNumber                 
000013ed  eTaskConfirmSleepModeStatus        
00001449  vTaskSetThreadLocalStoragePointer  
00001491  pvTaskGetThreadLocalStoragePointer 
00001565  vTaskGetInfo                       
0000173b  xTaskGetCurrentTaskHandle          
0000174b  xTaskGetSchedulerState             
00001795  xTaskPriorityInherit               
0000185d  xTaskPriorityDisinherit            
00001929  vTaskPriorityDisinheritAfterTimeout
00001a23  uxTaskResetEventItemValue          
00001a45  pvTaskIncrementMutexHeldCount      
00001a65  ulTaskGenericNotifyTake            
00001b1d  xTaskGenericNotifyWait             
00001c01  xTaskGenericNotify                 
00001d77  xTaskGenericNotifyFromISR          
00001f25  vTaskGenericNotifyGiveFromISR      
0000202f  xTaskGenericNotifyStateClear       
00002093  ulTaskGenericNotifyValueClear      
00002199  xQueueGenericReset                 
0000224d  xQueueGenericCreate                
00002363  xQueueCreateMutex                  
0000238f  xQueueGiveMutexRecursive           
000023df  xQueueTakeMutexRecursive           
00002437  xQueueCreateCountingSemaphore      
00002495  xQueueGenericSend                  
00002649  xQueueGenericSendFromISR           
00002775  xQueueGiveFromISR                  
00002883  xQueueReceive                      
000029fb  xQueueSemaphoreTake                
00002bcd  xQueuePeek                         
00002d4b  xQueueReceiveFromISR               
00002e41  xQueuePeekFromISR                  
00002eed  uxQueueMessagesWaiting             
00002f1d  uxQueueSpacesAvailable             
00002f51  uxQueueMessagesWaitingFromISR      
00002f7b  vQueueDelete                       
00002f9f  uxQueueGetQueueNumber              
00002fad  vQueueSetQueueNumber               
00002fbf  ucQueueGetQueueType                
000031b9  xQueueIsQueueEmptyFromISR          
00003213  xQueueIsQueueFullFromISR           
0000324d  vQueueWaitForMessageRestricted     
000032a9  HAL_LCD_PortInit                   
000032f1  HAL_LCD_SpiInit                    
00003325  HAL_LCD_writeCommand               
0000335d  HAL_LCD_writeData                  
00003381  Crystalfontz128x128_SetDrawFrame   
000033f1  Crystalfontz128x128_Init           
00003513  draw_moving_layers                 
000035b1  draw                               
00003a81  xTimerCreateTimerTask              
00003ac1  xTimerCreate                       
00003b63  xTimerGenericCommand               
00003be3  xTimerGetTimerDaemonTaskHandle     
00003c05  xTimerGetPeriod                    
00003c2b  vTimerSetReloadMode                
00003c75  uxTimerGetReloadMode               
00003cb1  xTimerGetExpiryTime                
00003cdb  pcTimerGetName                     
00004159  xTimerIsTimerActive                
00004195  pvTimerGetTimerID                  
000041c3  vTimerSetTimerID                   
000041f1  uxTimerGetTimerNumber              
000041ff  vTimerSetTimerNumber               
00004225  pvPortMalloc                       
000043b7  vPortFree                          
00004451  xPortGetFreeHeapSize               
00004457  xPortGetMinimumEverFreeHeapSize    
0000445d  vPortInitialiseBlocks              
000045b9  vPortGetHeapStats                  
00004679  pxPortInitialiseStack              
00004705  xPortStartScheduler                
000047bd  vPortEndScheduler                  
000047e1  vPortEnterCritical                 
00004823  vPortExitCritical                  
0000484f  xPortSysTickHandler                
0000487d  vPortSuppressTicksAndSleep         
000049d5  vPortSetupTimerInterrupt           
00004a1d  vPortValidateInterruptPriority     
00004ab1  draw_light_background              
00004acd  draw_medium_background             
00004ae9  draw_dark_background               
00004b05  draw_crosshair                     
00004cd9  Task_updateBackground              
00004d69  Task_newFrame                      
00004dfd  main                               
00004e59  vApplicationMallocFailedHook       
00004e5b  vApplicationStackOverflowHook      
00004ed1  SystemCoreClockUpdate              
00005149  SystemInit                         
00005225  circular_buffer_init               
00005257  circular_buffer_delete             
0000526b  circular_buffer_add                
000052a5  circular_buffer_remove             
000052e7  circular_buffer_empty              
00005303  circular_buffer_full               
00005331  circular_buffer_test_0             
000053e7  _nop                               
00005477  i2c_init                           
000054b7  i2c_write_16                       
00005513  i2c_read_16                        
0000563d  serial_debug_put_string            
00005667  serial_debug_init                  
00005679  fputc                              
000056a9  EUSCIA0_IRQHandler                 
000056a9  EUSCIA0_IRQHandler                 
00005781  adc14_init                         
000057dd  ADC14_IRQHandler                   
000057dd  ADC14_IRQHandler                   
00005885  vListInitialise                    
000058b5  vListInitialiseItem                
000058c5  vListInsertEnd                     
00005901  vListInsert                        
00005967  uxListRemove                       
000059af  __aeabi_idiv0                      
000059af  __aeabi_ldiv0                      
000059dd  MKII_S2                            
000059f1  t32_init                           
00005a43  T32_INT1_IRQHandler                
00005a43  T32_INT1_IRQHandler                
00005a75  T32_INT2_IRQHandler                
00005a75  T32_INT2_IRQHandler                
00005ab9  aligned_alloc                      
00005ab9  memalign                           
00005bb9  __aeabi_dmul                       
00005cb5  free                               
00005d99  realloc                            
00005e8d  ulPortGetIPSR                      
00005ea5  xPortPendSVHandler                 
00005f05  vPortSVCHandler                    
00005f25  vPortStartFirstTask                
00005f49  vPortEnableVFP                     
00005f57  __aeabi_memcpy                     
00005f57  __aeabi_memcpy4                    
00005f57  __aeabi_memcpy8                    
00005f57  memcpy                             
00005ff3  __aeabi_memclr                     
00005ff3  __aeabi_memclr4                    
00005ff3  __aeabi_memclr8                    
00005ff5  __aeabi_memset                     
00005ff5  __aeabi_memset4                    
00005ff5  __aeabi_memset8                    
00005ffb  memset                             
000060dd  __aeabi_d2f                        
0000614b  __TI_decompress_lzss               
000061b5  opt3001_init                       
000061c5  opt3001_read_lux                   
00006205  __TI_auto_init_nobinit_nopinit     
00006249  __aeabi_uidiv                      
00006249  __aeabi_uidivmod                   
00006289  _c_int00_noargs                    
000062bd  init                               
000062f1  __aeabi_i2d                        
00006365  __TI_decompress_none               
00006373  Reset_Handler                      
0000637f  AES256_IRQHandler                  
0000637f  BusFault_Handler                   
0000637f  COMP_E0_IRQHandler                 
0000637f  COMP_E1_IRQHandler                 
0000637f  CS_IRQHandler                      
0000637f  DMA_ERR_IRQHandler                 
0000637f  DMA_INT0_IRQHandler                
0000637f  DMA_INT1_IRQHandler                
0000637f  DMA_INT2_IRQHandler                
0000637f  DMA_INT3_IRQHandler                
0000637f  DebugMon_Handler                   
0000637f  Default_Handler                    
0000637f  EUSCIA1_IRQHandler                 
0000637f  EUSCIA2_IRQHandler                 
0000637f  EUSCIA3_IRQHandler                 
0000637f  EUSCIB0_IRQHandler                 
0000637f  EUSCIB1_IRQHandler                 
0000637f  EUSCIB2_IRQHandler                 
0000637f  EUSCIB3_IRQHandler                 
0000637f  FLCTL_IRQHandler                   
0000637f  FPU_IRQHandler                     
0000637f  HardFault_Handler                  
0000637f  MemManage_Handler                  
0000637f  NMI_Handler                        
0000637f  PCM_IRQHandler                     
0000637f  PORT1_IRQHandler                   
0000637f  PORT2_IRQHandler                   
0000637f  PORT3_IRQHandler                   
0000637f  PORT4_IRQHandler                   
0000637f  PORT5_IRQHandler                   
0000637f  PORT6_IRQHandler                   
0000637f  PSS_IRQHandler                     
0000637f  PendSV_Handler                     
0000637f  RTC_C_IRQHandler                   
0000637f  SVC_Handler                        
0000637f  SysTick_Handler                    
0000637f  T32_INTC_IRQHandler                
0000637f  TA0_0_IRQHandler                   
0000637f  TA0_N_IRQHandler                   
0000637f  TA1_0_IRQHandler                   
0000637f  TA1_N_IRQHandler                   
0000637f  TA2_0_IRQHandler                   
0000637f  TA2_N_IRQHandler                   
0000637f  TA3_0_IRQHandler                   
0000637f  TA3_N_IRQHandler                   
0000637f  UsageFault_Handler                 
0000637f  WDT_A_IRQHandler                   
00006381  __TI_zero_init                     
0000638d  malloc                             
00006395  _system_pre_init                   
00006399  C$$EXIT                            
00006399  abort                              
0000639c  light_background_bm_0x8718         
00006a0d  medium_background_bm_0x8410        
0000706d  dark_background_bm_0x8             
000076bc  dark_background_bm_0x4210          
00007931  medium_background_bm_0x4408        
00007ba6  dark_background_bm_0x4310          
00007db5  dark_background_bm_0x4410          
00007f80  medium_background_bm_0x4508        
0000814b  light_background_bm_0x400          
00008305  light_background_bm_0x4500         
000084bf  light_background_bm_0x4400         
0000863f  light_background_bm_0x4600         
000087b5  light_background_bm_0x500          
0000891a  medium_background_bm_0x4308        
00008a2a  light_background_bm_0x200          
00008b29  light_background_bm_0x600          
00008c28  dark_background_bm_0x4110          
00008d16  medium_background_bm_0x4608        
00008de6  medium_background_bm_0x8508        
00008ea6  light_background_bm_0x300          
00008f1d  medium_background_bm_0x8510        
00008f94  dark_background_bm_0x4208          
00008ffa  light_background_bm_0x4508         
00009060  light_background_bm_0x4610         
000090c6  light_background_bm_0x4718         
0000912c  dark_background_bm_0x4108          
00009181  light_background_bm_0x4608         
000091bd  light_background_bm_0x4510         
000091e9  crosshair_bm_0x0                   
00009207  crosshair_bm_0xc718                
00009225  light_background_bm_0x4710         
0000923f  light_background_bm_0x4408         
00009249  dark_background_bm_0x4308          
0000924a  medium_background_bm_0x8608        
0000924c  ulMaxSyscallInterruptPriority      
00009254  light_background_bm_0x508          
0000925c  uxTopUsedPriority                  
00009438  __TI_Handler_Table_Base            
00009444  __TI_Handler_Table_Limit           
00009450  __TI_CINIT_Base                    
00009460  __TI_CINIT_Limit                   
20000000  __start___llvm_prf_cnts            
20000000  __stop___llvm_prf_cnts             
2000816c  Rx_String                          
20008170  Tx_Buffer                          
20008175  ALERT_STRING                       
20008178  _sys_memory                        
20008578  layers_light_background            
200086cc  layers_dark_background             
2000876c  layers_medium_background           
2000880c  pxCurrentTCB                       
20008840  layers_crosshair                   
20008868  first_row_fg                       
2000886a  first_col_fg                       
2000886c  last_row_fg                        
2000886e  last_col_fg                        
20008870  moving_layers                      
20008874  num_moving_layers                  
20008878  TaskH_updateBackground             
2000887c  TaskH_newFrame                     
20008880  Sem_LCD                            
200088c6  Rx_Char_Count                      
200088d4  _lock                              
200088d8  _unlock                            
200088e4  PS2_X_VAL                          
200088e8  PS2_Y_VAL                          
200088ec  SystemCoreClock                    
200088f0  S2_P                               
200088f1  NEW_FRAME                          
2000fe00  __stack                            
20010000  __STACK_END                        
4000480c  WDTCTL_SYM                         
ffffffff  __TI_pprof_out_hndl                
ffffffff  __TI_prof_data_size                
ffffffff  __TI_prof_data_start               
ffffffff  __binit__                          
ffffffff  __c_args__                         
ffffffff  binit                              
UNDEFED   __mpu_init                         
UNDEFED   _system_post_cinit                 

[329 symbols]
