******************************************************************************
                  TI ARM Linker Unix v20.2.5                   
******************************************************************************
>> Linked Thu Apr 28 03:11:02 2022

OUTPUT FILE NAME:   <duckhunt_FreeRtos.out>
ENTRY POINT SYMBOL: "_c_int00_noargs"  address: 000062fd


MEMORY CONFIGURATION

         name            origin    length      used     unused   attr    fill
----------------------  --------  ---------  --------  --------  ----  --------
  MAIN                  00000000   00040000  000094d0  00036b30  R  X
  INFO                  00200000   00004000  00000000  00004000  R  X
  SRAM_CODE             01000000   00010000  00008af5  0000750b  RW X
  SRAM_DATA             20000000   00010000  00008af5  0000750b  RW  


SEGMENT ALLOCATION MAP

run origin  load origin   length   init length attrs members
----------  ----------- ---------- ----------- ----- -------
00000000    00000000    000094d0   000094d0    r-x
  00000000    00000000    000000e4   000000e4    r-- .intvecs
  000000e4    000000e4    00006328   00006328    r-x .text
  0000640c    0000640c    00002ec4   00002ec4    r-- .const
  000092d0    000092d0    00000200   00000200    r-- .cinit
20000000    20000000    000088f7   00000000    rw-
  20000000    20000000    00008176   00000000    rw- .bss
  20008178    20008178    00000400   00000000    rw- .sysmem
  20008578    20008578    0000037f   00000000    rw- .data
2000fe00    2000fe00    00000200   00000000    rw-
  2000fe00    2000fe00    00000200   00000000    rw- .stack


SECTION ALLOCATION MAP

 output                                  attributes/
section   page    origin      length       input sections
--------  ----  ----------  ----------   ----------------
.intvecs   0    00000000    000000e4     
                  00000000    000000e4     startup_msp432p401r_ccs.obj (.intvecs:retain)

.text      0    000000e4    00006328     
                  000000e4    000020b4     tasks.obj (.text)
                  00002198    00001110     queue.obj (.text)
                  000032a8    000007d8     lcd.obj (.text)
                  00003a80    000007a4     timers.obj (.text)
                  00004224    00000470     main.obj (.text)
                  00004694    00000454     heap_4.obj (.text)
                  00004ae8    00000438     port.obj (.text)
                  00004f20    00000378     system_msp432p401r.obj (.text)
                  00005298    000001c2     circular_buffer.obj (.text)
                  0000545a    00000002     rtsv7M4_T_le_v4SPD16_eabi.lib : _lock.c.obj (.text:_nop)
                  0000545c    000001c0     i2c.obj (.text)
                  0000561c    000001ac     serial_debug.obj (.text)
                  000057c8    00000130     ps2.obj (.text)
                  000058f8    0000012a     list.obj (.text)
                  00005a22    00000002     rtsv7M4_T_le_v4SPD16_eabi.lib : div0.asm.obj (.text)
                  00005a24    00000108     timer32.obj (.text)
                  00005b2c    00000100     rtsv7M4_T_le_v4SPD16_eabi.lib : memory.c.obj (.text:aligned_alloc)
                  00005c2c    000000fc                                   : fd_mul_t2.asm.obj (.text)
                  00005d28    000000e4                                   : memory.c.obj (.text:free)
                  00005e0c    000000e4                                   : memory.c.obj (.text:realloc)
                  00005ef0    000000da     portasm.obj (.text)
                  00005fca    0000009c     rtsv7M4_T_le_v4SPD16_eabi.lib : memcpy_t2.asm.obj (.text)
                  00006066    0000007a                                   : memset_t2.asm.obj (.text)
                  000060e0    00000070                                   : memory.c.obj (.text:split)
                  00006150    0000006e                                   : fd_tos_t2.asm.obj (.text)
                  000061be    00000068                                   : copy_decompress_lzss.c.obj (.text:decompress:lzss:__TI_decompress_lzss)
                  00006226    00000002     --HOLE-- [fill = 0]
                  00006228    00000050     opt3001.obj (.text)
                  00006278    00000044     rtsv7M4_T_le_v4SPD16_eabi.lib : autoinit.c.obj (.text:__TI_auto_init_nobinit_nopinit:__TI_auto_init_nobinit_nopinit)
                  000062bc    00000040                                   : u_divt2.asm.obj (.text)
                  000062fc    00000034                                   : boot_cortex_m.c.obj (.text:_c_int00_noargs:_c_int00_noargs)
                  00006330    00000030     main.obj (.text:init)
                  00006360    0000002e     rtsv7M4_T_le_v4SPD16_eabi.lib : i_tofd_t2.asm.obj (.text)
                  0000638e    00000002     --HOLE-- [fill = 0]
                  00006390    00000028                                   : memory.c.obj (.text:free_list_insert)
                  000063b8    0000001c                                   : memory.c.obj (.text:free_list_remove)
                  000063d4    0000000e                                   : copy_decompress_none.c.obj (.text:decompress:none:__TI_decompress_none)
                  000063e2    0000000e     startup_msp432p401r_ccs.obj (.text)
                  000063f0    0000000c     rtsv7M4_T_le_v4SPD16_eabi.lib : copy_zero_init.c.obj (.text:decompress:ZI:__TI_zero_init)
                  000063fc    00000008                                   : memory.c.obj (.text:malloc)
                  00006404    00000004                                   : pre_init.c.obj (.text:_system_pre_init)
                  00006408    00000004                                   : exit.c.obj (.text:abort:abort)

.const     0    0000640c    00002ec4     
                  0000640c    00000671     main.obj (.const:.string:light_background_bm_0x8718)
                  00006a7d    00000660     main.obj (.const:.string:medium_background_bm_0x8410)
                  000070dd    0000064f     main.obj (.const:.string:dark_background_bm_0x8)
                  0000772c    00000275     main.obj (.const:.string:dark_background_bm_0x4210)
                  000079a1    00000275     main.obj (.const:.string:medium_background_bm_0x4408)
                  00007c16    0000020f     main.obj (.const:.string:dark_background_bm_0x4310)
                  00007e25    000001cb     main.obj (.const:.string:dark_background_bm_0x4410)
                  00007ff0    000001cb     main.obj (.const:.string:medium_background_bm_0x4508)
                  000081bb    000001ba     main.obj (.const:.string:light_background_bm_0x400)
                  00008375    000001ba     main.obj (.const:.string:light_background_bm_0x4500)
                  0000852f    00000180     main.obj (.const:.string:light_background_bm_0x4400)
                  000086af    00000176     main.obj (.const:.string:light_background_bm_0x4600)
                  00008825    00000165     main.obj (.const:.string:light_background_bm_0x500)
                  0000898a    00000110     main.obj (.const:.string:medium_background_bm_0x4308)
                  00008a9a    000000ff     main.obj (.const:.string:light_background_bm_0x200)
                  00008b99    000000ff     main.obj (.const:.string:light_background_bm_0x600)
                  00008c98    000000ee     main.obj (.const:.string:dark_background_bm_0x4110)
                  00008d86    000000d0     main.obj (.const:.string:medium_background_bm_0x4608)
                  00008e56    000000c0     main.obj (.const:.string:medium_background_bm_0x8508)
                  00008f16    00000077     main.obj (.const:.string:light_background_bm_0x300)
                  00008f8d    00000077     main.obj (.const:.string:medium_background_bm_0x8510)
                  00009004    00000066     main.obj (.const:.string:dark_background_bm_0x4208)
                  0000906a    00000066     main.obj (.const:.string:light_background_bm_0x4508)
                  000090d0    00000066     main.obj (.const:.string:light_background_bm_0x4610)
                  00009136    00000066     main.obj (.const:.string:light_background_bm_0x4718)
                  0000919c    00000055     main.obj (.const:.string:dark_background_bm_0x4108)
                  000091f1    0000003c     main.obj (.const:.string:light_background_bm_0x4608)
                  0000922d    0000002c     main.obj (.const:.string:light_background_bm_0x4510)
                  00009259    0000001e     main.obj (.const:.string:crosshair_bm_0x0)
                  00009277    0000001e     main.obj (.const:.string:crosshair_bm_0xc718)
                  00009295    0000001a     main.obj (.const:.string:light_background_bm_0x4710)
                  000092af    0000000a     main.obj (.const:.string:light_background_bm_0x4408)
                  000092b9    00000001     main.obj (.const:.string:dark_background_bm_0x4308)
                  000092ba    00000001     main.obj (.const:.string:medium_background_bm_0x8608)
                  000092bb    00000001     --HOLE-- [fill = 0]
                  000092bc    00000008     port.obj (.const)
                  000092c4    00000006     main.obj (.const:.string:light_background_bm_0x508)
                  000092ca    00000002     --HOLE-- [fill = 0]
                  000092cc    00000004     tasks.obj (.const)

.cinit     0    000092d0    00000200     
                  000092d0    000001d8     (.cinit..data.load) [load image, compression = lzss]
                  000094a8    0000000c     (__TI_handler_table)
                  000094b4    00000004     --HOLE-- [fill = 0]
                  000094b8    00000008     (.cinit..bss.load) [load image, compression = zero_init]
                  000094c0    00000010     (__TI_cinit_table)

.init_array 
*          0    00000000    00000000     UNINITIALIZED

.binit     0    00000000    00000000     

.bss       0    20000000    00008176     UNINITIALIZED
                  20000000    00008000     heap_4.obj (.bss:ucHeap)
                  20008000    000000c8     tasks.obj (.bss:pxReadyTasksLists)
                  200080c8    00000014     timers.obj (.bss:xActiveTimerList1)
                  200080dc    00000014     timers.obj (.bss:xActiveTimerList2)
                  200080f0    00000014     tasks.obj (.bss:xDelayedTaskList1)
                  20008104    00000014     tasks.obj (.bss:xDelayedTaskList2)
                  20008118    00000014     tasks.obj (.bss:xPendingReadyList)
                  2000812c    00000014     tasks.obj (.bss:xSuspendedTaskList)
                  20008140    00000014     tasks.obj (.bss:xTasksWaitingTermination)
                  20008154    00000008     tasks.obj (.bss)
                  2000815c    00000008     timers.obj (.bss)
                  20008164    00000008     heap_4.obj (.bss:xStart)
                  2000816c    00000004     (.common:Rx_String)
                  20008170    00000004     (.common:Tx_Buffer)
                  20008174    00000001     main.obj (.bss)
                  20008175    00000001     (.common:ALERT_STRING)

.sysmem    0    20008178    00000400     UNINITIALIZED
                  20008178    00000010     rtsv7M4_T_le_v4SPD16_eabi.lib : memory.c.obj (.sysmem)
                  20008188    000003f0     --HOLE--

.data      0    20008578    0000037f     UNINITIALIZED
                  20008578    00000154     main.obj (.data:layers_light_background)
                  200086cc    000000a0     main.obj (.data:layers_dark_background)
                  2000876c    000000a0     main.obj (.data:layers_medium_background)
                  2000880c    00000034     tasks.obj (.data)
                  20008840    00000028     main.obj (.data:layers_crosshair)
                  20008868    00000024     main.obj (.data)
                  2000888c    00000018     heap_4.obj (.data)
                  200088a4    00000018     port.obj (.data)
                  200088bc    0000000e     lcd.obj (.data)
                  200088ca    00000002     serial_debug.obj (.data)
                  200088cc    0000000c     timers.obj (.data)
                  200088d8    00000008     rtsv7M4_T_le_v4SPD16_eabi.lib : _lock.c.obj (.data:$O1$$)
                  200088e0    00000008                                   : memory.c.obj (.data:$O1$$)
                  200088e8    00000008     ps2.obj (.data)
                  200088f0    00000004     system_msp432p401r.obj (.data)
                  200088f4    00000003     timer32.obj (.data)

.stack     0    2000fe00    00000200     UNINITIALIZED
                  2000fe00    00000004     rtsv7M4_T_le_v4SPD16_eabi.lib : boot_cortex_m.c.obj (.stack)
                  2000fe04    000001fc     --HOLE--

__llvm_prf_cnts 
*          0    20000000    00000000     UNINITIALIZED

MODULE SUMMARY

       Module                        code    ro data   rw data
       ------                        ----    -------   -------
    ./
       main.obj                      1184    11957     1474   
       lcd.obj                       2008    0         28     
       system_msp432p401r.obj        888     0         8      
       circular_buffer.obj           450     0         0      
       serial_debug.obj              428     0         22     
       i2c.obj                       448     0         0      
       ps2.obj                       304     0         16     
       timer32.obj                   264     0         6      
       startup_msp432p401r_ccs.obj   14      228       0      
       opt3001.obj                   80      0         0      
    +--+-----------------------------+-------+---------+---------+
       Total:                        6068    12185     1554   
                                                              
    ./FreeRTOS/
       heap_4.obj                    1108    0         65600  
       tasks.obj                     8372    4         720    
       queue.obj                     4368    0         0      
       timers.obj                    1956    0         120    
       list.obj                      298     0         0      
    +--+-----------------------------+-------+---------+---------+
       Total:                        16102   4         66440  
                                                              
    ./FreeRTOS/portable/
       port.obj                      1080    8         48     
       portasm.obj                   218     0         0      
    +--+-----------------------------+-------+---------+---------+
       Total:                        1298    8         48     
                                                              
    /Applications/TI/ccs1110/ccs/tools/compiler/ti-cgt-arm_20.2.5.LTS/lib/rtsv7M4_T_le_v4SPD16_eabi.lib
       memory.c.obj                  900     0         16     
       fd_mul_t2.asm.obj             252     0         0      
       memcpy_t2.asm.obj             156     0         0      
       memset_t2.asm.obj             122     0         0      
       fd_tos_t2.asm.obj             110     0         0      
       copy_decompress_lzss.c.obj    104     0         0      
       autoinit.c.obj                68      0         0      
       u_divt2.asm.obj               64      0         0      
       boot_cortex_m.c.obj           52      0         0      
       i_tofd_t2.asm.obj             46      0         0      
       _lock.c.obj                   2       0         16     
       copy_decompress_none.c.obj    14      0         0      
       copy_zero_init.c.obj          12      0         0      
       exit.c.obj                    4       0         0      
       pre_init.c.obj                4       0         0      
       div0.asm.obj                  2       0         0      
    +--+-----------------------------+-------+---------+---------+
       Total:                        1912    0         32     
                                                              
       Heap:                         0       0         2048   
       Stack:                        0       0         1024   
       Linker Generated:             0       508       0      
    +--+-----------------------------+-------+---------+---------+
       Grand Total:                  25380   12705     71146  


LINKER GENERATED COPY TABLES

__TI_cinit_table @ 000094c0 records: 2, size/record: 8, table size: 16
	.data: load addr=000092d0, load size=000001d8 bytes, run addr=20008578, run size=0000037f bytes, compression=lzss
	.bss: load addr=000094b8, load size=00000008 bytes, run addr=20000000, run size=00008176 bytes, compression=zero_init


LINKER GENERATED HANDLER TABLE

__TI_handler_table @ 000094a8 records: 3, size/record: 4, table size: 12
	index: 0, handler: __TI_decompress_lzss
	index: 1, handler: __TI_decompress_none
	index: 2, handler: __TI_zero_init


GLOBAL SYMBOLS: SORTED ALPHABETICALLY BY Name 

address   name                               
-------   ----                               
00005851  ADC14_IRQHandler                   
00005851  ADC14_IRQHandler                   
000063ef  AES256_IRQHandler                  
20008175  ALERT_STRING                       
000063ef  BusFault_Handler                   
00006409  C$$EXIT                            
000063ef  COMP_E0_IRQHandler                 
000063ef  COMP_E1_IRQHandler                 
000063ef  CS_IRQHandler                      
000033f1  Crystalfontz128x128_Init           
00003381  Crystalfontz128x128_SetDrawFrame   
000063ef  DMA_ERR_IRQHandler                 
000063ef  DMA_INT0_IRQHandler                
000063ef  DMA_INT1_IRQHandler                
000063ef  DMA_INT2_IRQHandler                
000063ef  DMA_INT3_IRQHandler                
000063ef  DebugMon_Handler                   
000063ef  Default_Handler                    
0000571d  EUSCIA0_IRQHandler                 
0000571d  EUSCIA0_IRQHandler                 
000063ef  EUSCIA1_IRQHandler                 
000063ef  EUSCIA2_IRQHandler                 
000063ef  EUSCIA3_IRQHandler                 
000063ef  EUSCIB0_IRQHandler                 
000063ef  EUSCIB1_IRQHandler                 
000063ef  EUSCIB2_IRQHandler                 
000063ef  EUSCIB3_IRQHandler                 
000063ef  FLCTL_IRQHandler                   
000063ef  FPU_IRQHandler                     
000032a9  HAL_LCD_PortInit                   
000032f1  HAL_LCD_SpiInit                    
00003325  HAL_LCD_writeCommand               
0000335d  HAL_LCD_writeData                  
000063ef  HardFault_Handler                  
00005a51  MKII_S2                            
000063ef  MemManage_Handler                  
200088f5  NEW_FRAME                          
000063ef  NMI_Handler                        
000063ef  PCM_IRQHandler                     
000063ef  PORT1_IRQHandler                   
000063ef  PORT2_IRQHandler                   
000063ef  PORT3_IRQHandler                   
000063ef  PORT4_IRQHandler                   
000063ef  PORT5_IRQHandler                   
000063ef  PORT6_IRQHandler                   
200088e8  PS2_X_VAL                          
200088ec  PS2_Y_VAL                          
000063ef  PSS_IRQHandler                     
000063ef  PendSV_Handler                     
000063ef  RTC_C_IRQHandler                   
000063e3  Reset_Handler                      
200088ca  Rx_Char_Count                      
2000816c  Rx_String                          
200088f4  S2_P                               
000063ef  SVC_Handler                        
20008884  Sem_LCD                            
000063ef  SysTick_Handler                    
200088f0  SystemCoreClock                    
00004f21  SystemCoreClockUpdate              
00005199  SystemInit                         
00005ab7  T32_INT1_IRQHandler                
00005ab7  T32_INT1_IRQHandler                
00005ae9  T32_INT2_IRQHandler                
00005ae9  T32_INT2_IRQHandler                
000063ef  T32_INTC_IRQHandler                
000063ef  TA0_0_IRQHandler                   
000063ef  TA0_N_IRQHandler                   
000063ef  TA1_0_IRQHandler                   
000063ef  TA1_N_IRQHandler                   
000063ef  TA2_0_IRQHandler                   
000063ef  TA2_N_IRQHandler                   
000063ef  TA3_0_IRQHandler                   
000063ef  TA3_N_IRQHandler                   
20008878  TaskH_joystick                     
2000887c  TaskH_newFrame                     
20008880  TaskH_s2                           
00004535  Task_joystick                      
00004487  Task_newFrame                      
0000444d  Task_s2                            
20008170  Tx_Buffer                          
000063ef  UsageFault_Handler                 
4000480c  WDTCTL_SYM                         
000063ef  WDT_A_IRQHandler                   
20010000  __STACK_END                        
00000200  __STACK_SIZE                       
00000400  __SYSMEM_SIZE                      
000094c0  __TI_CINIT_Base                    
000094d0  __TI_CINIT_Limit                   
000094a8  __TI_Handler_Table_Base            
000094b4  __TI_Handler_Table_Limit           
00006279  __TI_auto_init_nobinit_nopinit     
000061bf  __TI_decompress_lzss               
000063d5  __TI_decompress_none               
ffffffff  __TI_pprof_out_hndl                
ffffffff  __TI_prof_data_size                
ffffffff  __TI_prof_data_start               
00000000  __TI_static_base__                 
000063f1  __TI_zero_init                     
00006151  __aeabi_d2f                        
00005c2d  __aeabi_dmul                       
00006361  __aeabi_i2d                        
00005a23  __aeabi_idiv0                      
00005a23  __aeabi_ldiv0                      
00006067  __aeabi_memclr                     
00006067  __aeabi_memclr4                    
00006067  __aeabi_memclr8                    
00005fcb  __aeabi_memcpy                     
00005fcb  __aeabi_memcpy4                    
00005fcb  __aeabi_memcpy8                    
00006069  __aeabi_memset                     
00006069  __aeabi_memset4                    
00006069  __aeabi_memset8                    
000062bd  __aeabi_uidiv                      
000062bd  __aeabi_uidivmod                   
ffffffff  __binit__                          
ffffffff  __c_args__                         
UNDEFED   __mpu_init                         
2000fe00  __stack                            
20000000  __start___llvm_prf_cnts            
20000000  __stop___llvm_prf_cnts             
000062fd  _c_int00_noargs                    
200088d8  _lock                              
0000545b  _nop                               
20008178  _sys_memory                        
UNDEFED   _system_post_cinit                 
00006405  _system_pre_init                   
200088dc  _unlock                            
00006409  abort                              
000057f5  adc14_init                         
00005b2d  aligned_alloc                      
ffffffff  binit                              
000052df  circular_buffer_add                
000052cb  circular_buffer_delete             
0000535b  circular_buffer_empty              
00005377  circular_buffer_full               
00005299  circular_buffer_init               
00005319  circular_buffer_remove             
000053a5  circular_buffer_test_0             
00009259  crosshair_bm_0x0                   
00009277  crosshair_bm_0xc718                
0000919c  dark_background_bm_0x4108          
00008c98  dark_background_bm_0x4110          
00009004  dark_background_bm_0x4208          
0000772c  dark_background_bm_0x4210          
000092b9  dark_background_bm_0x4308          
00007c16  dark_background_bm_0x4310          
00007e25  dark_background_bm_0x4410          
000070dd  dark_background_bm_0x8             
000035b1  draw                               
00004279  draw_crosshair                     
0000425d  draw_dark_background               
00004225  draw_light_background              
00004241  draw_medium_background             
00003513  draw_moving_layers                 
000013ed  eTaskConfirmSleepModeStatus        
00000541  eTaskGetState                      
2000886a  first_col_fg                       
20008868  first_row_fg                       
000056ed  fputc                              
00005d29  free                               
000054eb  i2c_init                           
00005587  i2c_read_16                        
0000552b  i2c_write_16                       
00006331  init                               
00000000  interruptVectors                   
2000886e  last_col_fg                        
2000886c  last_row_fg                        
20008840  layers_crosshair                   
200086cc  layers_dark_background             
20008578  layers_light_background            
2000876c  layers_medium_background           
00008a9a  light_background_bm_0x200          
00008f16  light_background_bm_0x300          
000081bb  light_background_bm_0x400          
0000852f  light_background_bm_0x4400         
000092af  light_background_bm_0x4408         
00008375  light_background_bm_0x4500         
0000906a  light_background_bm_0x4508         
0000922d  light_background_bm_0x4510         
000086af  light_background_bm_0x4600         
000091f1  light_background_bm_0x4608         
000090d0  light_background_bm_0x4610         
00009295  light_background_bm_0x4710         
00009136  light_background_bm_0x4718         
00008825  light_background_bm_0x500          
000092c4  light_background_bm_0x508          
00008b99  light_background_bm_0x600          
0000640c  light_background_bm_0x8718         
00004595  main                               
000063fd  malloc                             
0000898a  medium_background_bm_0x4308        
000079a1  medium_background_bm_0x4408        
00007ff0  medium_background_bm_0x4508        
00008d86  medium_background_bm_0x4608        
00006a7d  medium_background_bm_0x8410        
00008e56  medium_background_bm_0x8508        
00008f8d  medium_background_bm_0x8510        
000092ba  medium_background_bm_0x8608        
00005b2d  memalign                           
00005fcb  memcpy                             
0000606f  memset                             
20008870  moving_layers                      
20008874  num_moving_layers                  
00006229  opt3001_init                       
00006239  opt3001_read_lux                   
00000bdd  pcTaskGetName                      
00003cdb  pcTimerGetName                     
00004695  pvPortMalloc                       
00001491  pvTaskGetThreadLocalStoragePointer 
00001a45  pvTaskIncrementMutexHeldCount      
00004195  pvTimerGetTimerID                  
2000880c  pxCurrentTCB                       
00004ae9  pxPortInitialiseStack              
00005e0d  realloc                            
000056db  serial_debug_init                  
000056b1  serial_debug_put_string            
00005a65  t32_init                           
00002fbf  ucQueueGetQueueType                
000092bc  ulMaxSyscallInterruptPriority      
00005f01  ulPortGetIPSR                      
00001a65  ulTaskGenericNotifyTake            
00002093  ulTaskGenericNotifyValueClear      
000059db  uxListRemove                       
00002f9f  uxQueueGetQueueNumber              
00002eed  uxQueueMessagesWaiting             
00002f51  uxQueueMessagesWaitingFromISR      
00002f1d  uxQueueSpacesAvailable             
00000bd7  uxTaskGetNumberOfTasks             
00000c29  uxTaskGetSystemState               
00001351  uxTaskGetTaskNumber                
00000619  uxTaskPriorityGet                  
00000641  uxTaskPriorityGetFromISR           
00001a23  uxTaskResetEventItemValue          
00003c75  uxTimerGetReloadMode               
000041f1  uxTimerGetTimerNumber              
000092cc  uxTopUsedPriority                  
00004607  vApplicationMallocFailedHook       
0000460d  vApplicationStackOverflowHook      
000058f9  vListInitialise                    
00005929  vListInitialiseItem                
00005975  vListInsert                        
00005939  vListInsertEnd                     
00005fbd  vPortEnableVFP                     
00004c2d  vPortEndScheduler                  
00004c51  vPortEnterCritical                 
00004c93  vPortExitCritical                  
00004827  vPortFree                          
00004a29  vPortGetHeapStats                  
000048cd  vPortInitialiseBlocks              
00005f79  vPortSVCHandler                    
00004e45  vPortSetupTimerInterrupt           
00005f99  vPortStartFirstTask                
00004ced  vPortSuppressTicksAndSleep         
00004e8d  vPortValidateInterruptPriority     
00002f7b  vQueueDelete                       
00002fad  vQueueSetQueueNumber               
0000324d  vQueueWaitForMessageRestricted     
000004d9  vTaskDelay                         
00000323  vTaskDelete                        
00000a2f  vTaskEndScheduler                  
00001f25  vTaskGenericNotifyGiveFromISR      
00001565  vTaskGetInfo                       
0000127d  vTaskInternalSetTimeOutState       
00001349  vTaskMissedYield                   
00001043  vTaskPlaceOnEventList              
000010e5  vTaskPlaceOnEventListRestricted    
00001079  vTaskPlaceOnUnorderedEventList     
00001929  vTaskPriorityDisinheritAfterTimeout
00000685  vTaskPrioritySet                   
000011b5  vTaskRemoveFromUnorderedEventList  
0000091d  vTaskResume                        
00000ea3  vTaskSetApplicationTaskTag         
00001371  vTaskSetTaskNumber                 
00001449  vTaskSetThreadLocalStoragePointer  
0000124b  vTaskSetTimeOutState               
000009b5  vTaskStartScheduler                
00000d05  vTaskStepTick                      
000007b9  vTaskSuspend                       
00000a4b  vTaskSuspendAll                    
00000f79  vTaskSwitchContext                 
00003c2b  vTimerSetReloadMode                
000041c3  vTimerSetTimerID                   
000041ff  vTimerSetTimerNumber               
000048c1  xPortGetFreeHeapSize               
000048c7  xPortGetMinimumEverFreeHeapSize    
00005f19  xPortPendSVHandler                 
00004b75  xPortStartScheduler                
00004cbf  xPortSysTickHandler                
00002437  xQueueCreateCountingSemaphore      
00002363  xQueueCreateMutex                  
0000224d  xQueueGenericCreate                
00002199  xQueueGenericReset                 
00002495  xQueueGenericSend                  
00002649  xQueueGenericSendFromISR           
00002775  xQueueGiveFromISR                  
0000238f  xQueueGiveMutexRecursive           
000031b9  xQueueIsQueueEmptyFromISR          
00003213  xQueueIsQueueFullFromISR           
00002bcd  xQueuePeek                         
00002e41  xQueuePeekFromISR                  
00002883  xQueueReceive                      
00002d4b  xQueueReceiveFromISR               
000029fb  xQueueSemaphoreTake                
000023df  xQueueTakeMutexRecursive           
00000f39  xTaskCallApplicationTaskHook       
00000d3f  xTaskCatchUpTicks                  
00001297  xTaskCheckForTimeOut               
000000e5  xTaskCreate                        
000003f7  xTaskDelayUntil                    
00001c01  xTaskGenericNotify                 
00001d77  xTaskGenericNotifyFromISR          
0000202f  xTaskGenericNotifyStateClear       
00001b1d  xTaskGenericNotifyWait             
00000ec9  xTaskGetApplicationTaskTag         
00000ef1  xTaskGetApplicationTaskTagFromISR  
0000173b  xTaskGetCurrentTaskHandle          
0000174b  xTaskGetSchedulerState             
00000bb3  xTaskGetTickCount                  
00000bc3  xTaskGetTickCountFromISR           
00000d91  xTaskIncrementTick                 
0000185d  xTaskPriorityDisinherit            
00001795  xTaskPriorityInherit               
00001125  xTaskRemoveFromEventList           
00000ab1  xTaskResumeAll                     
00003ac1  xTimerCreate                       
00003a81  xTimerCreateTimerTask              
00003b63  xTimerGenericCommand               
00003cb1  xTimerGetExpiryTime                
00003c05  xTimerGetPeriod                    
00003be3  xTimerGetTimerDaemonTaskHandle     
00004159  xTimerIsTimerActive                


GLOBAL SYMBOLS: SORTED BY Symbol Address 

address   name                               
-------   ----                               
00000000  __TI_static_base__                 
00000000  interruptVectors                   
000000e5  xTaskCreate                        
00000200  __STACK_SIZE                       
00000323  vTaskDelete                        
000003f7  xTaskDelayUntil                    
00000400  __SYSMEM_SIZE                      
000004d9  vTaskDelay                         
00000541  eTaskGetState                      
00000619  uxTaskPriorityGet                  
00000641  uxTaskPriorityGetFromISR           
00000685  vTaskPrioritySet                   
000007b9  vTaskSuspend                       
0000091d  vTaskResume                        
000009b5  vTaskStartScheduler                
00000a2f  vTaskEndScheduler                  
00000a4b  vTaskSuspendAll                    
00000ab1  xTaskResumeAll                     
00000bb3  xTaskGetTickCount                  
00000bc3  xTaskGetTickCountFromISR           
00000bd7  uxTaskGetNumberOfTasks             
00000bdd  pcTaskGetName                      
00000c29  uxTaskGetSystemState               
00000d05  vTaskStepTick                      
00000d3f  xTaskCatchUpTicks                  
00000d91  xTaskIncrementTick                 
00000ea3  vTaskSetApplicationTaskTag         
00000ec9  xTaskGetApplicationTaskTag         
00000ef1  xTaskGetApplicationTaskTagFromISR  
00000f39  xTaskCallApplicationTaskHook       
00000f79  vTaskSwitchContext                 
00001043  vTaskPlaceOnEventList              
00001079  vTaskPlaceOnUnorderedEventList     
000010e5  vTaskPlaceOnEventListRestricted    
00001125  xTaskRemoveFromEventList           
000011b5  vTaskRemoveFromUnorderedEventList  
0000124b  vTaskSetTimeOutState               
0000127d  vTaskInternalSetTimeOutState       
00001297  xTaskCheckForTimeOut               
00001349  vTaskMissedYield                   
00001351  uxTaskGetTaskNumber                
00001371  vTaskSetTaskNumber                 
000013ed  eTaskConfirmSleepModeStatus        
00001449  vTaskSetThreadLocalStoragePointer  
00001491  pvTaskGetThreadLocalStoragePointer 
00001565  vTaskGetInfo                       
0000173b  xTaskGetCurrentTaskHandle          
0000174b  xTaskGetSchedulerState             
00001795  xTaskPriorityInherit               
0000185d  xTaskPriorityDisinherit            
00001929  vTaskPriorityDisinheritAfterTimeout
00001a23  uxTaskResetEventItemValue          
00001a45  pvTaskIncrementMutexHeldCount      
00001a65  ulTaskGenericNotifyTake            
00001b1d  xTaskGenericNotifyWait             
00001c01  xTaskGenericNotify                 
00001d77  xTaskGenericNotifyFromISR          
00001f25  vTaskGenericNotifyGiveFromISR      
0000202f  xTaskGenericNotifyStateClear       
00002093  ulTaskGenericNotifyValueClear      
00002199  xQueueGenericReset                 
0000224d  xQueueGenericCreate                
00002363  xQueueCreateMutex                  
0000238f  xQueueGiveMutexRecursive           
000023df  xQueueTakeMutexRecursive           
00002437  xQueueCreateCountingSemaphore      
00002495  xQueueGenericSend                  
00002649  xQueueGenericSendFromISR           
00002775  xQueueGiveFromISR                  
00002883  xQueueReceive                      
000029fb  xQueueSemaphoreTake                
00002bcd  xQueuePeek                         
00002d4b  xQueueReceiveFromISR               
00002e41  xQueuePeekFromISR                  
00002eed  uxQueueMessagesWaiting             
00002f1d  uxQueueSpacesAvailable             
00002f51  uxQueueMessagesWaitingFromISR      
00002f7b  vQueueDelete                       
00002f9f  uxQueueGetQueueNumber              
00002fad  vQueueSetQueueNumber               
00002fbf  ucQueueGetQueueType                
000031b9  xQueueIsQueueEmptyFromISR          
00003213  xQueueIsQueueFullFromISR           
0000324d  vQueueWaitForMessageRestricted     
000032a9  HAL_LCD_PortInit                   
000032f1  HAL_LCD_SpiInit                    
00003325  HAL_LCD_writeCommand               
0000335d  HAL_LCD_writeData                  
00003381  Crystalfontz128x128_SetDrawFrame   
000033f1  Crystalfontz128x128_Init           
00003513  draw_moving_layers                 
000035b1  draw                               
00003a81  xTimerCreateTimerTask              
00003ac1  xTimerCreate                       
00003b63  xTimerGenericCommand               
00003be3  xTimerGetTimerDaemonTaskHandle     
00003c05  xTimerGetPeriod                    
00003c2b  vTimerSetReloadMode                
00003c75  uxTimerGetReloadMode               
00003cb1  xTimerGetExpiryTime                
00003cdb  pcTimerGetName                     
00004159  xTimerIsTimerActive                
00004195  pvTimerGetTimerID                  
000041c3  vTimerSetTimerID                   
000041f1  uxTimerGetTimerNumber              
000041ff  vTimerSetTimerNumber               
00004225  draw_light_background              
00004241  draw_medium_background             
0000425d  draw_dark_background               
00004279  draw_crosshair                     
0000444d  Task_s2                            
00004487  Task_newFrame                      
00004535  Task_joystick                      
00004595  main                               
00004607  vApplicationMallocFailedHook       
0000460d  vApplicationStackOverflowHook      
00004695  pvPortMalloc                       
00004827  vPortFree                          
000048c1  xPortGetFreeHeapSize               
000048c7  xPortGetMinimumEverFreeHeapSize    
000048cd  vPortInitialiseBlocks              
00004a29  vPortGetHeapStats                  
00004ae9  pxPortInitialiseStack              
00004b75  xPortStartScheduler                
00004c2d  vPortEndScheduler                  
00004c51  vPortEnterCritical                 
00004c93  vPortExitCritical                  
00004cbf  xPortSysTickHandler                
00004ced  vPortSuppressTicksAndSleep         
00004e45  vPortSetupTimerInterrupt           
00004e8d  vPortValidateInterruptPriority     
00004f21  SystemCoreClockUpdate              
00005199  SystemInit                         
00005299  circular_buffer_init               
000052cb  circular_buffer_delete             
000052df  circular_buffer_add                
00005319  circular_buffer_remove             
0000535b  circular_buffer_empty              
00005377  circular_buffer_full               
000053a5  circular_buffer_test_0             
0000545b  _nop                               
000054eb  i2c_init                           
0000552b  i2c_write_16                       
00005587  i2c_read_16                        
000056b1  serial_debug_put_string            
000056db  serial_debug_init                  
000056ed  fputc                              
0000571d  EUSCIA0_IRQHandler                 
0000571d  EUSCIA0_IRQHandler                 
000057f5  adc14_init                         
00005851  ADC14_IRQHandler                   
00005851  ADC14_IRQHandler                   
000058f9  vListInitialise                    
00005929  vListInitialiseItem                
00005939  vListInsertEnd                     
00005975  vListInsert                        
000059db  uxListRemove                       
00005a23  __aeabi_idiv0                      
00005a23  __aeabi_ldiv0                      
00005a51  MKII_S2                            
00005a65  t32_init                           
00005ab7  T32_INT1_IRQHandler                
00005ab7  T32_INT1_IRQHandler                
00005ae9  T32_INT2_IRQHandler                
00005ae9  T32_INT2_IRQHandler                
00005b2d  aligned_alloc                      
00005b2d  memalign                           
00005c2d  __aeabi_dmul                       
00005d29  free                               
00005e0d  realloc                            
00005f01  ulPortGetIPSR                      
00005f19  xPortPendSVHandler                 
00005f79  vPortSVCHandler                    
00005f99  vPortStartFirstTask                
00005fbd  vPortEnableVFP                     
00005fcb  __aeabi_memcpy                     
00005fcb  __aeabi_memcpy4                    
00005fcb  __aeabi_memcpy8                    
00005fcb  memcpy                             
00006067  __aeabi_memclr                     
00006067  __aeabi_memclr4                    
00006067  __aeabi_memclr8                    
00006069  __aeabi_memset                     
00006069  __aeabi_memset4                    
00006069  __aeabi_memset8                    
0000606f  memset                             
00006151  __aeabi_d2f                        
000061bf  __TI_decompress_lzss               
00006229  opt3001_init                       
00006239  opt3001_read_lux                   
00006279  __TI_auto_init_nobinit_nopinit     
000062bd  __aeabi_uidiv                      
000062bd  __aeabi_uidivmod                   
000062fd  _c_int00_noargs                    
00006331  init                               
00006361  __aeabi_i2d                        
000063d5  __TI_decompress_none               
000063e3  Reset_Handler                      
000063ef  AES256_IRQHandler                  
000063ef  BusFault_Handler                   
000063ef  COMP_E0_IRQHandler                 
000063ef  COMP_E1_IRQHandler                 
000063ef  CS_IRQHandler                      
000063ef  DMA_ERR_IRQHandler                 
000063ef  DMA_INT0_IRQHandler                
000063ef  DMA_INT1_IRQHandler                
000063ef  DMA_INT2_IRQHandler                
000063ef  DMA_INT3_IRQHandler                
000063ef  DebugMon_Handler                   
000063ef  Default_Handler                    
000063ef  EUSCIA1_IRQHandler                 
000063ef  EUSCIA2_IRQHandler                 
000063ef  EUSCIA3_IRQHandler                 
000063ef  EUSCIB0_IRQHandler                 
000063ef  EUSCIB1_IRQHandler                 
000063ef  EUSCIB2_IRQHandler                 
000063ef  EUSCIB3_IRQHandler                 
000063ef  FLCTL_IRQHandler                   
000063ef  FPU_IRQHandler                     
000063ef  HardFault_Handler                  
000063ef  MemManage_Handler                  
000063ef  NMI_Handler                        
000063ef  PCM_IRQHandler                     
000063ef  PORT1_IRQHandler                   
000063ef  PORT2_IRQHandler                   
000063ef  PORT3_IRQHandler                   
000063ef  PORT4_IRQHandler                   
000063ef  PORT5_IRQHandler                   
000063ef  PORT6_IRQHandler                   
000063ef  PSS_IRQHandler                     
000063ef  PendSV_Handler                     
000063ef  RTC_C_IRQHandler                   
000063ef  SVC_Handler                        
000063ef  SysTick_Handler                    
000063ef  T32_INTC_IRQHandler                
000063ef  TA0_0_IRQHandler                   
000063ef  TA0_N_IRQHandler                   
000063ef  TA1_0_IRQHandler                   
000063ef  TA1_N_IRQHandler                   
000063ef  TA2_0_IRQHandler                   
000063ef  TA2_N_IRQHandler                   
000063ef  TA3_0_IRQHandler                   
000063ef  TA3_N_IRQHandler                   
000063ef  UsageFault_Handler                 
000063ef  WDT_A_IRQHandler                   
000063f1  __TI_zero_init                     
000063fd  malloc                             
00006405  _system_pre_init                   
00006409  C$$EXIT                            
00006409  abort                              
0000640c  light_background_bm_0x8718         
00006a7d  medium_background_bm_0x8410        
000070dd  dark_background_bm_0x8             
0000772c  dark_background_bm_0x4210          
000079a1  medium_background_bm_0x4408        
00007c16  dark_background_bm_0x4310          
00007e25  dark_background_bm_0x4410          
00007ff0  medium_background_bm_0x4508        
000081bb  light_background_bm_0x400          
00008375  light_background_bm_0x4500         
0000852f  light_background_bm_0x4400         
000086af  light_background_bm_0x4600         
00008825  light_background_bm_0x500          
0000898a  medium_background_bm_0x4308        
00008a9a  light_background_bm_0x200          
00008b99  light_background_bm_0x600          
00008c98  dark_background_bm_0x4110          
00008d86  medium_background_bm_0x4608        
00008e56  medium_background_bm_0x8508        
00008f16  light_background_bm_0x300          
00008f8d  medium_background_bm_0x8510        
00009004  dark_background_bm_0x4208          
0000906a  light_background_bm_0x4508         
000090d0  light_background_bm_0x4610         
00009136  light_background_bm_0x4718         
0000919c  dark_background_bm_0x4108          
000091f1  light_background_bm_0x4608         
0000922d  light_background_bm_0x4510         
00009259  crosshair_bm_0x0                   
00009277  crosshair_bm_0xc718                
00009295  light_background_bm_0x4710         
000092af  light_background_bm_0x4408         
000092b9  dark_background_bm_0x4308          
000092ba  medium_background_bm_0x8608        
000092bc  ulMaxSyscallInterruptPriority      
000092c4  light_background_bm_0x508          
000092cc  uxTopUsedPriority                  
000094a8  __TI_Handler_Table_Base            
000094b4  __TI_Handler_Table_Limit           
000094c0  __TI_CINIT_Base                    
000094d0  __TI_CINIT_Limit                   
20000000  __start___llvm_prf_cnts            
20000000  __stop___llvm_prf_cnts             
2000816c  Rx_String                          
20008170  Tx_Buffer                          
20008175  ALERT_STRING                       
20008178  _sys_memory                        
20008578  layers_light_background            
200086cc  layers_dark_background             
2000876c  layers_medium_background           
2000880c  pxCurrentTCB                       
20008840  layers_crosshair                   
20008868  first_row_fg                       
2000886a  first_col_fg                       
2000886c  last_row_fg                        
2000886e  last_col_fg                        
20008870  moving_layers                      
20008874  num_moving_layers                  
20008878  TaskH_joystick                     
2000887c  TaskH_newFrame                     
20008880  TaskH_s2                           
20008884  Sem_LCD                            
200088ca  Rx_Char_Count                      
200088d8  _lock                              
200088dc  _unlock                            
200088e8  PS2_X_VAL                          
200088ec  PS2_Y_VAL                          
200088f0  SystemCoreClock                    
200088f4  S2_P                               
200088f5  NEW_FRAME                          
2000fe00  __stack                            
20010000  __STACK_END                        
4000480c  WDTCTL_SYM                         
ffffffff  __TI_pprof_out_hndl                
ffffffff  __TI_prof_data_size                
ffffffff  __TI_prof_data_start               
ffffffff  __binit__                          
ffffffff  __c_args__                         
ffffffff  binit                              
UNDEFED   __mpu_init                         
UNDEFED   _system_post_cinit                 

[331 symbols]
