<?xml version="1.0" encoding="ISO-8859-1" ?>
<link_info>
   <banner>TI ARM Linker Unix v20.2.5.LTS</banner>
   <copyright>Copyright (c) 1996-2018 Texas Instruments Incorporated</copyright>
   <link_time>0x626a4c16</link_time>
   <link_errors>0x0</link_errors>
   <output_file>duckhunt_FreeRtos.out</output_file>
   <entry_point>
      <name>_c_int00_noargs</name>
      <address>0x62fd</address>
   </entry_point>
   <input_file_list>
      <input_file id="fl-2">
         <path>./</path>
         <kind>object</kind>
         <file>circular_buffer.obj</file>
         <name>circular_buffer.obj</name>
      </input_file>
      <input_file id="fl-3">
         <path>./</path>
         <kind>object</kind>
         <file>i2c.obj</file>
         <name>i2c.obj</name>
      </input_file>
      <input_file id="fl-4">
         <path>./</path>
         <kind>object</kind>
         <file>lcd.obj</file>
         <name>lcd.obj</name>
      </input_file>
      <input_file id="fl-5">
         <path>./</path>
         <kind>object</kind>
         <file>main.obj</file>
         <name>main.obj</name>
      </input_file>
      <input_file id="fl-6">
         <path>./</path>
         <kind>object</kind>
         <file>opt3001.obj</file>
         <name>opt3001.obj</name>
      </input_file>
      <input_file id="fl-7">
         <path>./</path>
         <kind>object</kind>
         <file>ps2.obj</file>
         <name>ps2.obj</name>
      </input_file>
      <input_file id="fl-8">
         <path>./</path>
         <kind>object</kind>
         <file>serial_debug.obj</file>
         <name>serial_debug.obj</name>
      </input_file>
      <input_file id="fl-9">
         <path>./</path>
         <kind>object</kind>
         <file>startup_msp432p401r_ccs.obj</file>
         <name>startup_msp432p401r_ccs.obj</name>
      </input_file>
      <input_file id="fl-a">
         <path>./</path>
         <kind>object</kind>
         <file>system_msp432p401r.obj</file>
         <name>system_msp432p401r.obj</name>
      </input_file>
      <input_file id="fl-b">
         <path>./</path>
         <kind>object</kind>
         <file>timer32.obj</file>
         <name>timer32.obj</name>
      </input_file>
      <input_file id="fl-c">
         <path>./FreeRTOS/</path>
         <kind>object</kind>
         <file>croutine.obj</file>
         <name>croutine.obj</name>
      </input_file>
      <input_file id="fl-d">
         <path>./FreeRTOS/</path>
         <kind>object</kind>
         <file>event_groups.obj</file>
         <name>event_groups.obj</name>
      </input_file>
      <input_file id="fl-e">
         <path>./FreeRTOS/</path>
         <kind>object</kind>
         <file>heap_4.obj</file>
         <name>heap_4.obj</name>
      </input_file>
      <input_file id="fl-f">
         <path>./FreeRTOS/</path>
         <kind>object</kind>
         <file>list.obj</file>
         <name>list.obj</name>
      </input_file>
      <input_file id="fl-10">
         <path>./FreeRTOS/</path>
         <kind>object</kind>
         <file>queue.obj</file>
         <name>queue.obj</name>
      </input_file>
      <input_file id="fl-11">
         <path>./FreeRTOS/</path>
         <kind>object</kind>
         <file>stream_buffer.obj</file>
         <name>stream_buffer.obj</name>
      </input_file>
      <input_file id="fl-12">
         <path>./FreeRTOS/</path>
         <kind>object</kind>
         <file>tasks.obj</file>
         <name>tasks.obj</name>
      </input_file>
      <input_file id="fl-13">
         <path>./FreeRTOS/</path>
         <kind>object</kind>
         <file>timers.obj</file>
         <name>timers.obj</name>
      </input_file>
      <input_file id="fl-14">
         <path>./FreeRTOS/portable/</path>
         <kind>object</kind>
         <file>port.obj</file>
         <name>port.obj</name>
      </input_file>
      <input_file id="fl-15">
         <path>./FreeRTOS/portable/</path>
         <kind>object</kind>
         <file>portasm.obj</file>
         <name>portasm.obj</name>
      </input_file>
      <input_file id="fl-19">
         <kind>object</kind>
         <file>&lt;internal&gt;</file>
         <name>&lt;internal&gt;</name>
      </input_file>
      <input_file id="fl-cf">
         <path>/Applications/TI/ccs1110/ccs/tools/compiler/ti-cgt-arm_20.2.5.LTS/lib/</path>
         <kind>archive</kind>
         <file>rtsv7M4_T_le_v4SPD16_eabi.lib</file>
         <name>fd_mul_t2.asm.obj</name>
      </input_file>
      <input_file id="fl-d0">
         <path>/Applications/TI/ccs1110/ccs/tools/compiler/ti-cgt-arm_20.2.5.LTS/lib/</path>
         <kind>archive</kind>
         <file>rtsv7M4_T_le_v4SPD16_eabi.lib</file>
         <name>fd_tos_t2.asm.obj</name>
      </input_file>
      <input_file id="fl-d1">
         <path>/Applications/TI/ccs1110/ccs/tools/compiler/ti-cgt-arm_20.2.5.LTS/lib/</path>
         <kind>archive</kind>
         <file>rtsv7M4_T_le_v4SPD16_eabi.lib</file>
         <name>i_tofd_t2.asm.obj</name>
      </input_file>
      <input_file id="fl-d2">
         <path>/Applications/TI/ccs1110/ccs/tools/compiler/ti-cgt-arm_20.2.5.LTS/lib/</path>
         <kind>archive</kind>
         <file>rtsv7M4_T_le_v4SPD16_eabi.lib</file>
         <name>memcpy_t2.asm.obj</name>
      </input_file>
      <input_file id="fl-d3">
         <path>/Applications/TI/ccs1110/ccs/tools/compiler/ti-cgt-arm_20.2.5.LTS/lib/</path>
         <kind>archive</kind>
         <file>rtsv7M4_T_le_v4SPD16_eabi.lib</file>
         <name>u_divt2.asm.obj</name>
      </input_file>
      <input_file id="fl-d4">
         <path>/Applications/TI/ccs1110/ccs/tools/compiler/ti-cgt-arm_20.2.5.LTS/lib/</path>
         <kind>archive</kind>
         <file>rtsv7M4_T_le_v4SPD16_eabi.lib</file>
         <name>memset_t2.asm.obj</name>
      </input_file>
      <input_file id="fl-d5">
         <path>/Applications/TI/ccs1110/ccs/tools/compiler/ti-cgt-arm_20.2.5.LTS/lib/</path>
         <kind>archive</kind>
         <file>rtsv7M4_T_le_v4SPD16_eabi.lib</file>
         <name>copy_zero_init.c.obj</name>
      </input_file>
      <input_file id="fl-d6">
         <path>/Applications/TI/ccs1110/ccs/tools/compiler/ti-cgt-arm_20.2.5.LTS/lib/</path>
         <kind>archive</kind>
         <file>rtsv7M4_T_le_v4SPD16_eabi.lib</file>
         <name>copy_decompress_none.c.obj</name>
      </input_file>
      <input_file id="fl-d7">
         <path>/Applications/TI/ccs1110/ccs/tools/compiler/ti-cgt-arm_20.2.5.LTS/lib/</path>
         <kind>archive</kind>
         <file>rtsv7M4_T_le_v4SPD16_eabi.lib</file>
         <name>copy_decompress_lzss.c.obj</name>
      </input_file>
      <input_file id="fl-d8">
         <path>/Applications/TI/ccs1110/ccs/tools/compiler/ti-cgt-arm_20.2.5.LTS/lib/</path>
         <kind>archive</kind>
         <file>rtsv7M4_T_le_v4SPD16_eabi.lib</file>
         <name>memory.c.obj</name>
      </input_file>
      <input_file id="fl-d9">
         <path>/Applications/TI/ccs1110/ccs/tools/compiler/ti-cgt-arm_20.2.5.LTS/lib/</path>
         <kind>archive</kind>
         <file>rtsv7M4_T_le_v4SPD16_eabi.lib</file>
         <name>boot_cortex_m.c.obj</name>
      </input_file>
      <input_file id="fl-da">
         <path>/Applications/TI/ccs1110/ccs/tools/compiler/ti-cgt-arm_20.2.5.LTS/lib/</path>
         <kind>archive</kind>
         <file>rtsv7M4_T_le_v4SPD16_eabi.lib</file>
         <name>div0.asm.obj</name>
      </input_file>
      <input_file id="fl-db">
         <path>/Applications/TI/ccs1110/ccs/tools/compiler/ti-cgt-arm_20.2.5.LTS/lib/</path>
         <kind>archive</kind>
         <file>rtsv7M4_T_le_v4SPD16_eabi.lib</file>
         <name>autoinit.c.obj</name>
      </input_file>
      <input_file id="fl-dc">
         <path>/Applications/TI/ccs1110/ccs/tools/compiler/ti-cgt-arm_20.2.5.LTS/lib/</path>
         <kind>archive</kind>
         <file>rtsv7M4_T_le_v4SPD16_eabi.lib</file>
         <name>pre_init.c.obj</name>
      </input_file>
      <input_file id="fl-dd">
         <path>/Applications/TI/ccs1110/ccs/tools/compiler/ti-cgt-arm_20.2.5.LTS/lib/</path>
         <kind>archive</kind>
         <file>rtsv7M4_T_le_v4SPD16_eabi.lib</file>
         <name>cpy_tbl.c.obj</name>
      </input_file>
      <input_file id="fl-de">
         <path>/Applications/TI/ccs1110/ccs/tools/compiler/ti-cgt-arm_20.2.5.LTS/lib/</path>
         <kind>archive</kind>
         <file>rtsv7M4_T_le_v4SPD16_eabi.lib</file>
         <name>exit.c.obj</name>
      </input_file>
      <input_file id="fl-df">
         <path>/Applications/TI/ccs1110/ccs/tools/compiler/ti-cgt-arm_20.2.5.LTS/lib/</path>
         <kind>archive</kind>
         <file>rtsv7M4_T_le_v4SPD16_eabi.lib</file>
         <name>_lock.c.obj</name>
      </input_file>
      <input_file id="fl-e0">
         <path>/Applications/TI/ccs1110/ccs/tools/compiler/ti-cgt-arm_20.2.5.LTS/lib/</path>
         <kind>archive</kind>
         <file>rtsv7M4_T_le_v4SPD16_eabi.lib</file>
         <name>args_main.c.obj</name>
      </input_file>
   </input_file_list>
   <object_component_list>
      <object_component id="oc-26">
         <name>.intvecs:retain</name>
         <load_address>0x0</load_address>
         <run_address>0x0</run_address>
         <size>0xe4</size>
         <input_file_ref idref="fl-9"/>
      </object_component>
      <object_component id="oc-d6">
         <name>.text</name>
         <load_address>0xe4</load_address>
         <run_address>0xe4</run_address>
         <size>0x20b4</size>
         <input_file_ref idref="fl-12"/>
      </object_component>
      <object_component id="oc-15d">
         <name>.text</name>
         <load_address>0x2198</load_address>
         <run_address>0x2198</run_address>
         <size>0x1110</size>
         <input_file_ref idref="fl-10"/>
      </object_component>
      <object_component id="oc-138">
         <name>.text</name>
         <load_address>0x32a8</load_address>
         <run_address>0x32a8</run_address>
         <size>0x7d8</size>
         <input_file_ref idref="fl-4"/>
      </object_component>
      <object_component id="oc-1d4">
         <name>.text</name>
         <load_address>0x3a80</load_address>
         <run_address>0x3a80</run_address>
         <size>0x7a4</size>
         <input_file_ref idref="fl-13"/>
      </object_component>
      <object_component id="oc-b7">
         <name>.text</name>
         <load_address>0x4224</load_address>
         <run_address>0x4224</run_address>
         <size>0x470</size>
         <input_file_ref idref="fl-5"/>
      </object_component>
      <object_component id="oc-1bc">
         <name>.text</name>
         <load_address>0x4694</load_address>
         <run_address>0x4694</run_address>
         <size>0x454</size>
         <input_file_ref idref="fl-e"/>
      </object_component>
      <object_component id="oc-75">
         <name>.text</name>
         <load_address>0x4ae8</load_address>
         <run_address>0x4ae8</run_address>
         <size>0x438</size>
         <input_file_ref idref="fl-14"/>
      </object_component>
      <object_component id="oc-c9">
         <name>.text</name>
         <load_address>0x4f20</load_address>
         <run_address>0x4f20</run_address>
         <size>0x378</size>
         <input_file_ref idref="fl-a"/>
      </object_component>
      <object_component id="oc-f1">
         <name>.text</name>
         <load_address>0x5298</load_address>
         <run_address>0x5298</run_address>
         <size>0x1c2</size>
         <input_file_ref idref="fl-2"/>
      </object_component>
      <object_component id="oc-377">
         <name>.text:_nop</name>
         <load_address>0x545a</load_address>
         <run_address>0x545a</run_address>
         <size>0x2</size>
         <input_file_ref idref="fl-df"/>
      </object_component>
      <object_component id="oc-246">
         <name>.text</name>
         <load_address>0x545c</load_address>
         <run_address>0x545c</run_address>
         <size>0x1c0</size>
         <input_file_ref idref="fl-3"/>
      </object_component>
      <object_component id="oc-7b">
         <name>.text</name>
         <load_address>0x561c</load_address>
         <run_address>0x561c</run_address>
         <size>0x1ac</size>
         <input_file_ref idref="fl-8"/>
      </object_component>
      <object_component id="oc-81">
         <name>.text</name>
         <load_address>0x57c8</load_address>
         <run_address>0x57c8</run_address>
         <size>0x130</size>
         <input_file_ref idref="fl-7"/>
      </object_component>
      <object_component id="oc-1c2">
         <name>.text</name>
         <load_address>0x58f8</load_address>
         <run_address>0x58f8</run_address>
         <size>0x12a</size>
         <input_file_ref idref="fl-f"/>
      </object_component>
      <object_component id="oc-364">
         <name>.text</name>
         <load_address>0x5a22</load_address>
         <run_address>0x5a22</run_address>
         <size>0x2</size>
         <input_file_ref idref="fl-da"/>
      </object_component>
      <object_component id="oc-87">
         <name>.text</name>
         <load_address>0x5a24</load_address>
         <run_address>0x5a24</run_address>
         <size>0x108</size>
         <input_file_ref idref="fl-b"/>
      </object_component>
      <object_component id="oc-356">
         <name>.text:aligned_alloc</name>
         <load_address>0x5b2c</load_address>
         <run_address>0x5b2c</run_address>
         <size>0x100</size>
         <input_file_ref idref="fl-d8"/>
      </object_component>
      <object_component id="oc-251">
         <name>.text</name>
         <load_address>0x5c2c</load_address>
         <run_address>0x5c2c</run_address>
         <size>0xfc</size>
         <input_file_ref idref="fl-cf"/>
      </object_component>
      <object_component id="oc-206">
         <name>.text:free</name>
         <load_address>0x5d28</load_address>
         <run_address>0x5d28</run_address>
         <size>0xe4</size>
         <input_file_ref idref="fl-d8"/>
      </object_component>
      <object_component id="oc-13e">
         <name>.text:realloc</name>
         <load_address>0x5e0c</load_address>
         <run_address>0x5e0c</run_address>
         <size>0xe4</size>
         <input_file_ref idref="fl-d8"/>
      </object_component>
      <object_component id="oc-70">
         <name>.text</name>
         <load_address>0x5ef0</load_address>
         <run_address>0x5ef0</run_address>
         <size>0xda</size>
         <input_file_ref idref="fl-15"/>
      </object_component>
      <object_component id="oc-3a">
         <name>.text</name>
         <load_address>0x5fca</load_address>
         <run_address>0x5fca</run_address>
         <size>0x9c</size>
         <input_file_ref idref="fl-d2"/>
      </object_component>
      <object_component id="oc-ab">
         <name>.text</name>
         <load_address>0x6066</load_address>
         <run_address>0x6066</run_address>
         <size>0x7a</size>
         <input_file_ref idref="fl-d4"/>
      </object_component>
      <object_component id="oc-23c">
         <name>.text:split</name>
         <load_address>0x60e0</load_address>
         <run_address>0x60e0</run_address>
         <size>0x70</size>
         <input_file_ref idref="fl-d8"/>
      </object_component>
      <object_component id="oc-256">
         <name>.text</name>
         <load_address>0x6150</load_address>
         <run_address>0x6150</run_address>
         <size>0x6e</size>
         <input_file_ref idref="fl-d0"/>
      </object_component>
      <object_component id="oc-17">
         <name>.text:decompress:lzss:__TI_decompress_lzss</name>
         <load_address>0x61be</load_address>
         <run_address>0x61be</run_address>
         <size>0x68</size>
         <input_file_ref idref="fl-d7"/>
      </object_component>
      <object_component id="oc-144">
         <name>.text</name>
         <load_address>0x6228</load_address>
         <run_address>0x6228</run_address>
         <size>0x50</size>
         <input_file_ref idref="fl-6"/>
      </object_component>
      <object_component id="oc-17f">
         <name>.text:__TI_auto_init_nobinit_nopinit:__TI_auto_init_nobinit_nopinit</name>
         <load_address>0x6278</load_address>
         <run_address>0x6278</run_address>
         <size>0x44</size>
         <input_file_ref idref="fl-db"/>
      </object_component>
      <object_component id="oc-20c">
         <name>.text</name>
         <load_address>0x62bc</load_address>
         <run_address>0x62bc</run_address>
         <size>0x40</size>
         <input_file_ref idref="fl-d3"/>
      </object_component>
      <object_component id="oc-58">
         <name>.text:_c_int00_noargs:_c_int00_noargs</name>
         <load_address>0x62fc</load_address>
         <run_address>0x62fc</run_address>
         <size>0x34</size>
         <input_file_ref idref="fl-d9"/>
      </object_component>
      <object_component id="oc-156">
         <name>.text:init</name>
         <load_address>0x6330</load_address>
         <run_address>0x6330</run_address>
         <size>0x30</size>
         <input_file_ref idref="fl-5"/>
      </object_component>
      <object_component id="oc-24c">
         <name>.text</name>
         <load_address>0x6360</load_address>
         <run_address>0x6360</run_address>
         <size>0x2e</size>
         <input_file_ref idref="fl-d1"/>
      </object_component>
      <object_component id="oc-35d">
         <name>.text:free_list_insert</name>
         <load_address>0x6390</load_address>
         <run_address>0x6390</run_address>
         <size>0x28</size>
         <input_file_ref idref="fl-d8"/>
      </object_component>
      <object_component id="oc-236">
         <name>.text:free_list_remove</name>
         <load_address>0x63b8</load_address>
         <run_address>0x63b8</run_address>
         <size>0x1c</size>
         <input_file_ref idref="fl-d8"/>
      </object_component>
      <object_component id="oc-1d">
         <name>.text:decompress:none:__TI_decompress_none</name>
         <load_address>0x63d4</load_address>
         <run_address>0x63d4</run_address>
         <size>0xe</size>
         <input_file_ref idref="fl-d6"/>
      </object_component>
      <object_component id="oc-6a">
         <name>.text</name>
         <load_address>0x63e2</load_address>
         <run_address>0x63e2</run_address>
         <size>0xe</size>
         <input_file_ref idref="fl-9"/>
      </object_component>
      <object_component id="oc-4c">
         <name>.text:decompress:ZI:__TI_zero_init</name>
         <load_address>0x63f0</load_address>
         <run_address>0x63f0</run_address>
         <size>0xc</size>
         <input_file_ref idref="fl-d5"/>
      </object_component>
      <object_component id="oc-200">
         <name>.text:malloc</name>
         <load_address>0x63fc</load_address>
         <run_address>0x63fc</run_address>
         <size>0x8</size>
         <input_file_ref idref="fl-d8"/>
      </object_component>
      <object_component id="oc-b1">
         <name>.text:_system_pre_init</name>
         <load_address>0x6404</load_address>
         <run_address>0x6404</run_address>
         <size>0x4</size>
         <input_file_ref idref="fl-dc"/>
      </object_component>
      <object_component id="oc-173">
         <name>.text:abort:abort</name>
         <load_address>0x6408</load_address>
         <run_address>0x6408</run_address>
         <size>0x4</size>
         <input_file_ref idref="fl-de"/>
      </object_component>
      <object_component id="oc-25c">
         <name>.const:.string:light_background_bm_0x8718</name>
         <load_address>0x640c</load_address>
         <run_address>0x640c</run_address>
         <size>0x671</size>
         <input_file_ref idref="fl-5"/>
      </object_component>
      <object_component id="oc-291">
         <name>.const:.string:medium_background_bm_0x8410</name>
         <load_address>0x6a7d</load_address>
         <run_address>0x6a7d</run_address>
         <size>0x660</size>
         <input_file_ref idref="fl-5"/>
      </object_component>
      <object_component id="oc-2ab">
         <name>.const:.string:dark_background_bm_0x8</name>
         <load_address>0x70dd</load_address>
         <run_address>0x70dd</run_address>
         <size>0x64f</size>
         <input_file_ref idref="fl-5"/>
      </object_component>
      <object_component id="oc-2b7">
         <name>.const:.string:dark_background_bm_0x4210</name>
         <load_address>0x772c</load_address>
         <run_address>0x772c</run_address>
         <size>0x275</size>
         <input_file_ref idref="fl-5"/>
      </object_component>
      <object_component id="oc-29a">
         <name>.const:.string:medium_background_bm_0x4408</name>
         <load_address>0x79a1</load_address>
         <run_address>0x79a1</run_address>
         <size>0x275</size>
         <input_file_ref idref="fl-5"/>
      </object_component>
      <object_component id="oc-2b4">
         <name>.const:.string:dark_background_bm_0x4310</name>
         <load_address>0x7c16</load_address>
         <run_address>0x7c16</run_address>
         <size>0x20f</size>
         <input_file_ref idref="fl-5"/>
      </object_component>
      <object_component id="oc-2ae">
         <name>.const:.string:dark_background_bm_0x4410</name>
         <load_address>0x7e25</load_address>
         <run_address>0x7e25</run_address>
         <size>0x1cb</size>
         <input_file_ref idref="fl-5"/>
      </object_component>
      <object_component id="oc-294">
         <name>.const:.string:medium_background_bm_0x4508</name>
         <load_address>0x7ff0</load_address>
         <run_address>0x7ff0</run_address>
         <size>0x1cb</size>
         <input_file_ref idref="fl-5"/>
      </object_component>
      <object_component id="oc-26b">
         <name>.const:.string:light_background_bm_0x400</name>
         <load_address>0x81bb</load_address>
         <run_address>0x81bb</run_address>
         <size>0x1ba</size>
         <input_file_ref idref="fl-5"/>
      </object_component>
      <object_component id="oc-265">
         <name>.const:.string:light_background_bm_0x4500</name>
         <load_address>0x8375</load_address>
         <run_address>0x8375</run_address>
         <size>0x1ba</size>
         <input_file_ref idref="fl-5"/>
      </object_component>
      <object_component id="oc-277">
         <name>.const:.string:light_background_bm_0x4400</name>
         <load_address>0x852f</load_address>
         <run_address>0x852f</run_address>
         <size>0x180</size>
         <input_file_ref idref="fl-5"/>
      </object_component>
      <object_component id="oc-262">
         <name>.const:.string:light_background_bm_0x4600</name>
         <load_address>0x86af</load_address>
         <run_address>0x86af</run_address>
         <size>0x176</size>
         <input_file_ref idref="fl-5"/>
      </object_component>
      <object_component id="oc-268">
         <name>.const:.string:light_background_bm_0x500</name>
         <load_address>0x8825</load_address>
         <run_address>0x8825</run_address>
         <size>0x165</size>
         <input_file_ref idref="fl-5"/>
      </object_component>
      <object_component id="oc-297">
         <name>.const:.string:medium_background_bm_0x4308</name>
         <load_address>0x898a</load_address>
         <run_address>0x898a</run_address>
         <size>0x110</size>
         <input_file_ref idref="fl-5"/>
      </object_component>
      <object_component id="oc-25f">
         <name>.const:.string:light_background_bm_0x200</name>
         <load_address>0x8a9a</load_address>
         <run_address>0x8a9a</run_address>
         <size>0xff</size>
         <input_file_ref idref="fl-5"/>
      </object_component>
      <object_component id="oc-27a">
         <name>.const:.string:light_background_bm_0x600</name>
         <load_address>0x8b99</load_address>
         <run_address>0x8b99</run_address>
         <size>0xff</size>
         <input_file_ref idref="fl-5"/>
      </object_component>
      <object_component id="oc-2b1">
         <name>.const:.string:dark_background_bm_0x4110</name>
         <load_address>0x8c98</load_address>
         <run_address>0x8c98</run_address>
         <size>0xee</size>
         <input_file_ref idref="fl-5"/>
      </object_component>
      <object_component id="oc-2a0">
         <name>.const:.string:medium_background_bm_0x4608</name>
         <load_address>0x8d86</load_address>
         <run_address>0x8d86</run_address>
         <size>0xd0</size>
         <input_file_ref idref="fl-5"/>
      </object_component>
      <object_component id="oc-2a3">
         <name>.const:.string:medium_background_bm_0x8508</name>
         <load_address>0x8e56</load_address>
         <run_address>0x8e56</run_address>
         <size>0xc0</size>
         <input_file_ref idref="fl-5"/>
      </object_component>
      <object_component id="oc-26e">
         <name>.const:.string:light_background_bm_0x300</name>
         <load_address>0x8f16</load_address>
         <run_address>0x8f16</run_address>
         <size>0x77</size>
         <input_file_ref idref="fl-5"/>
      </object_component>
      <object_component id="oc-29d">
         <name>.const:.string:medium_background_bm_0x8510</name>
         <load_address>0x8f8d</load_address>
         <run_address>0x8f8d</run_address>
         <size>0x77</size>
         <input_file_ref idref="fl-5"/>
      </object_component>
      <object_component id="oc-2ba">
         <name>.const:.string:dark_background_bm_0x4208</name>
         <load_address>0x9004</load_address>
         <run_address>0x9004</run_address>
         <size>0x66</size>
         <input_file_ref idref="fl-5"/>
      </object_component>
      <object_component id="oc-271">
         <name>.const:.string:light_background_bm_0x4508</name>
         <load_address>0x906a</load_address>
         <run_address>0x906a</run_address>
         <size>0x66</size>
         <input_file_ref idref="fl-5"/>
      </object_component>
      <object_component id="oc-274">
         <name>.const:.string:light_background_bm_0x4610</name>
         <load_address>0x90d0</load_address>
         <run_address>0x90d0</run_address>
         <size>0x66</size>
         <input_file_ref idref="fl-5"/>
      </object_component>
      <object_component id="oc-280">
         <name>.const:.string:light_background_bm_0x4718</name>
         <load_address>0x9136</load_address>
         <run_address>0x9136</run_address>
         <size>0x66</size>
         <input_file_ref idref="fl-5"/>
      </object_component>
      <object_component id="oc-2bd">
         <name>.const:.string:dark_background_bm_0x4108</name>
         <load_address>0x919c</load_address>
         <run_address>0x919c</run_address>
         <size>0x55</size>
         <input_file_ref idref="fl-5"/>
      </object_component>
      <object_component id="oc-27d">
         <name>.const:.string:light_background_bm_0x4608</name>
         <load_address>0x91f1</load_address>
         <run_address>0x91f1</run_address>
         <size>0x3c</size>
         <input_file_ref idref="fl-5"/>
      </object_component>
      <object_component id="oc-286">
         <name>.const:.string:light_background_bm_0x4510</name>
         <load_address>0x922d</load_address>
         <run_address>0x922d</run_address>
         <size>0x2c</size>
         <input_file_ref idref="fl-5"/>
      </object_component>
      <object_component id="oc-2c5">
         <name>.const:.string:crosshair_bm_0x0</name>
         <load_address>0x9259</load_address>
         <run_address>0x9259</run_address>
         <size>0x1e</size>
         <input_file_ref idref="fl-5"/>
      </object_component>
      <object_component id="oc-2c8">
         <name>.const:.string:crosshair_bm_0xc718</name>
         <load_address>0x9277</load_address>
         <run_address>0x9277</run_address>
         <size>0x1e</size>
         <input_file_ref idref="fl-5"/>
      </object_component>
      <object_component id="oc-283">
         <name>.const:.string:light_background_bm_0x4710</name>
         <load_address>0x9295</load_address>
         <run_address>0x9295</run_address>
         <size>0x1a</size>
         <input_file_ref idref="fl-5"/>
      </object_component>
      <object_component id="oc-28c">
         <name>.const:.string:light_background_bm_0x4408</name>
         <load_address>0x92af</load_address>
         <run_address>0x92af</run_address>
         <size>0xa</size>
         <input_file_ref idref="fl-5"/>
      </object_component>
      <object_component id="oc-2c0">
         <name>.const:.string:dark_background_bm_0x4308</name>
         <load_address>0x92b9</load_address>
         <run_address>0x92b9</run_address>
         <size>0x1</size>
         <input_file_ref idref="fl-5"/>
      </object_component>
      <object_component id="oc-2a6">
         <name>.const:.string:medium_background_bm_0x8608</name>
         <load_address>0x92ba</load_address>
         <run_address>0x92ba</run_address>
         <size>0x1</size>
         <input_file_ref idref="fl-5"/>
      </object_component>
      <object_component id="oc-d3">
         <name>.const</name>
         <load_address>0x92bc</load_address>
         <run_address>0x92bc</run_address>
         <size>0x8</size>
         <input_file_ref idref="fl-14"/>
      </object_component>
      <object_component id="oc-289">
         <name>.const:.string:light_background_bm_0x508</name>
         <load_address>0x92c4</load_address>
         <run_address>0x92c4</run_address>
         <size>0x6</size>
         <input_file_ref idref="fl-5"/>
      </object_component>
      <object_component id="oc-1dd">
         <name>.const</name>
         <load_address>0x92cc</load_address>
         <run_address>0x92cc</run_address>
         <size>0x4</size>
         <input_file_ref idref="fl-12"/>
      </object_component>
      <object_component id="oc-459">
         <name>.cinit..data.load</name>
         <load_address>0x92d0</load_address>
         <run_address>0x92d0</run_address>
         <size>0x1d8</size>
      </object_component>
      <object_component id="oc-457">
         <name>__TI_handler_table</name>
         <load_address>0x94a8</load_address>
         <run_address>0x94a8</run_address>
         <size>0xc</size>
      </object_component>
      <object_component id="oc-45a">
         <name>.cinit..bss.load</name>
         <load_address>0x94b8</load_address>
         <run_address>0x94b8</run_address>
         <size>0x8</size>
      </object_component>
      <object_component id="oc-458">
         <name>__TI_cinit_table</name>
         <load_address>0x94c0</load_address>
         <run_address>0x94c0</run_address>
         <size>0x10</size>
      </object_component>
      <object_component id="oc-42b">
         <name>.binit</name>
         <load_address>0x0</load_address>
         <run_address>0x0</run_address>
         <size>0x0</size>
      </object_component>
      <object_component id="oc-234">
         <name>.data</name>
         <load_address>0x200088bc</load_address>
         <run_address>0x200088bc</run_address>
         <size>0xe</size>
         <input_file_ref idref="fl-4"/>
      </object_component>
      <object_component id="oc-14a">
         <name>.data:layers_light_background</name>
         <load_address>0x20008578</load_address>
         <run_address>0x20008578</run_address>
         <size>0x154</size>
         <input_file_ref idref="fl-5"/>
      </object_component>
      <object_component id="oc-14d">
         <name>.data:layers_medium_background</name>
         <load_address>0x2000876c</load_address>
         <run_address>0x2000876c</run_address>
         <size>0xa0</size>
         <input_file_ref idref="fl-5"/>
      </object_component>
      <object_component id="oc-150">
         <name>.data:layers_dark_background</name>
         <load_address>0x200086cc</load_address>
         <run_address>0x200086cc</run_address>
         <size>0xa0</size>
         <input_file_ref idref="fl-5"/>
      </object_component>
      <object_component id="oc-163">
         <name>.data</name>
         <load_address>0x20008868</load_address>
         <run_address>0x20008868</run_address>
         <size>0x24</size>
         <input_file_ref idref="fl-5"/>
      </object_component>
      <object_component id="oc-153">
         <name>.data:layers_crosshair</name>
         <load_address>0x20008840</load_address>
         <run_address>0x20008840</run_address>
         <size>0x28</size>
         <input_file_ref idref="fl-5"/>
      </object_component>
      <object_component id="oc-10a">
         <name>.data</name>
         <load_address>0x200088e8</load_address>
         <run_address>0x200088e8</run_address>
         <size>0x8</size>
         <input_file_ref idref="fl-7"/>
      </object_component>
      <object_component id="oc-fb">
         <name>.data</name>
         <load_address>0x200088ca</load_address>
         <run_address>0x200088ca</run_address>
         <size>0x2</size>
         <input_file_ref idref="fl-8"/>
      </object_component>
      <object_component id="oc-10e">
         <name>.data</name>
         <load_address>0x200088f0</load_address>
         <run_address>0x200088f0</run_address>
         <size>0x4</size>
         <input_file_ref idref="fl-a"/>
      </object_component>
      <object_component id="oc-111">
         <name>.data</name>
         <load_address>0x200088f4</load_address>
         <run_address>0x200088f4</run_address>
         <size>0x3</size>
         <input_file_ref idref="fl-b"/>
      </object_component>
      <object_component id="oc-31f">
         <name>.data</name>
         <load_address>0x2000888c</load_address>
         <run_address>0x2000888c</run_address>
         <size>0x18</size>
         <input_file_ref idref="fl-e"/>
      </object_component>
      <object_component id="oc-d0">
         <name>.data</name>
         <load_address>0x2000880c</load_address>
         <run_address>0x2000880c</run_address>
         <size>0x34</size>
         <input_file_ref idref="fl-12"/>
      </object_component>
      <object_component id="oc-334">
         <name>.data</name>
         <load_address>0x200088cc</load_address>
         <run_address>0x200088cc</run_address>
         <size>0xc</size>
         <input_file_ref idref="fl-13"/>
      </object_component>
      <object_component id="oc-dd">
         <name>.data</name>
         <load_address>0x200088a4</load_address>
         <run_address>0x200088a4</run_address>
         <size>0x18</size>
         <input_file_ref idref="fl-14"/>
      </object_component>
      <object_component id="oc-372">
         <name>.data:$O1$$</name>
         <load_address>0x200088e0</load_address>
         <run_address>0x200088e0</run_address>
         <size>0x8</size>
         <input_file_ref idref="fl-d8"/>
      </object_component>
      <object_component id="oc-242">
         <name>.data:$O1$$</name>
         <load_address>0x200088d8</load_address>
         <run_address>0x200088d8</run_address>
         <size>0x8</size>
         <input_file_ref idref="fl-df"/>
      </object_component>
      <object_component id="oc-166">
         <name>.bss</name>
         <uninitialized>true</uninitialized>
         <run_address>0x20008174</run_address>
         <size>0x1</size>
         <input_file_ref idref="fl-5"/>
      </object_component>
      <object_component id="oc-325">
         <name>.bss:ucHeap</name>
         <uninitialized>true</uninitialized>
         <run_address>0x20000000</run_address>
         <size>0x8000</size>
         <input_file_ref idref="fl-e"/>
      </object_component>
      <object_component id="oc-322">
         <name>.bss:xStart</name>
         <uninitialized>true</uninitialized>
         <run_address>0x20008164</run_address>
         <size>0x8</size>
         <input_file_ref idref="fl-e"/>
      </object_component>
      <object_component id="oc-1c8">
         <name>.bss:pxReadyTasksLists</name>
         <uninitialized>true</uninitialized>
         <run_address>0x20008000</run_address>
         <size>0xc8</size>
         <input_file_ref idref="fl-12"/>
      </object_component>
      <object_component id="oc-1e0">
         <name>.bss:xDelayedTaskList1</name>
         <uninitialized>true</uninitialized>
         <run_address>0x200080f0</run_address>
         <size>0x14</size>
         <input_file_ref idref="fl-12"/>
      </object_component>
      <object_component id="oc-1e3">
         <name>.bss:xDelayedTaskList2</name>
         <uninitialized>true</uninitialized>
         <run_address>0x20008104</run_address>
         <size>0x14</size>
         <input_file_ref idref="fl-12"/>
      </object_component>
      <object_component id="oc-1ce">
         <name>.bss</name>
         <uninitialized>true</uninitialized>
         <run_address>0x20008154</run_address>
         <size>0x8</size>
         <input_file_ref idref="fl-12"/>
      </object_component>
      <object_component id="oc-1da">
         <name>.bss:xPendingReadyList</name>
         <uninitialized>true</uninitialized>
         <run_address>0x20008118</run_address>
         <size>0x14</size>
         <input_file_ref idref="fl-12"/>
      </object_component>
      <object_component id="oc-1cb">
         <name>.bss:xTasksWaitingTermination</name>
         <uninitialized>true</uninitialized>
         <run_address>0x20008140</run_address>
         <size>0x14</size>
         <input_file_ref idref="fl-12"/>
      </object_component>
      <object_component id="oc-1d1">
         <name>.bss:xSuspendedTaskList</name>
         <uninitialized>true</uninitialized>
         <run_address>0x2000812c</run_address>
         <size>0x14</size>
         <input_file_ref idref="fl-12"/>
      </object_component>
      <object_component id="oc-33a">
         <name>.bss:xActiveTimerList1</name>
         <uninitialized>true</uninitialized>
         <run_address>0x200080c8</run_address>
         <size>0x14</size>
         <input_file_ref idref="fl-13"/>
      </object_component>
      <object_component id="oc-33d">
         <name>.bss:xActiveTimerList2</name>
         <uninitialized>true</uninitialized>
         <run_address>0x200080dc</run_address>
         <size>0x14</size>
         <input_file_ref idref="fl-13"/>
      </object_component>
      <object_component id="oc-337">
         <name>.bss</name>
         <uninitialized>true</uninitialized>
         <run_address>0x2000815c</run_address>
         <size>0x8</size>
         <input_file_ref idref="fl-13"/>
      </object_component>
      <object_component id="oc-f7">
         <name>.common:Tx_Buffer</name>
         <uninitialized>true</uninitialized>
         <run_address>0x20008170</run_address>
         <size>0x4</size>
      </object_component>
      <object_component id="oc-fe">
         <name>.common:ALERT_STRING</name>
         <uninitialized>true</uninitialized>
         <run_address>0x20008175</run_address>
         <size>0x1</size>
      </object_component>
      <object_component id="oc-fa">
         <name>.common:Rx_String</name>
         <uninitialized>true</uninitialized>
         <run_address>0x2000816c</run_address>
         <size>0x4</size>
      </object_component>
      <object_component id="oc-29">
         <name>.sysmem</name>
         <uninitialized>true</uninitialized>
         <run_address>0x20008178</run_address>
         <size>0x10</size>
         <input_file_ref idref="fl-d8"/>
      </object_component>
      <object_component id="oc-45d">
         <name>.sysmem</name>
         <uninitialized>true</uninitialized>
         <run_address>0x20008178</run_address>
         <size>0x0</size>
      </object_component>
      <object_component id="oc-2c">
         <name>.stack</name>
         <uninitialized>true</uninitialized>
         <run_address>0x2000fe00</run_address>
         <size>0x4</size>
         <input_file_ref idref="fl-d9"/>
      </object_component>
      <object_component id="oc-45c">
         <name>.stack</name>
         <uninitialized>true</uninitialized>
         <run_address>0x2000fe00</run_address>
         <size>0x0</size>
      </object_component>
      <object_component id="oc-212">
         <name>.debug_info</name>
         <load_address>0x0</load_address>
         <run_address>0x0</run_address>
         <size>0x2f7</size>
         <input_file_ref idref="fl-2"/>
      </object_component>
      <object_component id="oc-f2">
         <name>.debug_info</name>
         <load_address>0x2f7</load_address>
         <run_address>0x2f7</run_address>
         <size>0x7c7</size>
         <input_file_ref idref="fl-2"/>
      </object_component>
      <object_component id="oc-215">
         <name>.debug_info</name>
         <load_address>0xabe</load_address>
         <run_address>0xabe</run_address>
         <size>0x86</size>
         <input_file_ref idref="fl-2"/>
      </object_component>
      <object_component id="oc-117">
         <name>.debug_info</name>
         <load_address>0xb44</load_address>
         <run_address>0xb44</run_address>
         <size>0x26b</size>
         <input_file_ref idref="fl-2"/>
      </object_component>
      <object_component id="oc-2d4">
         <name>.debug_info</name>
         <load_address>0xdaf</load_address>
         <run_address>0xdaf</run_address>
         <size>0x110</size>
         <input_file_ref idref="fl-2"/>
      </object_component>
      <object_component id="oc-100">
         <name>.debug_info</name>
         <load_address>0xebf</load_address>
         <run_address>0xebf</run_address>
         <size>0x8b</size>
         <input_file_ref idref="fl-2"/>
      </object_component>
      <object_component id="oc-1fb">
         <name>.debug_info</name>
         <load_address>0xf4a</load_address>
         <run_address>0xf4a</run_address>
         <size>0x2a4</size>
         <input_file_ref idref="fl-2"/>
      </object_component>
      <object_component id="oc-ec">
         <name>.debug_info</name>
         <load_address>0x11ee</load_address>
         <run_address>0x11ee</run_address>
         <size>0xbb</size>
         <input_file_ref idref="fl-2"/>
      </object_component>
      <object_component id="oc-22b">
         <name>.debug_info</name>
         <load_address>0x12a9</load_address>
         <run_address>0x12a9</run_address>
         <size>0x561</size>
         <input_file_ref idref="fl-3"/>
      </object_component>
      <object_component id="oc-247">
         <name>.debug_info</name>
         <load_address>0x180a</load_address>
         <run_address>0x180a</run_address>
         <size>0x96a</size>
         <input_file_ref idref="fl-3"/>
      </object_component>
      <object_component id="oc-105">
         <name>.debug_info</name>
         <load_address>0x2174</load_address>
         <run_address>0x2174</run_address>
         <size>0x37e2</size>
         <input_file_ref idref="fl-3"/>
      </object_component>
      <object_component id="oc-21a">
         <name>.debug_info</name>
         <load_address>0x5956</load_address>
         <run_address>0x5956</run_address>
         <size>0x1055</size>
         <input_file_ref idref="fl-3"/>
      </object_component>
      <object_component id="oc-35">
         <name>.debug_info</name>
         <load_address>0x69ab</load_address>
         <run_address>0x69ab</run_address>
         <size>0x84</size>
         <input_file_ref idref="fl-3"/>
      </object_component>
      <object_component id="oc-1fa">
         <name>.debug_info</name>
         <load_address>0x6a2f</load_address>
         <run_address>0x6a2f</run_address>
         <size>0x83b</size>
         <input_file_ref idref="fl-4"/>
      </object_component>
      <object_component id="oc-13a">
         <name>.debug_info</name>
         <load_address>0x726a</load_address>
         <run_address>0x726a</run_address>
         <size>0xc86</size>
         <input_file_ref idref="fl-4"/>
      </object_component>
      <object_component id="oc-16e">
         <name>.debug_info</name>
         <load_address>0x7ef0</load_address>
         <run_address>0x7ef0</run_address>
         <size>0x315</size>
         <input_file_ref idref="fl-4"/>
      </object_component>
      <object_component id="oc-1f5">
         <name>.debug_info</name>
         <load_address>0x8205</load_address>
         <run_address>0x8205</run_address>
         <size>0x48b</size>
         <input_file_ref idref="fl-4"/>
      </object_component>
      <object_component id="oc-2e2">
         <name>.debug_info</name>
         <load_address>0x8690</load_address>
         <run_address>0x8690</run_address>
         <size>0x4f</size>
         <input_file_ref idref="fl-4"/>
      </object_component>
      <object_component id="oc-2db">
         <name>.debug_info</name>
         <load_address>0x86df</load_address>
         <run_address>0x86df</run_address>
         <size>0x2c</size>
         <input_file_ref idref="fl-4"/>
      </object_component>
      <object_component id="oc-e2">
         <name>.debug_info</name>
         <load_address>0x870b</load_address>
         <run_address>0x870b</run_address>
         <size>0x2c</size>
         <input_file_ref idref="fl-4"/>
      </object_component>
      <object_component id="oc-1eb">
         <name>.debug_info</name>
         <load_address>0x8737</load_address>
         <run_address>0x8737</run_address>
         <size>0x53</size>
         <input_file_ref idref="fl-4"/>
      </object_component>
      <object_component id="oc-e7">
         <name>.debug_info</name>
         <load_address>0x878a</load_address>
         <run_address>0x878a</run_address>
         <size>0x53</size>
         <input_file_ref idref="fl-4"/>
      </object_component>
      <object_component id="oc-2e7">
         <name>.debug_info</name>
         <load_address>0x87dd</load_address>
         <run_address>0x87dd</run_address>
         <size>0xc6</size>
         <input_file_ref idref="fl-4"/>
      </object_component>
      <object_component id="oc-1f0">
         <name>.debug_info</name>
         <load_address>0x88a3</load_address>
         <run_address>0x88a3</run_address>
         <size>0x14c</size>
         <input_file_ref idref="fl-4"/>
      </object_component>
      <object_component id="oc-168">
         <name>.debug_info</name>
         <load_address>0x89ef</load_address>
         <run_address>0x89ef</run_address>
         <size>0xb82</size>
         <input_file_ref idref="fl-5"/>
      </object_component>
      <object_component id="oc-25d">
         <name>.debug_info</name>
         <load_address>0x9571</load_address>
         <run_address>0x9571</run_address>
         <size>0x105</size>
         <input_file_ref idref="fl-5"/>
      </object_component>
      <object_component id="oc-260">
         <name>.debug_info</name>
         <load_address>0x9676</load_address>
         <run_address>0x9676</run_address>
         <size>0x103</size>
         <input_file_ref idref="fl-5"/>
      </object_component>
      <object_component id="oc-263">
         <name>.debug_info</name>
         <load_address>0x9779</load_address>
         <run_address>0x9779</run_address>
         <size>0x105</size>
         <input_file_ref idref="fl-5"/>
      </object_component>
      <object_component id="oc-266">
         <name>.debug_info</name>
         <load_address>0x987e</load_address>
         <run_address>0x987e</run_address>
         <size>0x105</size>
         <input_file_ref idref="fl-5"/>
      </object_component>
      <object_component id="oc-269">
         <name>.debug_info</name>
         <load_address>0x9983</load_address>
         <run_address>0x9983</run_address>
         <size>0x103</size>
         <input_file_ref idref="fl-5"/>
      </object_component>
      <object_component id="oc-26c">
         <name>.debug_info</name>
         <load_address>0x9a86</load_address>
         <run_address>0x9a86</run_address>
         <size>0x103</size>
         <input_file_ref idref="fl-5"/>
      </object_component>
      <object_component id="oc-26f">
         <name>.debug_info</name>
         <load_address>0x9b89</load_address>
         <run_address>0x9b89</run_address>
         <size>0x103</size>
         <input_file_ref idref="fl-5"/>
      </object_component>
      <object_component id="oc-272">
         <name>.debug_info</name>
         <load_address>0x9c8c</load_address>
         <run_address>0x9c8c</run_address>
         <size>0x105</size>
         <input_file_ref idref="fl-5"/>
      </object_component>
      <object_component id="oc-275">
         <name>.debug_info</name>
         <load_address>0x9d91</load_address>
         <run_address>0x9d91</run_address>
         <size>0x105</size>
         <input_file_ref idref="fl-5"/>
      </object_component>
      <object_component id="oc-278">
         <name>.debug_info</name>
         <load_address>0x9e96</load_address>
         <run_address>0x9e96</run_address>
         <size>0x106</size>
         <input_file_ref idref="fl-5"/>
      </object_component>
      <object_component id="oc-27b">
         <name>.debug_info</name>
         <load_address>0x9f9c</load_address>
         <run_address>0x9f9c</run_address>
         <size>0x104</size>
         <input_file_ref idref="fl-5"/>
      </object_component>
      <object_component id="oc-27e">
         <name>.debug_info</name>
         <load_address>0xa0a0</load_address>
         <run_address>0xa0a0</run_address>
         <size>0x106</size>
         <input_file_ref idref="fl-5"/>
      </object_component>
      <object_component id="oc-281">
         <name>.debug_info</name>
         <load_address>0xa1a6</load_address>
         <run_address>0xa1a6</run_address>
         <size>0x106</size>
         <input_file_ref idref="fl-5"/>
      </object_component>
      <object_component id="oc-284">
         <name>.debug_info</name>
         <load_address>0xa2ac</load_address>
         <run_address>0xa2ac</run_address>
         <size>0x106</size>
         <input_file_ref idref="fl-5"/>
      </object_component>
      <object_component id="oc-287">
         <name>.debug_info</name>
         <load_address>0xa3b2</load_address>
         <run_address>0xa3b2</run_address>
         <size>0x106</size>
         <input_file_ref idref="fl-5"/>
      </object_component>
      <object_component id="oc-28a">
         <name>.debug_info</name>
         <load_address>0xa4b8</load_address>
         <run_address>0xa4b8</run_address>
         <size>0x104</size>
         <input_file_ref idref="fl-5"/>
      </object_component>
      <object_component id="oc-28d">
         <name>.debug_info</name>
         <load_address>0xa5bc</load_address>
         <run_address>0xa5bc</run_address>
         <size>0x106</size>
         <input_file_ref idref="fl-5"/>
      </object_component>
      <object_component id="oc-14b">
         <name>.debug_info</name>
         <load_address>0xa6c2</load_address>
         <run_address>0xa6c2</run_address>
         <size>0x100</size>
         <input_file_ref idref="fl-5"/>
      </object_component>
      <object_component id="oc-292">
         <name>.debug_info</name>
         <load_address>0xa7c2</load_address>
         <run_address>0xa7c2</run_address>
         <size>0x107</size>
         <input_file_ref idref="fl-5"/>
      </object_component>
      <object_component id="oc-295">
         <name>.debug_info</name>
         <load_address>0xa8c9</load_address>
         <run_address>0xa8c9</run_address>
         <size>0x107</size>
         <input_file_ref idref="fl-5"/>
      </object_component>
      <object_component id="oc-298">
         <name>.debug_info</name>
         <load_address>0xa9d0</load_address>
         <run_address>0xa9d0</run_address>
         <size>0x107</size>
         <input_file_ref idref="fl-5"/>
      </object_component>
      <object_component id="oc-29b">
         <name>.debug_info</name>
         <load_address>0xaad7</load_address>
         <run_address>0xaad7</run_address>
         <size>0x107</size>
         <input_file_ref idref="fl-5"/>
      </object_component>
      <object_component id="oc-29e">
         <name>.debug_info</name>
         <load_address>0xabde</load_address>
         <run_address>0xabde</run_address>
         <size>0x107</size>
         <input_file_ref idref="fl-5"/>
      </object_component>
      <object_component id="oc-2a1">
         <name>.debug_info</name>
         <load_address>0xace5</load_address>
         <run_address>0xace5</run_address>
         <size>0x107</size>
         <input_file_ref idref="fl-5"/>
      </object_component>
      <object_component id="oc-2a4">
         <name>.debug_info</name>
         <load_address>0xadec</load_address>
         <run_address>0xadec</run_address>
         <size>0x107</size>
         <input_file_ref idref="fl-5"/>
      </object_component>
      <object_component id="oc-2a7">
         <name>.debug_info</name>
         <load_address>0xaef3</load_address>
         <run_address>0xaef3</run_address>
         <size>0x107</size>
         <input_file_ref idref="fl-5"/>
      </object_component>
      <object_component id="oc-14e">
         <name>.debug_info</name>
         <load_address>0xaffa</load_address>
         <run_address>0xaffa</run_address>
         <size>0x101</size>
         <input_file_ref idref="fl-5"/>
      </object_component>
      <object_component id="oc-2ac">
         <name>.debug_info</name>
         <load_address>0xb0fb</load_address>
         <run_address>0xb0fb</run_address>
         <size>0xfd</size>
         <input_file_ref idref="fl-5"/>
      </object_component>
      <object_component id="oc-2af">
         <name>.debug_info</name>
         <load_address>0xb1f8</load_address>
         <run_address>0xb1f8</run_address>
         <size>0x103</size>
         <input_file_ref idref="fl-5"/>
      </object_component>
      <object_component id="oc-2b2">
         <name>.debug_info</name>
         <load_address>0xb2fb</load_address>
         <run_address>0xb2fb</run_address>
         <size>0x103</size>
         <input_file_ref idref="fl-5"/>
      </object_component>
      <object_component id="oc-2b5">
         <name>.debug_info</name>
         <load_address>0xb3fe</load_address>
         <run_address>0xb3fe</run_address>
         <size>0x103</size>
         <input_file_ref idref="fl-5"/>
      </object_component>
      <object_component id="oc-2b8">
         <name>.debug_info</name>
         <load_address>0xb501</load_address>
         <run_address>0xb501</run_address>
         <size>0x103</size>
         <input_file_ref idref="fl-5"/>
      </object_component>
      <object_component id="oc-2bb">
         <name>.debug_info</name>
         <load_address>0xb604</load_address>
         <run_address>0xb604</run_address>
         <size>0x103</size>
         <input_file_ref idref="fl-5"/>
      </object_component>
      <object_component id="oc-2be">
         <name>.debug_info</name>
         <load_address>0xb707</load_address>
         <run_address>0xb707</run_address>
         <size>0x103</size>
         <input_file_ref idref="fl-5"/>
      </object_component>
      <object_component id="oc-2c1">
         <name>.debug_info</name>
         <load_address>0xb80a</load_address>
         <run_address>0xb80a</run_address>
         <size>0x103</size>
         <input_file_ref idref="fl-5"/>
      </object_component>
      <object_component id="oc-151">
         <name>.debug_info</name>
         <load_address>0xb90d</load_address>
         <run_address>0xb90d</run_address>
         <size>0xfd</size>
         <input_file_ref idref="fl-5"/>
      </object_component>
      <object_component id="oc-2c6">
         <name>.debug_info</name>
         <load_address>0xba0a</load_address>
         <run_address>0xba0a</run_address>
         <size>0xf1</size>
         <input_file_ref idref="fl-5"/>
      </object_component>
      <object_component id="oc-2c9">
         <name>.debug_info</name>
         <load_address>0xbafb</load_address>
         <run_address>0xbafb</run_address>
         <size>0xf7</size>
         <input_file_ref idref="fl-5"/>
      </object_component>
      <object_component id="oc-164">
         <name>.debug_info</name>
         <load_address>0xbbf2</load_address>
         <run_address>0xbbf2</run_address>
         <size>0x295</size>
         <input_file_ref idref="fl-5"/>
      </object_component>
      <object_component id="oc-154">
         <name>.debug_info</name>
         <load_address>0xbe87</load_address>
         <run_address>0xbe87</run_address>
         <size>0xf1</size>
         <input_file_ref idref="fl-5"/>
      </object_component>
      <object_component id="oc-157">
         <name>.debug_info</name>
         <load_address>0xbf78</load_address>
         <run_address>0xbf78</run_address>
         <size>0x16d</size>
         <input_file_ref idref="fl-5"/>
      </object_component>
      <object_component id="oc-b8">
         <name>.debug_info</name>
         <load_address>0xc0e5</load_address>
         <run_address>0xc0e5</run_address>
         <size>0x829</size>
         <input_file_ref idref="fl-5"/>
      </object_component>
      <object_component id="oc-2ec">
         <name>.debug_info</name>
         <load_address>0xc90e</load_address>
         <run_address>0xc90e</run_address>
         <size>0x48b</size>
         <input_file_ref idref="fl-5"/>
      </object_component>
      <object_component id="oc-21f">
         <name>.debug_info</name>
         <load_address>0xcd99</load_address>
         <run_address>0xcd99</run_address>
         <size>0xcc</size>
         <input_file_ref idref="fl-5"/>
      </object_component>
      <object_component id="oc-224">
         <name>.debug_info</name>
         <load_address>0xce65</load_address>
         <run_address>0xce65</run_address>
         <size>0x35</size>
         <input_file_ref idref="fl-5"/>
      </object_component>
      <object_component id="oc-169">
         <name>.debug_info</name>
         <load_address>0xce9a</load_address>
         <run_address>0xce9a</run_address>
         <size>0x51</size>
         <input_file_ref idref="fl-5"/>
      </object_component>
      <object_component id="oc-147">
         <name>.debug_info</name>
         <load_address>0xceeb</load_address>
         <run_address>0xceeb</run_address>
         <size>0x1e5</size>
         <input_file_ref idref="fl-6"/>
      </object_component>
      <object_component id="oc-22e">
         <name>.debug_info</name>
         <load_address>0xd0d0</load_address>
         <run_address>0xd0d0</run_address>
         <size>0x67d</size>
         <input_file_ref idref="fl-7"/>
      </object_component>
      <object_component id="oc-10b">
         <name>.debug_info</name>
         <load_address>0xd74d</load_address>
         <run_address>0xd74d</run_address>
         <size>0x105</size>
         <input_file_ref idref="fl-7"/>
      </object_component>
      <object_component id="oc-83">
         <name>.debug_info</name>
         <load_address>0xd852</load_address>
         <run_address>0xd852</run_address>
         <size>0x25e</size>
         <input_file_ref idref="fl-7"/>
      </object_component>
      <object_component id="oc-f8">
         <name>.debug_info</name>
         <load_address>0xdab0</load_address>
         <run_address>0xdab0</run_address>
         <size>0x7a7</size>
         <input_file_ref idref="fl-8"/>
      </object_component>
      <object_component id="oc-fc">
         <name>.debug_info</name>
         <load_address>0xe257</load_address>
         <run_address>0xe257</run_address>
         <size>0xf3</size>
         <input_file_ref idref="fl-8"/>
      </object_component>
      <object_component id="oc-7f">
         <name>.debug_info</name>
         <load_address>0xe34a</load_address>
         <run_address>0xe34a</run_address>
         <size>0x4d8</size>
         <input_file_ref idref="fl-8"/>
      </object_component>
      <object_component id="oc-8f">
         <name>.debug_info</name>
         <load_address>0xe822</load_address>
         <run_address>0xe822</run_address>
         <size>0x358</size>
         <input_file_ref idref="fl-9"/>
      </object_component>
      <object_component id="oc-27">
         <name>.debug_info</name>
         <load_address>0xeb7a</load_address>
         <run_address>0xeb7a</run_address>
         <size>0x104</size>
         <input_file_ref idref="fl-9"/>
      </object_component>
      <object_component id="oc-6d">
         <name>.debug_info</name>
         <load_address>0xec7e</load_address>
         <run_address>0xec7e</run_address>
         <size>0x1cb</size>
         <input_file_ref idref="fl-9"/>
      </object_component>
      <object_component id="oc-10f">
         <name>.debug_info</name>
         <load_address>0xee49</load_address>
         <run_address>0xee49</run_address>
         <size>0xfd</size>
         <input_file_ref idref="fl-a"/>
      </object_component>
      <object_component id="oc-ca">
         <name>.debug_info</name>
         <load_address>0xef46</load_address>
         <run_address>0xef46</run_address>
         <size>0x26f</size>
         <input_file_ref idref="fl-a"/>
      </object_component>
      <object_component id="oc-233">
         <name>.debug_info</name>
         <load_address>0xf1b5</load_address>
         <run_address>0xf1b5</run_address>
         <size>0x6b0</size>
         <input_file_ref idref="fl-b"/>
      </object_component>
      <object_component id="oc-112">
         <name>.debug_info</name>
         <load_address>0xf865</load_address>
         <run_address>0xf865</run_address>
         <size>0xff</size>
         <input_file_ref idref="fl-b"/>
      </object_component>
      <object_component id="oc-88">
         <name>.debug_info</name>
         <load_address>0xf964</load_address>
         <run_address>0xf964</run_address>
         <size>0x37c</size>
         <input_file_ref idref="fl-b"/>
      </object_component>
      <object_component id="oc-3e9">
         <name>.debug_info</name>
         <load_address>0xfce0</load_address>
         <run_address>0xfce0</run_address>
         <size>0x6e4</size>
         <input_file_ref idref="fl-d"/>
      </object_component>
      <object_component id="oc-31a">
         <name>.debug_info</name>
         <load_address>0x103c4</load_address>
         <run_address>0x103c4</run_address>
         <size>0x48b</size>
         <input_file_ref idref="fl-d"/>
      </object_component>
      <object_component id="oc-41e">
         <name>.debug_info</name>
         <load_address>0x1084f</load_address>
         <run_address>0x1084f</run_address>
         <size>0x76</size>
         <input_file_ref idref="fl-d"/>
      </object_component>
      <object_component id="oc-423">
         <name>.debug_info</name>
         <load_address>0x108c5</load_address>
         <run_address>0x108c5</run_address>
         <size>0x39</size>
         <input_file_ref idref="fl-d"/>
      </object_component>
      <object_component id="oc-3f7">
         <name>.debug_info</name>
         <load_address>0x108fe</load_address>
         <run_address>0x108fe</run_address>
         <size>0x109</size>
         <input_file_ref idref="fl-d"/>
      </object_component>
      <object_component id="oc-310">
         <name>.debug_info</name>
         <load_address>0x10a07</load_address>
         <run_address>0x10a07</run_address>
         <size>0x4f</size>
         <input_file_ref idref="fl-d"/>
      </object_component>
      <object_component id="oc-329">
         <name>.debug_info</name>
         <load_address>0x10a56</load_address>
         <run_address>0x10a56</run_address>
         <size>0x524</size>
         <input_file_ref idref="fl-e"/>
      </object_component>
      <object_component id="oc-326">
         <name>.debug_info</name>
         <load_address>0x10f7a</load_address>
         <run_address>0x10f7a</run_address>
         <size>0x13d</size>
         <input_file_ref idref="fl-e"/>
      </object_component>
      <object_component id="oc-323">
         <name>.debug_info</name>
         <load_address>0x110b7</load_address>
         <run_address>0x110b7</run_address>
         <size>0x13d</size>
         <input_file_ref idref="fl-e"/>
      </object_component>
      <object_component id="oc-320">
         <name>.debug_info</name>
         <load_address>0x111f4</load_address>
         <run_address>0x111f4</run_address>
         <size>0x27d</size>
         <input_file_ref idref="fl-e"/>
      </object_component>
      <object_component id="oc-1be">
         <name>.debug_info</name>
         <load_address>0x11471</load_address>
         <run_address>0x11471</run_address>
         <size>0xdf2</size>
         <input_file_ref idref="fl-e"/>
      </object_component>
      <object_component id="oc-3ee">
         <name>.debug_info</name>
         <load_address>0x12263</load_address>
         <run_address>0x12263</run_address>
         <size>0x62</size>
         <input_file_ref idref="fl-e"/>
      </object_component>
      <object_component id="oc-32b">
         <name>.debug_info</name>
         <load_address>0x122c5</load_address>
         <run_address>0x122c5</run_address>
         <size>0x3e2</size>
         <input_file_ref idref="fl-f"/>
      </object_component>
      <object_component id="oc-1c4">
         <name>.debug_info</name>
         <load_address>0x126a7</load_address>
         <run_address>0x126a7</run_address>
         <size>0x7b0</size>
         <input_file_ref idref="fl-f"/>
      </object_component>
      <object_component id="oc-2d3">
         <name>.debug_info</name>
         <load_address>0x12e57</load_address>
         <run_address>0x12e57</run_address>
         <size>0x94e</size>
         <input_file_ref idref="fl-10"/>
      </object_component>
      <object_component id="oc-15f">
         <name>.debug_info</name>
         <load_address>0x137a5</load_address>
         <run_address>0x137a5</run_address>
         <size>0x46a6</size>
         <input_file_ref idref="fl-10"/>
      </object_component>
      <object_component id="oc-3cd">
         <name>.debug_info</name>
         <load_address>0x17e4b</load_address>
         <run_address>0x17e4b</run_address>
         <size>0x1ef</size>
         <input_file_ref idref="fl-10"/>
      </object_component>
      <object_component id="oc-2ce">
         <name>.debug_info</name>
         <load_address>0x1803a</load_address>
         <run_address>0x1803a</run_address>
         <size>0x46</size>
         <input_file_ref idref="fl-10"/>
      </object_component>
      <object_component id="oc-12f">
         <name>.debug_info</name>
         <load_address>0x18080</load_address>
         <run_address>0x18080</run_address>
         <size>0x2c</size>
         <input_file_ref idref="fl-11"/>
      </object_component>
      <object_component id="oc-1b4">
         <name>.debug_info</name>
         <load_address>0x180ac</load_address>
         <run_address>0x180ac</run_address>
         <size>0x8fd</size>
         <input_file_ref idref="fl-12"/>
      </object_component>
      <object_component id="oc-d1">
         <name>.debug_info</name>
         <load_address>0x189a9</load_address>
         <run_address>0x189a9</run_address>
         <size>0x399</size>
         <input_file_ref idref="fl-12"/>
      </object_component>
      <object_component id="oc-1c9">
         <name>.debug_info</name>
         <load_address>0x18d42</load_address>
         <run_address>0x18d42</run_address>
         <size>0x142</size>
         <input_file_ref idref="fl-12"/>
      </object_component>
      <object_component id="oc-1e1">
         <name>.debug_info</name>
         <load_address>0x18e84</load_address>
         <run_address>0x18e84</run_address>
         <size>0x142</size>
         <input_file_ref idref="fl-12"/>
      </object_component>
      <object_component id="oc-1e4">
         <name>.debug_info</name>
         <load_address>0x18fc6</load_address>
         <run_address>0x18fc6</run_address>
         <size>0x142</size>
         <input_file_ref idref="fl-12"/>
      </object_component>
      <object_component id="oc-1cf">
         <name>.debug_info</name>
         <load_address>0x19108</load_address>
         <run_address>0x19108</run_address>
         <size>0x185</size>
         <input_file_ref idref="fl-12"/>
      </object_component>
      <object_component id="oc-1db">
         <name>.debug_info</name>
         <load_address>0x1928d</load_address>
         <run_address>0x1928d</run_address>
         <size>0x142</size>
         <input_file_ref idref="fl-12"/>
      </object_component>
      <object_component id="oc-1cc">
         <name>.debug_info</name>
         <load_address>0x193cf</load_address>
         <run_address>0x193cf</run_address>
         <size>0x150</size>
         <input_file_ref idref="fl-12"/>
      </object_component>
      <object_component id="oc-1d2">
         <name>.debug_info</name>
         <load_address>0x1951f</load_address>
         <run_address>0x1951f</run_address>
         <size>0x144</size>
         <input_file_ref idref="fl-12"/>
      </object_component>
      <object_component id="oc-1de">
         <name>.debug_info</name>
         <load_address>0x19663</load_address>
         <run_address>0x19663</run_address>
         <size>0x143</size>
         <input_file_ref idref="fl-12"/>
      </object_component>
      <object_component id="oc-d7">
         <name>.debug_info</name>
         <load_address>0x197a6</load_address>
         <run_address>0x197a6</run_address>
         <size>0x7d4b</size>
         <input_file_ref idref="fl-12"/>
      </object_component>
      <object_component id="oc-1b5">
         <name>.debug_info</name>
         <load_address>0x214f1</load_address>
         <run_address>0x214f1</run_address>
         <size>0x30c</size>
         <input_file_ref idref="fl-12"/>
      </object_component>
      <object_component id="oc-315">
         <name>.debug_info</name>
         <load_address>0x217fd</load_address>
         <run_address>0x217fd</run_address>
         <size>0x16e</size>
         <input_file_ref idref="fl-12"/>
      </object_component>
      <object_component id="oc-346">
         <name>.debug_info</name>
         <load_address>0x2196b</load_address>
         <run_address>0x2196b</run_address>
         <size>0x883</size>
         <input_file_ref idref="fl-13"/>
      </object_component>
      <object_component id="oc-33b">
         <name>.debug_info</name>
         <load_address>0x221ee</load_address>
         <run_address>0x221ee</run_address>
         <size>0x142</size>
         <input_file_ref idref="fl-13"/>
      </object_component>
      <object_component id="oc-33e">
         <name>.debug_info</name>
         <load_address>0x22330</load_address>
         <run_address>0x22330</run_address>
         <size>0x142</size>
         <input_file_ref idref="fl-13"/>
      </object_component>
      <object_component id="oc-338">
         <name>.debug_info</name>
         <load_address>0x22472</load_address>
         <run_address>0x22472</run_address>
         <size>0x17a</size>
         <input_file_ref idref="fl-13"/>
      </object_component>
      <object_component id="oc-335">
         <name>.debug_info</name>
         <load_address>0x225ec</load_address>
         <run_address>0x225ec</run_address>
         <size>0x166</size>
         <input_file_ref idref="fl-13"/>
      </object_component>
      <object_component id="oc-1d6">
         <name>.debug_info</name>
         <load_address>0x22752</load_address>
         <run_address>0x22752</run_address>
         <size>0x2bae</size>
         <input_file_ref idref="fl-13"/>
      </object_component>
      <object_component id="oc-347">
         <name>.debug_info</name>
         <load_address>0x25300</load_address>
         <run_address>0x25300</run_address>
         <size>0x1ce</size>
         <input_file_ref idref="fl-13"/>
      </object_component>
      <object_component id="oc-341">
         <name>.debug_info</name>
         <load_address>0x254ce</load_address>
         <run_address>0x254ce</run_address>
         <size>0x46</size>
         <input_file_ref idref="fl-13"/>
      </object_component>
      <object_component id="oc-e1">
         <name>.debug_info</name>
         <load_address>0x25514</load_address>
         <run_address>0x25514</run_address>
         <size>0x56c</size>
         <input_file_ref idref="fl-14"/>
      </object_component>
      <object_component id="oc-d4">
         <name>.debug_info</name>
         <load_address>0x25a80</load_address>
         <run_address>0x25a80</run_address>
         <size>0x1b7</size>
         <input_file_ref idref="fl-14"/>
      </object_component>
      <object_component id="oc-de">
         <name>.debug_info</name>
         <load_address>0x25c37</load_address>
         <run_address>0x25c37</run_address>
         <size>0x292</size>
         <input_file_ref idref="fl-14"/>
      </object_component>
      <object_component id="oc-78">
         <name>.debug_info</name>
         <load_address>0x25ec9</load_address>
         <run_address>0x25ec9</run_address>
         <size>0x1083</size>
         <input_file_ref idref="fl-14"/>
      </object_component>
      <object_component id="oc-71">
         <name>.debug_info</name>
         <load_address>0x26f4c</load_address>
         <run_address>0x26f4c</run_address>
         <size>0x2a4</size>
         <input_file_ref idref="fl-15"/>
      </object_component>
      <object_component id="oc-254">
         <name>.debug_info</name>
         <load_address>0x271f0</load_address>
         <run_address>0x271f0</run_address>
         <size>0x13a</size>
         <input_file_ref idref="fl-cf"/>
      </object_component>
      <object_component id="oc-257">
         <name>.debug_info</name>
         <load_address>0x2732a</load_address>
         <run_address>0x2732a</run_address>
         <size>0x13e</size>
         <input_file_ref idref="fl-d0"/>
      </object_component>
      <object_component id="oc-24d">
         <name>.debug_info</name>
         <load_address>0x27468</load_address>
         <run_address>0x27468</run_address>
         <size>0x12c</size>
         <input_file_ref idref="fl-d1"/>
      </object_component>
      <object_component id="oc-3d">
         <name>.debug_info</name>
         <load_address>0x27594</load_address>
         <run_address>0x27594</run_address>
         <size>0x119</size>
         <input_file_ref idref="fl-d2"/>
      </object_component>
      <object_component id="oc-20f">
         <name>.debug_info</name>
         <load_address>0x276ad</load_address>
         <run_address>0x276ad</run_address>
         <size>0x142</size>
         <input_file_ref idref="fl-d3"/>
      </object_component>
      <object_component id="oc-ae">
         <name>.debug_info</name>
         <load_address>0x277ef</load_address>
         <run_address>0x277ef</run_address>
         <size>0x147</size>
         <input_file_ref idref="fl-d4"/>
      </object_component>
      <object_component id="oc-aa">
         <name>.debug_info</name>
         <load_address>0x27936</load_address>
         <run_address>0x27936</run_address>
         <size>0x2d4</size>
         <input_file_ref idref="fl-d5"/>
      </object_component>
      <object_component id="oc-4e">
         <name>.debug_info</name>
         <load_address>0x27c0a</load_address>
         <run_address>0x27c0a</run_address>
         <size>0x1b5</size>
         <input_file_ref idref="fl-d5"/>
      </object_component>
      <object_component id="oc-a5">
         <name>.debug_info</name>
         <load_address>0x27dbf</load_address>
         <run_address>0x27dbf</run_address>
         <size>0x46</size>
         <input_file_ref idref="fl-d5"/>
      </object_component>
      <object_component id="oc-45">
         <name>.debug_info</name>
         <load_address>0x27e05</load_address>
         <run_address>0x27e05</run_address>
         <size>0x2a8</size>
         <input_file_ref idref="fl-d6"/>
      </object_component>
      <object_component id="oc-1f">
         <name>.debug_info</name>
         <load_address>0x280ad</load_address>
         <run_address>0x280ad</run_address>
         <size>0x1ea</size>
         <input_file_ref idref="fl-d6"/>
      </object_component>
      <object_component id="oc-40">
         <name>.debug_info</name>
         <load_address>0x28297</load_address>
         <run_address>0x28297</run_address>
         <size>0x46</size>
         <input_file_ref idref="fl-d6"/>
      </object_component>
      <object_component id="oc-9d">
         <name>.debug_info</name>
         <load_address>0x282dd</load_address>
         <run_address>0x282dd</run_address>
         <size>0x2c</size>
         <input_file_ref idref="fl-d6"/>
      </object_component>
      <object_component id="oc-9b">
         <name>.debug_info</name>
         <load_address>0x28309</load_address>
         <run_address>0x28309</run_address>
         <size>0x29e</size>
         <input_file_ref idref="fl-d7"/>
      </object_component>
      <object_component id="oc-18">
         <name>.debug_info</name>
         <load_address>0x285a7</load_address>
         <run_address>0x285a7</run_address>
         <size>0x250</size>
         <input_file_ref idref="fl-d7"/>
      </object_component>
      <object_component id="oc-30">
         <name>.debug_info</name>
         <load_address>0x287f7</load_address>
         <run_address>0x287f7</run_address>
         <size>0x60</size>
         <input_file_ref idref="fl-d7"/>
      </object_component>
      <object_component id="oc-128">
         <name>.debug_info</name>
         <load_address>0x28857</load_address>
         <run_address>0x28857</run_address>
         <size>0x46</size>
         <input_file_ref idref="fl-d7"/>
      </object_component>
      <object_component id="oc-96">
         <name>.debug_info</name>
         <load_address>0x2889d</load_address>
         <run_address>0x2889d</run_address>
         <size>0x39</size>
         <input_file_ref idref="fl-d7"/>
      </object_component>
      <object_component id="oc-92">
         <name>.debug_info</name>
         <load_address>0x288d6</load_address>
         <run_address>0x288d6</run_address>
         <size>0x3b2</size>
         <input_file_ref idref="fl-d8"/>
      </object_component>
      <object_component id="oc-2a">
         <name>.debug_info</name>
         <load_address>0x28c88</load_address>
         <run_address>0x28c88</run_address>
         <size>0x10c</size>
         <input_file_ref idref="fl-d8"/>
      </object_component>
      <object_component id="oc-373">
         <name>.debug_info</name>
         <load_address>0x28d94</load_address>
         <run_address>0x28d94</run_address>
         <size>0x13f</size>
         <input_file_ref idref="fl-d8"/>
      </object_component>
      <object_component id="oc-202">
         <name>.debug_info</name>
         <load_address>0x28ed3</load_address>
         <run_address>0x28ed3</run_address>
         <size>0x168</size>
         <input_file_ref idref="fl-d8"/>
      </object_component>
      <object_component id="oc-238">
         <name>.debug_info</name>
         <load_address>0x2903b</load_address>
         <run_address>0x2903b</run_address>
         <size>0x18e</size>
         <input_file_ref idref="fl-d8"/>
      </object_component>
      <object_component id="oc-35f">
         <name>.debug_info</name>
         <load_address>0x291c9</load_address>
         <run_address>0x291c9</run_address>
         <size>0x19f</size>
         <input_file_ref idref="fl-d8"/>
      </object_component>
      <object_component id="oc-208">
         <name>.debug_info</name>
         <load_address>0x29368</load_address>
         <run_address>0x29368</run_address>
         <size>0x203</size>
         <input_file_ref idref="fl-d8"/>
      </object_component>
      <object_component id="oc-23e">
         <name>.debug_info</name>
         <load_address>0x2956b</load_address>
         <run_address>0x2956b</run_address>
         <size>0x1db</size>
         <input_file_ref idref="fl-d8"/>
      </object_component>
      <object_component id="oc-140">
         <name>.debug_info</name>
         <load_address>0x29746</load_address>
         <run_address>0x29746</run_address>
         <size>0x26e</size>
[...]
      </symbol>
      <symbol id="sm-902">
         <name>xTaskGetApplicationTaskTag</name>
         <value>0xec9</value>
         <object_component_ref idref="oc-d6"/>
      </symbol>
      <symbol id="sm-903">
         <name>xTaskCallApplicationTaskHook</name>
         <value>0xf39</value>
         <object_component_ref idref="oc-d6"/>
      </symbol>
      <symbol id="sm-904">
         <name>ulTaskGenericNotifyValueClear</name>
         <value>0x2093</value>
         <object_component_ref idref="oc-d6"/>
      </symbol>
      <symbol id="sm-905">
         <name>xTaskGenericNotifyWait</name>
         <value>0x1b1d</value>
         <object_component_ref idref="oc-d6"/>
      </symbol>
      <symbol id="sm-906">
         <name>pxCurrentTCB</name>
         <value>0x2000880c</value>
         <object_component_ref idref="oc-d0"/>
      </symbol>
      <symbol id="sm-907">
         <name>eTaskGetState</name>
         <value>0x541</value>
         <object_component_ref idref="oc-d6"/>
      </symbol>
      <symbol id="sm-908">
         <name>vTaskSuspend</name>
         <value>0x7b9</value>
         <object_component_ref idref="oc-d6"/>
      </symbol>
      <symbol id="sm-909">
         <name>xTaskGetTickCountFromISR</name>
         <value>0xbc3</value>
         <object_component_ref idref="oc-d6"/>
      </symbol>
      <symbol id="sm-90a">
         <name>vTaskResume</name>
         <value>0x91d</value>
         <object_component_ref idref="oc-d6"/>
      </symbol>
      <symbol id="sm-90b">
         <name>uxTopUsedPriority</name>
         <value>0x92cc</value>
         <object_component_ref idref="oc-1dd"/>
      </symbol>
      <symbol id="sm-90c">
         <name>vTaskPlaceOnEventListRestricted</name>
         <value>0x10e5</value>
         <object_component_ref idref="oc-d6"/>
      </symbol>
      <symbol id="sm-90d">
         <name>vTaskSetTimeOutState</name>
         <value>0x124b</value>
         <object_component_ref idref="oc-d6"/>
      </symbol>
      <symbol id="sm-90e">
         <name>xTaskIncrementTick</name>
         <value>0xd91</value>
         <object_component_ref idref="oc-d6"/>
      </symbol>
      <symbol id="sm-90f">
         <name>vTaskSwitchContext</name>
         <value>0xf79</value>
         <object_component_ref idref="oc-d6"/>
      </symbol>
      <symbol id="sm-910">
         <name>uxTaskResetEventItemValue</name>
         <value>0x1a23</value>
         <object_component_ref idref="oc-d6"/>
      </symbol>
      <symbol id="sm-911">
         <name>xTaskGetSchedulerState</name>
         <value>0x174b</value>
         <object_component_ref idref="oc-d6"/>
      </symbol>
      <symbol id="sm-912">
         <name>xTaskGetCurrentTaskHandle</name>
         <value>0x173b</value>
         <object_component_ref idref="oc-d6"/>
      </symbol>
      <symbol id="sm-913">
         <name>vTaskPlaceOnUnorderedEventList</name>
         <value>0x1079</value>
         <object_component_ref idref="oc-d6"/>
      </symbol>
      <symbol id="sm-914">
         <name>xTaskRemoveFromEventList</name>
         <value>0x1125</value>
         <object_component_ref idref="oc-d6"/>
      </symbol>
      <symbol id="sm-915">
         <name>eTaskConfirmSleepModeStatus</name>
         <value>0x13ed</value>
         <object_component_ref idref="oc-d6"/>
      </symbol>
      <symbol id="sm-916">
         <name>xTaskPriorityInherit</name>
         <value>0x1795</value>
         <object_component_ref idref="oc-d6"/>
      </symbol>
      <symbol id="sm-9d3">
         <name>vTimerSetTimerNumber</name>
         <value>0x41ff</value>
         <object_component_ref idref="oc-1d4"/>
      </symbol>
      <symbol id="sm-9d4">
         <name>xTimerGetTimerDaemonTaskHandle</name>
         <value>0x3be3</value>
         <object_component_ref idref="oc-1d4"/>
      </symbol>
      <symbol id="sm-9d5">
         <name>pcTimerGetName</name>
         <value>0x3cdb</value>
         <object_component_ref idref="oc-1d4"/>
      </symbol>
      <symbol id="sm-9d6">
         <name>xTimerCreateTimerTask</name>
         <value>0x3a81</value>
         <object_component_ref idref="oc-1d4"/>
      </symbol>
      <symbol id="sm-9d7">
         <name>xTimerGetExpiryTime</name>
         <value>0x3cb1</value>
         <object_component_ref idref="oc-1d4"/>
      </symbol>
      <symbol id="sm-9d8">
         <name>uxTimerGetTimerNumber</name>
         <value>0x41f1</value>
         <object_component_ref idref="oc-1d4"/>
      </symbol>
      <symbol id="sm-9d9">
         <name>xTimerIsTimerActive</name>
         <value>0x4159</value>
         <object_component_ref idref="oc-1d4"/>
      </symbol>
      <symbol id="sm-9da">
         <name>xTimerGetPeriod</name>
         <value>0x3c05</value>
         <object_component_ref idref="oc-1d4"/>
      </symbol>
      <symbol id="sm-9db">
         <name>xTimerCreate</name>
         <value>0x3ac1</value>
         <object_component_ref idref="oc-1d4"/>
      </symbol>
      <symbol id="sm-9dc">
         <name>vTimerSetReloadMode</name>
         <value>0x3c2b</value>
         <object_component_ref idref="oc-1d4"/>
      </symbol>
      <symbol id="sm-9dd">
         <name>xTimerGenericCommand</name>
         <value>0x3b63</value>
         <object_component_ref idref="oc-1d4"/>
      </symbol>
      <symbol id="sm-9de">
         <name>uxTimerGetReloadMode</name>
         <value>0x3c75</value>
         <object_component_ref idref="oc-1d4"/>
      </symbol>
      <symbol id="sm-9df">
         <name>pvTimerGetTimerID</name>
         <value>0x4195</value>
         <object_component_ref idref="oc-1d4"/>
      </symbol>
      <symbol id="sm-9e0">
         <name>vTimerSetTimerID</name>
         <value>0x41c3</value>
         <object_component_ref idref="oc-1d4"/>
      </symbol>
      <symbol id="sm-a48">
         <name>ulMaxSyscallInterruptPriority</name>
         <value>0x92bc</value>
         <object_component_ref idref="oc-d3"/>
      </symbol>
      <symbol id="sm-a49">
         <name>vPortSetupTimerInterrupt</name>
         <value>0x4e45</value>
         <object_component_ref idref="oc-75"/>
      </symbol>
      <symbol id="sm-a4a">
         <name>vPortEndScheduler</name>
         <value>0x4c2d</value>
         <object_component_ref idref="oc-75"/>
      </symbol>
      <symbol id="sm-a4b">
         <name>vPortSuppressTicksAndSleep</name>
         <value>0x4ced</value>
         <object_component_ref idref="oc-75"/>
      </symbol>
      <symbol id="sm-a4c">
         <name>xPortSysTickHandler</name>
         <value>0x4cbf</value>
         <object_component_ref idref="oc-75"/>
      </symbol>
      <symbol id="sm-a4d">
         <name>vPortValidateInterruptPriority</name>
         <value>0x4e8d</value>
         <object_component_ref idref="oc-75"/>
      </symbol>
      <symbol id="sm-a4e">
         <name>pxPortInitialiseStack</name>
         <value>0x4ae9</value>
         <object_component_ref idref="oc-75"/>
      </symbol>
      <symbol id="sm-a4f">
         <name>vPortExitCritical</name>
         <value>0x4c93</value>
         <object_component_ref idref="oc-75"/>
      </symbol>
      <symbol id="sm-a50">
         <name>xPortStartScheduler</name>
         <value>0x4b75</value>
         <object_component_ref idref="oc-75"/>
      </symbol>
      <symbol id="sm-a51">
         <name>vPortEnterCritical</name>
         <value>0x4c51</value>
         <object_component_ref idref="oc-75"/>
      </symbol>
      <symbol id="sm-a60">
         <name>vPortStartFirstTask</name>
         <value>0x5f99</value>
         <object_component_ref idref="oc-70"/>
      </symbol>
      <symbol id="sm-a61">
         <name>ulPortGetIPSR</name>
         <value>0x5f01</value>
         <object_component_ref idref="oc-70"/>
      </symbol>
      <symbol id="sm-a62">
         <name>vPortEnableVFP</name>
         <value>0x5fbd</value>
         <object_component_ref idref="oc-70"/>
      </symbol>
      <symbol id="sm-a63">
         <name>xPortPendSVHandler</name>
         <value>0x5f19</value>
         <object_component_ref idref="oc-70"/>
      </symbol>
      <symbol id="sm-a64">
         <name>vPortSVCHandler</name>
         <value>0x5f79</value>
         <object_component_ref idref="oc-70"/>
      </symbol>
      <symbol id="sm-a6f">
         <name>__aeabi_dmul</name>
         <value>0x5c2d</value>
         <object_component_ref idref="oc-251"/>
      </symbol>
      <symbol id="sm-a7b">
         <name>__aeabi_d2f</name>
         <value>0x6151</value>
         <object_component_ref idref="oc-256"/>
      </symbol>
      <symbol id="sm-a85">
         <name>__aeabi_i2d</name>
         <value>0x6361</value>
         <object_component_ref idref="oc-24c"/>
      </symbol>
      <symbol id="sm-aa0">
         <name>memcpy</name>
         <value>0x5fcb</value>
         <object_component_ref idref="oc-3a"/>
      </symbol>
      <symbol id="sm-aa1">
         <name>__aeabi_memcpy</name>
         <value>0x5fcb</value>
         <object_component_ref idref="oc-3a"/>
      </symbol>
      <symbol id="sm-aa2">
         <name>__aeabi_memcpy8</name>
         <value>0x5fcb</value>
         <object_component_ref idref="oc-3a"/>
      </symbol>
      <symbol id="sm-aa3">
         <name>__aeabi_memcpy4</name>
         <value>0x5fcb</value>
         <object_component_ref idref="oc-3a"/>
      </symbol>
      <symbol id="sm-ab2">
         <name>__aeabi_uidivmod</name>
         <value>0x62bd</value>
         <object_component_ref idref="oc-20c"/>
      </symbol>
      <symbol id="sm-ab3">
         <name>__aeabi_uidiv</name>
         <value>0x62bd</value>
         <object_component_ref idref="oc-20c"/>
      </symbol>
      <symbol id="sm-ac2">
         <name>__aeabi_memset</name>
         <value>0x6069</value>
         <object_component_ref idref="oc-ab"/>
      </symbol>
      <symbol id="sm-ac3">
         <name>memset</name>
         <value>0x606f</value>
         <object_component_ref idref="oc-ab"/>
      </symbol>
      <symbol id="sm-ac4">
         <name>__aeabi_memset8</name>
         <value>0x6069</value>
         <object_component_ref idref="oc-ab"/>
      </symbol>
      <symbol id="sm-ac5">
         <name>__aeabi_memset4</name>
         <value>0x6069</value>
         <object_component_ref idref="oc-ab"/>
      </symbol>
      <symbol id="sm-ac6">
         <name>__aeabi_memclr8</name>
         <value>0x6067</value>
         <object_component_ref idref="oc-ab"/>
      </symbol>
      <symbol id="sm-ac7">
         <name>__aeabi_memclr4</name>
         <value>0x6067</value>
         <object_component_ref idref="oc-ab"/>
      </symbol>
      <symbol id="sm-ac8">
         <name>__aeabi_memclr</name>
         <value>0x6067</value>
         <object_component_ref idref="oc-ab"/>
      </symbol>
      <symbol id="sm-ada">
         <name>__TI_zero_init</name>
         <value>0x63f1</value>
         <object_component_ref idref="oc-4c"/>
      </symbol>
      <symbol id="sm-af1">
         <name>__TI_decompress_none</name>
         <value>0x63d5</value>
         <object_component_ref idref="oc-1d"/>
      </symbol>
      <symbol id="sm-b14">
         <name>__TI_decompress_lzss</name>
         <value>0x61bf</value>
         <object_component_ref idref="oc-17"/>
      </symbol>
      <symbol id="sm-bb2">
         <name>_sys_memory</name>
         <value>0x20008178</value>
         <object_component_ref idref="oc-29"/>
      </symbol>
      <symbol id="sm-bb3">
         <name>free</name>
         <value>0x5d29</value>
         <object_component_ref idref="oc-206"/>
      </symbol>
      <symbol id="sm-bb4">
         <name>realloc</name>
         <value>0x5e0d</value>
         <object_component_ref idref="oc-13e"/>
      </symbol>
      <symbol id="sm-bb5">
         <name>memalign</name>
         <value>0x5b2d</value>
         <object_component_ref idref="oc-356"/>
      </symbol>
      <symbol id="sm-bb6">
         <name>malloc</name>
         <value>0x63fd</value>
         <object_component_ref idref="oc-200"/>
      </symbol>
      <symbol id="sm-bb7">
         <name>aligned_alloc</name>
         <value>0x5b2d</value>
         <object_component_ref idref="oc-356"/>
      </symbol>
      <symbol id="sm-bca">
         <name>__stack</name>
         <value>0x2000fe00</value>
         <object_component_ref idref="oc-2c"/>
      </symbol>
      <symbol id="sm-bcb">
         <name>_c_int00_noargs</name>
         <value>0x62fd</value>
         <object_component_ref idref="oc-58"/>
      </symbol>
      <symbol id="sm-bd5">
         <name>__aeabi_idiv0</name>
         <value>0x5a23</value>
         <object_component_ref idref="oc-364"/>
      </symbol>
      <symbol id="sm-bd6">
         <name>__aeabi_ldiv0</name>
         <value>0x5a23</value>
         <object_component_ref idref="oc-364"/>
      </symbol>
      <symbol id="sm-bfe">
         <name>__TI_auto_init_nobinit_nopinit</name>
         <value>0x6279</value>
         <object_component_ref idref="oc-17f"/>
      </symbol>
      <symbol id="sm-c08">
         <name>_system_pre_init</name>
         <value>0x6405</value>
         <object_component_ref idref="oc-b1"/>
      </symbol>
      <symbol id="sm-c14">
         <name>C$$EXIT</name>
         <value>0x6409</value>
         <object_component_ref idref="oc-173"/>
      </symbol>
      <symbol id="sm-c15">
         <name>abort</name>
         <value>0x6409</value>
         <object_component_ref idref="oc-173"/>
      </symbol>
      <symbol id="sm-c2a">
         <name>_nop</name>
         <value>0x545b</value>
         <object_component_ref idref="oc-377"/>
      </symbol>
      <symbol id="sm-c2b">
         <name>_lock</name>
         <value>0x200088d8</value>
         <object_component_ref idref="oc-242"/>
      </symbol>
      <symbol id="sm-c2c">
         <name>_unlock</name>
         <value>0x200088dc</value>
         <object_component_ref idref="oc-242"/>
      </symbol>
      <symbol id="sm-c2e">
         <name>__TI_static_base__</name>
         <value>0x0</value>
      </symbol>
      <symbol id="sm-c31">
         <name>__mpu_init</name>
         <value>0x0</value>
      </symbol>
      <symbol id="sm-c32">
         <name>_system_post_cinit</name>
         <value>0x0</value>
      </symbol>
      <symbol id="sm-c33">
         <name>NMI_Handler</name>
         <value>0x63ef</value>
      </symbol>
      <symbol id="sm-c34">
         <name>HardFault_Handler</name>
         <value>0x63ef</value>
      </symbol>
      <symbol id="sm-c35">
         <name>MemManage_Handler</name>
         <value>0x63ef</value>
      </symbol>
      <symbol id="sm-c36">
         <name>BusFault_Handler</name>
         <value>0x63ef</value>
      </symbol>
      <symbol id="sm-c37">
         <name>UsageFault_Handler</name>
         <value>0x63ef</value>
      </symbol>
      <symbol id="sm-c38">
         <name>SVC_Handler</name>
         <value>0x63ef</value>
      </symbol>
      <symbol id="sm-c39">
         <name>DebugMon_Handler</name>
         <value>0x63ef</value>
      </symbol>
      <symbol id="sm-c3a">
         <name>PendSV_Handler</name>
         <value>0x63ef</value>
      </symbol>
      <symbol id="sm-c3b">
         <name>SysTick_Handler</name>
         <value>0x63ef</value>
      </symbol>
      <symbol id="sm-c3c">
         <name>PSS_IRQHandler</name>
         <value>0x63ef</value>
      </symbol>
      <symbol id="sm-c3d">
         <name>CS_IRQHandler</name>
         <value>0x63ef</value>
      </symbol>
      <symbol id="sm-c3e">
         <name>PCM_IRQHandler</name>
         <value>0x63ef</value>
      </symbol>
      <symbol id="sm-c3f">
         <name>WDT_A_IRQHandler</name>
         <value>0x63ef</value>
      </symbol>
      <symbol id="sm-c40">
         <name>FPU_IRQHandler</name>
         <value>0x63ef</value>
      </symbol>
      <symbol id="sm-c41">
         <name>FLCTL_IRQHandler</name>
         <value>0x63ef</value>
      </symbol>
      <symbol id="sm-c42">
         <name>COMP_E0_IRQHandler</name>
         <value>0x63ef</value>
      </symbol>
      <symbol id="sm-c43">
         <name>COMP_E1_IRQHandler</name>
         <value>0x63ef</value>
      </symbol>
      <symbol id="sm-c44">
         <name>TA0_0_IRQHandler</name>
         <value>0x63ef</value>
      </symbol>
      <symbol id="sm-c45">
         <name>TA0_N_IRQHandler</name>
         <value>0x63ef</value>
      </symbol>
      <symbol id="sm-c46">
         <name>TA1_0_IRQHandler</name>
         <value>0x63ef</value>
      </symbol>
      <symbol id="sm-c47">
         <name>TA1_N_IRQHandler</name>
         <value>0x63ef</value>
      </symbol>
      <symbol id="sm-c48">
         <name>TA2_0_IRQHandler</name>
         <value>0x63ef</value>
      </symbol>
      <symbol id="sm-c49">
         <name>TA2_N_IRQHandler</name>
         <value>0x63ef</value>
      </symbol>
      <symbol id="sm-c4a">
         <name>TA3_0_IRQHandler</name>
         <value>0x63ef</value>
      </symbol>
      <symbol id="sm-c4b">
         <name>TA3_N_IRQHandler</name>
         <value>0x63ef</value>
      </symbol>
      <symbol id="sm-c4c">
         <name>EUSCIA0_IRQHandler</name>
         <value>0x571d</value>
      </symbol>
      <symbol id="sm-c4d">
         <name>EUSCIA1_IRQHandler</name>
         <value>0x63ef</value>
      </symbol>
      <symbol id="sm-c4e">
         <name>EUSCIA2_IRQHandler</name>
         <value>0x63ef</value>
      </symbol>
      <symbol id="sm-c4f">
         <name>EUSCIA3_IRQHandler</name>
         <value>0x63ef</value>
      </symbol>
      <symbol id="sm-c50">
         <name>EUSCIB0_IRQHandler</name>
         <value>0x63ef</value>
      </symbol>
      <symbol id="sm-c51">
         <name>EUSCIB1_IRQHandler</name>
         <value>0x63ef</value>
      </symbol>
      <symbol id="sm-c52">
         <name>EUSCIB2_IRQHandler</name>
         <value>0x63ef</value>
      </symbol>
      <symbol id="sm-c53">
         <name>EUSCIB3_IRQHandler</name>
         <value>0x63ef</value>
      </symbol>
      <symbol id="sm-c54">
         <name>ADC14_IRQHandler</name>
         <value>0x5851</value>
      </symbol>
      <symbol id="sm-c55">
         <name>T32_INT1_IRQHandler</name>
         <value>0x5ab7</value>
      </symbol>
      <symbol id="sm-c56">
         <name>T32_INT2_IRQHandler</name>
         <value>0x5ae9</value>
      </symbol>
      <symbol id="sm-c57">
         <name>T32_INTC_IRQHandler</name>
         <value>0x63ef</value>
      </symbol>
      <symbol id="sm-c58">
         <name>AES256_IRQHandler</name>
         <value>0x63ef</value>
      </symbol>
      <symbol id="sm-c59">
         <name>RTC_C_IRQHandler</name>
         <value>0x63ef</value>
      </symbol>
      <symbol id="sm-c5a">
         <name>DMA_ERR_IRQHandler</name>
         <value>0x63ef</value>
      </symbol>
      <symbol id="sm-c5b">
         <name>DMA_INT3_IRQHandler</name>
         <value>0x63ef</value>
      </symbol>
      <symbol id="sm-c5c">
         <name>DMA_INT2_IRQHandler</name>
         <value>0x63ef</value>
      </symbol>
      <symbol id="sm-c5d">
         <name>DMA_INT1_IRQHandler</name>
         <value>0x63ef</value>
      </symbol>
      <symbol id="sm-c5e">
         <name>DMA_INT0_IRQHandler</name>
         <value>0x63ef</value>
      </symbol>
      <symbol id="sm-c5f">
         <name>PORT1_IRQHandler</name>
         <value>0x63ef</value>
      </symbol>
      <symbol id="sm-c60">
         <name>PORT2_IRQHandler</name>
         <value>0x63ef</value>
      </symbol>
      <symbol id="sm-c61">
         <name>PORT3_IRQHandler</name>
         <value>0x63ef</value>
      </symbol>
      <symbol id="sm-c62">
         <name>PORT4_IRQHandler</name>
         <value>0x63ef</value>
      </symbol>
      <symbol id="sm-c63">
         <name>PORT5_IRQHandler</name>
         <value>0x63ef</value>
      </symbol>
      <symbol id="sm-c64">
         <name>PORT6_IRQHandler</name>
         <value>0x63ef</value>
      </symbol>
   </symbol_table>
   <title>Link successful</title>
</link_info>
