******************************************************************************
                  TI ARM Linker Unix v20.2.5                   
******************************************************************************
>> Linked Fri Apr 29 01:16:51 2022

OUTPUT FILE NAME:   <duckhunt_FreeRtos.out>
ENTRY POINT SYMBOL: "_c_int00_noargs"  address: 0000840d


MEMORY CONFIGURATION

         name            origin    length      used     unused   attr    fill
----------------------  --------  ---------  --------  --------  ----  --------
  MAIN                  00000000   00040000  0000b8b4  0003474c  R  X
  INFO                  00200000   00004000  00000000  00004000  R  X
  SRAM_CODE             01000000   00010000  00008e35  000071cb  RW X
  SRAM_DATA             20000000   00010000  00008e35  000071cb  RW  


SEGMENT ALLOCATION MAP

run origin  load origin   length   init length attrs members
----------  ----------- ---------- ----------- ----- -------
00000000    00000000    0000b8b8   0000b8b8    r-x
  00000000    00000000    000000e4   000000e4    r-- .intvecs
  000000e4    000000e4    000085b4   000085b4    r-x .text
  00008698    00008698    00002fc4   00002fc4    r-- .const
  0000b660    0000b660    00000258   00000258    r-- .cinit
20000000    20000000    00008c38   00000000    rw-
  20000000    20000000    0000836e   00000000    rw- .bss
  20008370    20008370    000004c7   00000000    rw- .data
  20008838    20008838    00000400   00000000    rw- .sysmem
2000fe00    2000fe00    00000200   00000000    rw-
  2000fe00    2000fe00    00000200   00000000    rw- .stack


SECTION ALLOCATION MAP

 output                                  attributes/
section   page    origin      length       input sections
--------  ----  ----------  ----------   ----------------
.intvecs   0    00000000    000000e4     
                  00000000    000000e4     startup_msp432p401r_ccs.obj (.intvecs:retain)

.text      0    000000e4    000085b4     
                  000000e4    000020b4     tasks.obj (.text)
                  00002198    00001110     queue.obj (.text)
                  000032a8    00000a4e     rtsv7M4_T_le_v4SPD16_eabi.lib : _printfi.c.obj (.text:__TI_printfi)
                  00003cf6    00000002                                   : _lock.c.obj (.text:_nop)
                  00003cf8    000007f0     lcd.obj (.text)
                  000044e8    000007a4     timers.obj (.text)
                  00004c8c    00000454     heap_4.obj (.text)
                  000050e0    00000438     port.obj (.text)
                  00005518    00000398     main.obj (.text)
                  000058b0    00000354     system_msp432p401r.obj (.text)
                  00005c04    00000270     rtsv7M4_T_le_v4SPD16_eabi.lib : _printfi.c.obj (.text:_pconv_a)
                  00005e74    000001d0                                   : _printfi.c.obj (.text:_pconv_g)
                  00006044    000001c2     circular_buffer.obj (.text)
                  00006206    00000002     rtsv7M4_T_le_v4SPD16_eabi.lib : div0.asm.obj (.text)
                  00006208    000001c0     i2c.obj (.text)
                  000063c8    000001b6     rtsv7M4_T_le_v4SPD16_eabi.lib : fd_add_t2.asm.obj (.text)
                  0000657e    00000002     --HOLE-- [fill = 0]
                  00006580    000001ac     serial_debug.obj (.text)
                  0000672c    0000013c     rtsv7M4_T_le_v4SPD16_eabi.lib : _printfi.c.obj (.text:_pconv_e)
                  00006868    00000136                                   : fd_div_t2.asm.obj (.text)
                  0000699e    00000002     --HOLE-- [fill = 0]
                  000069a0    00000130     ps2.obj (.text)
                  00006ad0    0000012a     list.obj (.text)
                  00006bfa    00000002     --HOLE-- [fill = 0]
                  00006bfc    00000124     rtsv7M4_T_le_v4SPD16_eabi.lib : _printfi.c.obj (.text:fcvt)
                  00006d20    00000114                                   : fputs.c.obj (.text:fputs)
                  00006e34    00000110                                   : s_scalbn.c.obj (.text:scalbn)
                  00006f44    00000108     timer32.obj (.text)
                  0000704c    00000100     rtsv7M4_T_le_v4SPD16_eabi.lib : memory.c.obj (.text:aligned_alloc)
                  0000714c    000000fc                                   : fd_mul_t2.asm.obj (.text)
                  00007248    000000e4                                   : memory.c.obj (.text:free)
                  0000732c    000000e4                                   : memory.c.obj (.text:realloc)
                  00007410    000000dc                                   : setvbuf.c.obj (.text:setvbuf)
                  000074ec    000000da     portasm.obj (.text)
                  000075c6    00000002     --HOLE-- [fill = 0]
                  000075c8    000000b1     rtsv7M4_T_le_v4SPD16_eabi.lib : _printfi.c.obj (.text:_ltostr)
                  00007679    00000001     --HOLE-- [fill = 0]
                  0000767a    0000009c                                   : memcpy_t2.asm.obj (.text)
                  00007716    00000096                                   : ull_div_t2.asm.obj (.text)
                  000077ac    00000086                                   : fd_cmp_t2.asm.obj (.text:__aeabi_cdcmple)
                  00007832    00000086                                   : fd_cmp_t2.asm.obj (.text:__aeabi_cdrcmple)
                  000078b8    0000007a                                   : memset_t2.asm.obj (.text)
                  00007932    00000002     --HOLE-- [fill = 0]
                  00007934    00000074                                   : fclose.c.obj (.text:__TI_closefile)
                  000079a8    00000070                                   : memory.c.obj (.text:split)
                  00007a18    0000006e                                   : _printfi.c.obj (.text:_mcpy)
                  00007a86    0000006e                                   : fd_tos_t2.asm.obj (.text)
                  00007af4    0000006c                                   : hostrename.c.obj (.text:HOSTrename)
                  00007b60    00000068                                   : hostlseek.c.obj (.text:HOSTlseek)
                  00007bc8    00000068                                   : copy_decompress_lzss.c.obj (.text:decompress:lzss:__TI_decompress_lzss)
                  00007c30    00000068                                   : printf.c.obj (.text:printf)
                  00007c98    00000064                                   : s_frexp.c.obj (.text:frexp)
                  00007cfc    00000064                                   : fseek.c.obj (.text:fseek)
                  00007d60    00000062                                   : _io_perm.c.obj (.text:__TI_wrt_ok)
                  00007dc2    00000002     --HOLE-- [fill = 0]
                  00007dc4    00000060                                   : hostopen.c.obj (.text:HOSTopen)
                  00007e24    0000005c                                   : close.c.obj (.text:close)
                  00007e80    00000058                                   : hostread.c.obj (.text:HOSTread)
                  00007ed8    00000058                                   : hostwrite.c.obj (.text:HOSTwrite)
                  00007f30    00000056                                   : _printfi.c.obj (.text:_pconv_f)
                  00007f86    00000054                                   : _ltoa.c.obj (.text:__TI_ltoa)
                  00007fda    00000052                                   : _printfi.c.obj (.text:_ecpy)
                  0000802c    00000050     opt3001.obj (.text)
                  0000807c    0000004c     rtsv7M4_T_le_v4SPD16_eabi.lib : fflush.c.obj (.text:__TI_doflush)
                  000080c8    0000004c                                   : atoi.c.obj (.text:atoi)
                  00008114    00000048                                   : exit.c.obj (.text:exit)
                  0000815c    00000048                                   : fd_toi_t2.asm.obj (.text)
                  000081a4    00000044                                   : hostclose.c.obj (.text:HOSTclose)
                  000081e8    00000044                                   : hostunlink.c.obj (.text:HOSTunlink)
                  0000822c    00000044                                   : autoinit.c.obj (.text:__TI_auto_init_nobinit_nopinit:__TI_auto_init_nobinit_nopinit)
                  00008270    00000044                                   : getdevice.c.obj (.text:getdevice)
                  000082b4    00000040                                   : u_divt2.asm.obj (.text)
                  000082f4    0000003e                                   : _printfi.c.obj (.text:_fcpy)
                  00008332    00000002     --HOLE-- [fill = 0]
                  00008334    00000038                                   : trgmsg.c.obj (.text:__TI_writemsg)
                  0000836c    00000036                                   : strncpy.c.obj (.text:strncpy)
                  000083a2    00000002     --HOLE-- [fill = 0]
                  000083a4    00000034                                   : fopen.c.obj (.text:__TI_cleanup)
                  000083d8    00000034                                   : trgmsg.c.obj (.text:__TI_readmsg)
                  0000840c    00000034                                   : boot_cortex_m.c.obj (.text:_c_int00_noargs:_c_int00_noargs)
                  00008440    00000030                                   : getdevice.c.obj (.text:finddevice)
                  00008470    00000030     main.obj (.text:init)
                  000084a0    0000002e     rtsv7M4_T_le_v4SPD16_eabi.lib : i_tofd_t2.asm.obj (.text)
                  000084ce    00000002     --HOLE-- [fill = 0]
                  000084d0    0000002c                                   : unlink.c.obj (.text:unlink)
                  000084fc    00000028                                   : memory.c.obj (.text:free_list_insert)
                  00008524    00000028                                   : lseek.c.obj (.text:lseek)
                  0000854c    00000028                                   : write.c.obj (.text:write)
                  00008574    00000020                                   : memchr.c.obj (.text:memchr)
                  00008594    0000001c                                   : memory.c.obj (.text:free_list_remove)
                  000085b0    0000001c                                   : memccpy.c.obj (.text:memccpy)
                  000085cc    0000001a                                   : s_copysign.c.obj (.text:copysign)
                  000085e6    00000018                                   : strcmp.c.obj (.text:strcmp)
                  000085fe    00000016                                   : strchr.c.obj (.text:strchr)
                  00008614    00000014                                   : strcpy.c.obj (.text:strcpy)
                  00008628    00000014                                   : strlen.c.obj (.text:strlen)
                  0000863c    00000012                                   : wcslen.c.obj (.text:wcslen)
                  0000864e    0000000e                                   : copy_decompress_none.c.obj (.text:decompress:none:__TI_decompress_none)
                  0000865c    0000000e     startup_msp432p401r_ccs.obj (.text)
                  0000866a    0000000c     rtsv7M4_T_le_v4SPD16_eabi.lib : copy_zero_init.c.obj (.text:decompress:ZI:__TI_zero_init)
                  00008676    00000002     --HOLE-- [fill = 0]
                  00008678    00000008                                   : errno.c.obj (.text:__aeabi_errno_addr)
                  00008680    00000008                                   : memory.c.obj (.text:malloc)
                  00008688    00000004                                   : printf.c.obj (.text:_outc)
                  0000868c    00000004                                   : printf.c.obj (.text:_outs)
                  00008690    00000004                                   : pre_init.c.obj (.text:_system_pre_init)
                  00008694    00000004                                   : exit.c.obj (.text:abort:abort)

.const     0    00008698    00002fc4     
                  00008698    00000671     main.obj (.const:.string:light_background_bm_0x8718)
                  00008d09    00000660     main.obj (.const:.string:medium_background_bm_0x8410)
                  00009369    0000064f     main.obj (.const:.string:dark_background_bm_0x8)
                  000099b8    00000275     main.obj (.const:.string:dark_background_bm_0x4210)
                  00009c2d    00000275     main.obj (.const:.string:medium_background_bm_0x4408)
                  00009ea2    0000020f     main.obj (.const:.string:dark_background_bm_0x4310)
                  0000a0b1    000001cb     main.obj (.const:.string:dark_background_bm_0x4410)
                  0000a27c    000001cb     main.obj (.const:.string:medium_background_bm_0x4508)
                  0000a447    000001ba     main.obj (.const:.string:light_background_bm_0x400)
                  0000a601    000001ba     main.obj (.const:.string:light_background_bm_0x4500)
                  0000a7bb    00000180     main.obj (.const:.string:light_background_bm_0x4400)
                  0000a93b    00000176     main.obj (.const:.string:light_background_bm_0x4600)
                  0000aab1    00000165     main.obj (.const:.string:light_background_bm_0x500)
                  0000ac16    00000110     main.obj (.const:.string:medium_background_bm_0x4308)
                  0000ad26    00000101     rtsv7M4_T_le_v4SPD16_eabi.lib : ctype.c.obj (.const:.string:_ctypes_)
                  0000ae27    000000ff     main.obj (.const:.string:light_background_bm_0x200)
                  0000af26    000000ff     main.obj (.const:.string:light_background_bm_0x600)
                  0000b025    000000ee     main.obj (.const:.string:dark_background_bm_0x4110)
                  0000b113    000000d0     main.obj (.const:.string:medium_background_bm_0x4608)
                  0000b1e3    000000c0     main.obj (.const:.string:medium_background_bm_0x8508)
                  0000b2a3    00000077     main.obj (.const:.string:light_background_bm_0x300)
                  0000b31a    00000077     main.obj (.const:.string:medium_background_bm_0x8510)
                  0000b391    00000066     main.obj (.const:.string:dark_background_bm_0x4208)
                  0000b3f7    00000066     main.obj (.const:.string:light_background_bm_0x4508)
                  0000b45d    00000066     main.obj (.const:.string:light_background_bm_0x4610)
                  0000b4c3    00000066     main.obj (.const:.string:light_background_bm_0x4718)
                  0000b529    00000055     main.obj (.const:.string:dark_background_bm_0x4108)
                  0000b57e    0000003c     main.obj (.const:.string:light_background_bm_0x4608)
                  0000b5ba    0000002c     main.obj (.const:.string:light_background_bm_0x4510)
                  0000b5e6    0000001e     main.obj (.const:.string:crosshair_bm_0x0)
                  0000b604    0000001e     main.obj (.const:.string:crosshair_bm_0xc718)
                  0000b622    0000001a     main.obj (.const:.string:light_background_bm_0x4710)
                  0000b63c    0000000a     main.obj (.const:.string:light_background_bm_0x4408)
                  0000b646    00000001     main.obj (.const:.string:dark_background_bm_0x4308)
                  0000b647    00000001     main.obj (.const:.string:medium_background_bm_0x8608)
                  0000b648    00000008     port.obj (.const)
                  0000b650    00000006     main.obj (.const:.string:light_background_bm_0x508)
                  0000b656    00000002     --HOLE-- [fill = 0]
                  0000b658    00000004     tasks.obj (.const)

.cinit     0    0000b660    00000258     
                  0000b660    0000022d     (.cinit..data.load) [load image, compression = lzss]
                  0000b88d    00000003     --HOLE-- [fill = 0]
                  0000b890    0000000c     (__TI_handler_table)
                  0000b89c    00000004     --HOLE-- [fill = 0]
                  0000b8a0    00000008     (.cinit..bss.load) [load image, compression = zero_init]
                  0000b8a8    00000010     (__TI_cinit_table)

.init_array 
*          0    00000000    00000000     UNINITIALIZED

.binit     0    00000000    00000000     

.bss       0    20000000    0000836e     UNINITIALIZED
                  20000000    00008000     heap_4.obj (.bss:ucHeap)
                  20008000    00000120     rtsv7M4_T_le_v4SPD16_eabi.lib : trgmsg.c.obj (.bss:_CIOBUF_)
                  20008120    000000c8     tasks.obj (.bss:pxReadyTasksLists)
                  200081e8    000000a0     (.common:__TI_tmpnams)
                  20008288    00000014     timers.obj (.bss:xActiveTimerList1)
                  2000829c    00000014     timers.obj (.bss:xActiveTimerList2)
                  200082b0    00000014     tasks.obj (.bss:xDelayedTaskList1)
                  200082c4    00000014     tasks.obj (.bss:xDelayedTaskList2)
                  200082d8    00000014     tasks.obj (.bss:xPendingReadyList)
                  200082ec    00000014     tasks.obj (.bss:xSuspendedTaskList)
                  20008300    00000014     tasks.obj (.bss:xTasksWaitingTermination)
                  20008314    00000010     (.common:background)
                  20008324    00000010     (.common:crosshair)
                  20008334    00000010     (.common:crosshair2)
                  20008344    00000008     tasks.obj (.bss)
                  2000834c    00000008     timers.obj (.bss)
                  20008354    00000008     heap_4.obj (.bss:xStart)
                  2000835c    00000008     (.common:parmbuf)
                  20008364    00000004     (.common:Rx_String)
                  20008368    00000004     (.common:Tx_Buffer)
                  2000836c    00000001     main.obj (.bss)
                  2000836d    00000001     (.common:ALERT_STRING)

.data      0    20008370    000004c7     UNINITIALIZED
                  20008370    00000110     main.obj (.data:layers_light_background)
                  20008480    000000f0     rtsv7M4_T_le_v4SPD16_eabi.lib : defs.c.obj (.data:_ftable)
                  20008570    00000080     main.obj (.data:layers_dark_background)
                  200085f0    00000080     main.obj (.data:layers_medium_background)
                  20008670    00000078     rtsv7M4_T_le_v4SPD16_eabi.lib : host_device.c.obj (.data:_device)
                  200086e8    00000050                                   : host_device.c.obj (.data:_stream)
                  20008738    00000034     tasks.obj (.data)
                  2000876c    00000020     main.obj (.data:layers_crosshair)
                  2000878c    00000018     heap_4.obj (.data)
                  200087a4    00000018     lcd.obj (.data)
                  200087bc    00000018     port.obj (.data)
                  200087d4    00000016     main.obj (.data)
                  200087ea    00000002     serial_debug.obj (.data)
                  200087ec    00000010     rtsv7M4_T_le_v4SPD16_eabi.lib : defs.c.obj (.data)
                  200087fc    0000000c                                   : exit.c.obj (.data:$O1$$)
                  20008808    0000000c     timers.obj (.data)
                  20008814    00000008     rtsv7M4_T_le_v4SPD16_eabi.lib : _lock.c.obj (.data:$O1$$)
                  2000881c    00000008                                   : memory.c.obj (.data:$O1$$)
                  20008824    00000008     ps2.obj (.data)
                  2000882c    00000004     rtsv7M4_T_le_v4SPD16_eabi.lib : errno.c.obj (.data)
                  20008830    00000004     system_msp432p401r.obj (.data)
                  20008834    00000003     timer32.obj (.data)

.sysmem    0    20008838    00000400     UNINITIALIZED
                  20008838    00000010     rtsv7M4_T_le_v4SPD16_eabi.lib : memory.c.obj (.sysmem)
                  20008848    000003f0     --HOLE--

.stack     0    2000fe00    00000200     UNINITIALIZED
                  2000fe00    00000004     rtsv7M4_T_le_v4SPD16_eabi.lib : boot_cortex_m.c.obj (.stack)
                  2000fe04    000001fc     --HOLE--

__llvm_prf_cnts 
*          0    20000000    00000000     UNINITIALIZED

MODULE SUMMARY

       Module                        code    ro data   rw data
       ------                        ----    -------   -------
    ./
       main.obj                      968     11957     1166   
       lcd.obj                       2032    0         144    
       system_msp432p401r.obj        852     0         8      
       circular_buffer.obj           450     0         0      
       serial_debug.obj              428     0         22     
       i2c.obj                       448     0         0      
       ps2.obj                       304     0         16     
       timer32.obj                   264     0         6      
       startup_msp432p401r_ccs.obj   14      228       0      
       opt3001.obj                   80      0         0      
    +--+-----------------------------+-------+---------+---------+
       Total:                        5840    12185     1362   
                                                              
    ./FreeRTOS/
       heap_4.obj                    1108    0         65600  
       tasks.obj                     8372    4         720    
       queue.obj                     4368    0         0      
       timers.obj                    1956    0         120    
       list.obj                      298     0         0      
    +--+-----------------------------+-------+---------+---------+
       Total:                        16102   4         66440  
                                                              
    ./FreeRTOS/portable/
       port.obj                      1080    8         48     
       portasm.obj                   218     0         0      
    +--+-----------------------------+-------+---------+---------+
       Total:                        1298    8         48     
                                                              
    /Applications/TI/ccs1110/ccs/tools/compiler/ti-cgt-arm_20.2.5.LTS/lib/rtsv7M4_T_le_v4SPD16_eabi.lib
       _printfi.c.obj                4851    0         0      
       memory.c.obj                  900     0         16     
       defs.c.obj                    0       0         832    
       trgmsg.c.obj                  108     0         576    
       fd_add_t2.asm.obj             438     0         0      
       host_device.c.obj             0       0         400    
       fd_div_t2.asm.obj             310     0         0      
       fputs.c.obj                   276     0         0      
       s_scalbn.c.obj                272     0         0      
       fd_cmp_t2.asm.obj             268     0         0      
       ctype.c.obj                   0       257       0      
       fd_mul_t2.asm.obj             252     0         0      
       setvbuf.c.obj                 220     0         0      
       memcpy_t2.asm.obj             156     0         0      
       ull_div_t2.asm.obj            150     0         0      
       memset_t2.asm.obj             122     0         0      
       fclose.c.obj                  116     0         0      
       getdevice.c.obj               116     0         0      
       hostopen.c.obj                96      0         16     
       printf.c.obj                  112     0         0      
       fd_tos_t2.asm.obj             110     0         0      
       hostrename.c.obj              108     0         0      
       copy_decompress_lzss.c.obj    104     0         0      
       hostlseek.c.obj               104     0         0      
       exit.c.obj                    76      0         24     
       fseek.c.obj                   100     0         0      
       s_frexp.c.obj                 100     0         0      
       _io_perm.c.obj                98      0         0      
       close.c.obj                   92      0         0      
       hostread.c.obj                88      0         0      
       hostwrite.c.obj               88      0         0      
       _ltoa.c.obj                   84      0         0      
       atoi.c.obj                    76      0         0      
       fflush.c.obj                  76      0         0      
       fd_toi_t2.asm.obj             72      0         0      
       autoinit.c.obj                68      0         0      
       hostclose.c.obj               68      0         0      
       hostunlink.c.obj              68      0         0      
       u_divt2.asm.obj               64      0         0      
       strncpy.c.obj                 54      0         0      
       boot_cortex_m.c.obj           52      0         0      
       fopen.c.obj                   52      0         0      
       i_tofd_t2.asm.obj             46      0         0      
       unlink.c.obj                  44      0         0      
       lseek.c.obj                   40      0         0      
       write.c.obj                   40      0         0      
       memchr.c.obj                  32      0         0      
       memccpy.c.obj                 28      0         0      
       s_copysign.c.obj              26      0         0      
       strcmp.c.obj                  24      0         0      
       strchr.c.obj                  22      0         0      
       strcpy.c.obj                  20      0         0      
       strlen.c.obj                  20      0         0      
       _lock.c.obj                   2       0         16     
       wcslen.c.obj                  18      0         0      
       errno.c.obj                   8       0         8      
       copy_decompress_none.c.obj    14      0         0      
       copy_zero_init.c.obj          12      0         0      
       pre_init.c.obj                4       0         0      
       div0.asm.obj                  2       0         0      
    +--+-----------------------------+-------+---------+---------+
       Total:                        10967   257       1888   
                                                              
       Heap:                         0       0         2048   
       Stack:                        0       0         1024   
       Linker Generated:             0       593       0      
    +--+-----------------------------+-------+---------+---------+
       Grand Total:                  34207   13047     72810  


LINKER GENERATED COPY TABLES

__TI_cinit_table @ 0000b8a8 records: 2, size/record: 8, table size: 16
	.data: load addr=0000b660, load size=0000022d bytes, run addr=20008370, run size=000004c7 bytes, compression=lzss
	.bss: load addr=0000b8a0, load size=00000008 bytes, run addr=20000000, run size=0000836e bytes, compression=zero_init


LINKER GENERATED HANDLER TABLE

__TI_handler_table @ 0000b890 records: 3, size/record: 4, table size: 12
	index: 0, handler: __TI_decompress_lzss
	index: 1, handler: __TI_decompress_none
	index: 2, handler: __TI_zero_init


GLOBAL SYMBOLS: SORTED ALPHABETICALLY BY Name 

address   name                               
-------   ----                               
00006a29  ADC14_IRQHandler                   
00006a29  ADC14_IRQHandler                   
00008669  AES256_IRQHandler                  
2000836d  ALERT_STRING                       
00008669  BusFault_Handler                   
00008695  C$$EXIT                            
00008363  C$$IO$$                            
00008669  COMP_E0_IRQHandler                 
00008669  COMP_E1_IRQHandler                 
00008669  CS_IRQHandler                      
00003e41  Crystalfontz128x128_Init           
00003dd1  Crystalfontz128x128_SetDrawFrame   
00008669  DMA_ERR_IRQHandler                 
00008669  DMA_INT0_IRQHandler                
00008669  DMA_INT1_IRQHandler                
00008669  DMA_INT2_IRQHandler                
00008669  DMA_INT3_IRQHandler                
00008669  DebugMon_Handler                   
00008669  Default_Handler                    
00006681  EUSCIA0_IRQHandler                 
00006681  EUSCIA0_IRQHandler                 
00008669  EUSCIA1_IRQHandler                 
00008669  EUSCIA2_IRQHandler                 
00008669  EUSCIA3_IRQHandler                 
00008669  EUSCIB0_IRQHandler                 
00008669  EUSCIB1_IRQHandler                 
00008669  EUSCIB2_IRQHandler                 
00008669  EUSCIB3_IRQHandler                 
00008669  FLCTL_IRQHandler                   
00008669  FPU_IRQHandler                     
00003cf9  HAL_LCD_PortInit                   
00003d41  HAL_LCD_SpiInit                    
00003d75  HAL_LCD_writeCommand               
00003dad  HAL_LCD_writeData                  
000081a5  HOSTclose                          
00007b61  HOSTlseek                          
00007dc5  HOSTopen                           
00007e81  HOSTread                           
00007af5  HOSTrename                         
000081e9  HOSTunlink                         
00007ed9  HOSTwrite                          
00008669  HardFault_Handler                  
00006f71  MKII_S2                            
00008669  MemManage_Handler                  
20008835  NEW_FRAME                          
00008669  NMI_Handler                        
00008669  PCM_IRQHandler                     
00008669  PORT1_IRQHandler                   
00008669  PORT2_IRQHandler                   
00008669  PORT3_IRQHandler                   
00008669  PORT4_IRQHandler                   
00008669  PORT5_IRQHandler                   
00008669  PORT6_IRQHandler                   
20008824  PS2_X_VAL                          
20008828  PS2_Y_VAL                          
00008669  PSS_IRQHandler                     
00008669  PendSV_Handler                     
00008669  RTC_C_IRQHandler                   
0000865d  Reset_Handler                      
200087ea  Rx_Char_Count                      
20008364  Rx_String                          
20008834  S2_P                               
00008669  SVC_Handler                        
200087e0  Sem_LCD                            
00008669  SysTick_Handler                    
20008830  SystemCoreClock                    
000058b1  SystemCoreClockUpdate              
00005b29  SystemInit                         
00006fd7  T32_INT1_IRQHandler                
00006fd7  T32_INT1_IRQHandler                
00007009  T32_INT2_IRQHandler                
00007009  T32_INT2_IRQHandler                
00008669  T32_INTC_IRQHandler                
00008669  TA0_0_IRQHandler                   
00008669  TA0_N_IRQHandler                   
00008669  TA1_0_IRQHandler                   
00008669  TA1_N_IRQHandler                   
00008669  TA2_0_IRQHandler                   
00008669  TA2_N_IRQHandler                   
00008669  TA3_0_IRQHandler                   
00008669  TA3_N_IRQHandler                   
200087d4  TaskH_joystick                     
200087d8  TaskH_newFrame                     
200087dc  TaskH_s2                           
0000570d  Task_joystick                      
00005675  Task_newFrame                      
0000562f  Task_s2                            
20008368  Tx_Buffer                          
00008669  UsageFault_Handler                 
4000480c  WDTCTL_SYM                         
00008669  WDT_A_IRQHandler                   
20008000  __CIOBUF_                          
20010000  __STACK_END                        
00000200  __STACK_SIZE                       
00000400  __SYSMEM_SIZE                      
0000b8a8  __TI_CINIT_Base                    
0000b8b8  __TI_CINIT_Limit                   
0000b890  __TI_Handler_Table_Base            
0000b89c  __TI_Handler_Table_Limit           
0000822d  __TI_auto_init_nobinit_nopinit     
000083a5  __TI_cleanup                       
200087fc  __TI_cleanup_ptr                   
00007935  __TI_closefile                     
00007bc9  __TI_decompress_lzss               
0000864f  __TI_decompress_none               
0000807d  __TI_doflush                       
20008800  __TI_dtors_ptr                     
20008804  __TI_enable_exit_profile_output    
200087ec  __TI_ft_end                        
00007f87  __TI_ltoa                          
ffffffff  __TI_pprof_out_hndl                
000032a9  __TI_printfi                       
ffffffff  __TI_prof_data_size                
ffffffff  __TI_prof_data_start               
000083d9  __TI_readmsg                       
00000000  __TI_static_base__                 
200081e8  __TI_tmpnams                       
00008335  __TI_writemsg                      
00007d61  __TI_wrt_ok                        
0000866b  __TI_zero_init                     
000077ad  __aeabi_cdcmpeq                    
000077ad  __aeabi_cdcmple                    
00007833  __aeabi_cdrcmple                   
00007a87  __aeabi_d2f                        
0000815d  __aeabi_d2iz                       
000063d3  __aeabi_dadd                       
00006869  __aeabi_ddiv                       
0000714d  __aeabi_dmul                       
000063c9  __aeabi_dsub                       
00008679  __aeabi_errno_addr                 
000084a1  __aeabi_i2d                        
00006207  __aeabi_idiv0                      
00006207  __aeabi_ldiv0                      
000078b9  __aeabi_memclr                     
000078b9  __aeabi_memclr4                    
000078b9  __aeabi_memclr8                    
0000767b  __aeabi_memcpy                     
0000767b  __aeabi_memcpy4                    
0000767b  __aeabi_memcpy8                    
000078bb  __aeabi_memset                     
000078bb  __aeabi_memset4                    
000078bb  __aeabi_memset8                    
200087f8  __aeabi_stderr                     
200087f0  __aeabi_stdin                      
200087f4  __aeabi_stdout                     
000082b5  __aeabi_uidiv                      
000082b5  __aeabi_uidivmod                   
00007717  __aeabi_uldivmod                   
ffffffff  __binit__                          
ffffffff  __c_args__                         
UNDEFED   __mpu_init                         
2000fe00  __stack                            
20000000  __start___llvm_prf_cnts            
20000000  __stop___llvm_prf_cnts             
0000840d  _c_int00_noargs                    
0000ad26  _ctypes_                           
20008670  _device                            
20008480  _ftable                            
20008814  _lock                              
00003cf7  _nop                               
200086e8  _stream                            
20008838  _sys_memory                        
UNDEFED   _system_post_cinit                 
00008691  _system_pre_init                   
20008818  _unlock                            
00008695  abort                              
000069cd  adc14_init                         
00003f63  addImage                           
0000704d  aligned_alloc                      
000080c9  atoi                               
20008314  background                         
ffffffff  binit                              
0000608b  circular_buffer_add                
00006077  circular_buffer_delete             
00006107  circular_buffer_empty              
00006123  circular_buffer_full               
00006045  circular_buffer_init               
000060c5  circular_buffer_remove             
00006151  circular_buffer_test_0             
00007e25  close                              
000085cd  copysign                           
000085cd  copysignl                          
20008324  crosshair                          
20008334  crosshair2                         
0000b5e6  crosshair_bm_0x0                   
0000b604  crosshair_bm_0xc718                
0000b529  dark_background_bm_0x4108          
0000b025  dark_background_bm_0x4110          
0000b391  dark_background_bm_0x4208          
000099b8  dark_background_bm_0x4210          
0000b646  dark_background_bm_0x4308          
00009ea2  dark_background_bm_0x4310          
0000a0b1  dark_background_bm_0x4410          
00009369  dark_background_bm_0x8             
00004315  draw                               
00005549  draw_crosshair                     
00005539  draw_dark_background               
00005519  draw_light_background              
00005529  draw_medium_background             
00004189  draw_pixel                         
000013ed  eTaskConfirmSleepModeStatus        
00000541  eTaskGetState                      
00003f8f  erase_image                        
2000882c  errno                              
00008115  exit                               
00003fe9  fill_image                         
00008441  finddevice                         
00006651  fputc                              
00006d21  fputs                              
00007249  free                               
00007c99  frexp                              
00007c99  frexpl                             
00007cfd  fseek                              
00008271  getdevice                          
00006297  i2c_init                           
00006333  i2c_read_16                        
000062d7  i2c_write_16                       
00008471  init                               
00000000  interruptVectors                   
2000876c  layers_crosshair                   
20008570  layers_dark_background             
20008370  layers_light_background            
200085f0  layers_medium_background           
00006e35  ldexp                              
00006e35  ldexpl                             
0000ae27  light_background_bm_0x200          
0000b2a3  light_background_bm_0x300          
0000a447  light_background_bm_0x400          
0000a7bb  light_background_bm_0x4400         
0000b63c  light_background_bm_0x4408         
0000a601  light_background_bm_0x4500         
0000b3f7  light_background_bm_0x4508         
0000b5ba  light_background_bm_0x4510         
0000a93b  light_background_bm_0x4600         
0000b57e  light_background_bm_0x4608         
0000b45d  light_background_bm_0x4610         
0000b622  light_background_bm_0x4710         
0000b4c3  light_background_bm_0x4718         
0000aab1  light_background_bm_0x500          
0000b650  light_background_bm_0x508          
0000af26  light_background_bm_0x600          
00008698  light_background_bm_0x8718         
00008525  lseek                              
00005795  main                               
00008681  malloc                             
0000ac16  medium_background_bm_0x4308        
00009c2d  medium_background_bm_0x4408        
0000a27c  medium_background_bm_0x4508        
0000b113  medium_background_bm_0x4608        
00008d09  medium_background_bm_0x8410        
0000b1e3  medium_background_bm_0x8508        
0000b31a  medium_background_bm_0x8510        
0000b647  medium_background_bm_0x8608        
0000704d  memalign                           
000085b1  memccpy                            
00008575  memchr                             
0000767b  memcpy                             
000078c1  memset                             
0000802d  opt3001_init                       
0000803d  opt3001_read_lux                   
2000835c  parmbuf                            
00000bdd  pcTaskGetName                      
00004743  pcTimerGetName                     
00007c31  printf                             
00004c8d  pvPortMalloc                       
00001491  pvTaskGetThreadLocalStoragePointer 
00001a45  pvTaskIncrementMutexHeldCount      
00004bfd  pvTimerGetTimerID                  
20008738  pxCurrentTCB                       
000050e1  pxPortInitialiseStack              
0000732d  realloc                            
000084d1  remove                             
00006e35  scalbn                             
00006e35  scalbnl                            
0000663f  serial_debug_init                  
00006615  serial_debug_put_string            
00007411  setvbuf                            
000085ff  strchr                             
000085e7  strcmp                             
00008615  strcpy                             
00008629  strlen                             
0000836d  strncpy                            
00006f85  t32_init                           
00002fbf  ucQueueGetQueueType                
0000b648  ulMaxSyscallInterruptPriority      
000074fd  ulPortGetIPSR                      
00001a65  ulTaskGenericNotifyTake            
00002093  ulTaskGenericNotifyValueClear      
000084d1  unlink                             
00006bb3  uxListRemove                       
00002f9f  uxQueueGetQueueNumber              
00002eed  uxQueueMessagesWaiting             
00002f51  uxQueueMessagesWaitingFromISR      
00002f1d  uxQueueSpacesAvailable             
00000bd7  uxTaskGetNumberOfTasks             
00000c29  uxTaskGetSystemState               
00001351  uxTaskGetTaskNumber                
00000619  uxTaskPriorityGet                  
00000641  uxTaskPriorityGetFromISR           
00001a23  uxTaskResetEventItemValue          
000046dd  uxTimerGetReloadMode               
00004c59  uxTimerGetTimerNumber              
0000b658  uxTopUsedPriority                  
00005819  vApplicationMallocFailedHook       
0000581b  vApplicationStackOverflowHook      
00006ad1  vListInitialise                    
00006b01  vListInitialiseItem                
00006b4d  vListInsert                        
00006b11  vListInsertEnd                     
000075b9  vPortEnableVFP                     
00005225  vPortEndScheduler                  
00005249  vPortEnterCritical                 
0000528b  vPortExitCritical                  
00004e1f  vPortFree                          
00005021  vPortGetHeapStats                  
00004ec5  vPortInitialiseBlocks              
00007575  vPortSVCHandler                    
0000543d  vPortSetupTimerInterrupt           
00007595  vPortStartFirstTask                
000052e5  vPortSuppressTicksAndSleep         
00005485  vPortValidateInterruptPriority     
00002f7b  vQueueDelete                       
00002fad  vQueueSetQueueNumber               
0000324d  vQueueWaitForMessageRestricted     
000004d9  vTaskDelay                         
00000323  vTaskDelete                        
00000a2f  vTaskEndScheduler                  
00001f25  vTaskGenericNotifyGiveFromISR      
00001565  vTaskGetInfo                       
0000127d  vTaskInternalSetTimeOutState       
00001349  vTaskMissedYield                   
00001043  vTaskPlaceOnEventList              
000010e5  vTaskPlaceOnEventListRestricted    
00001079  vTaskPlaceOnUnorderedEventList     
00001929  vTaskPriorityDisinheritAfterTimeout
00000685  vTaskPrioritySet                   
000011b5  vTaskRemoveFromUnorderedEventList  
0000091d  vTaskResume                        
00000ea3  vTaskSetApplicationTaskTag         
00001371  vTaskSetTaskNumber                 
00001449  vTaskSetThreadLocalStoragePointer  
0000124b  vTaskSetTimeOutState               
000009b5  vTaskStartScheduler                
00000d05  vTaskStepTick                      
000007b9  vTaskSuspend                       
00000a4b  vTaskSuspendAll                    
00000f79  vTaskSwitchContext                 
00004693  vTimerSetReloadMode                
00004c2b  vTimerSetTimerID                   
00004c67  vTimerSetTimerNumber               
0000863d  wcslen                             
0000854d  write                              
00004eb9  xPortGetFreeHeapSize               
00004ebf  xPortGetMinimumEverFreeHeapSize    
00007515  xPortPendSVHandler                 
0000516d  xPortStartScheduler                
000052b7  xPortSysTickHandler                
00002437  xQueueCreateCountingSemaphore      
00002363  xQueueCreateMutex                  
0000224d  xQueueGenericCreate                
00002199  xQueueGenericReset                 
00002495  xQueueGenericSend                  
00002649  xQueueGenericSendFromISR           
00002775  xQueueGiveFromISR                  
0000238f  xQueueGiveMutexRecursive           
000031b9  xQueueIsQueueEmptyFromISR          
00003213  xQueueIsQueueFullFromISR           
00002bcd  xQueuePeek                         
00002e41  xQueuePeekFromISR                  
00002883  xQueueReceive                      
00002d4b  xQueueReceiveFromISR               
000029fb  xQueueSemaphoreTake                
000023df  xQueueTakeMutexRecursive           
00000f39  xTaskCallApplicationTaskHook       
00000d3f  xTaskCatchUpTicks                  
00001297  xTaskCheckForTimeOut               
000000e5  xTaskCreate                        
000003f7  xTaskDelayUntil                    
00001c01  xTaskGenericNotify                 
00001d77  xTaskGenericNotifyFromISR          
0000202f  xTaskGenericNotifyStateClear       
00001b1d  xTaskGenericNotifyWait             
00000ec9  xTaskGetApplicationTaskTag         
00000ef1  xTaskGetApplicationTaskTagFromISR  
0000173b  xTaskGetCurrentTaskHandle          
0000174b  xTaskGetSchedulerState             
00000bb3  xTaskGetTickCount                  
00000bc3  xTaskGetTickCountFromISR           
00000d91  xTaskIncrementTick                 
0000185d  xTaskPriorityDisinherit            
00001795  xTaskPriorityInherit               
00001125  xTaskRemoveFromEventList           
00000ab1  xTaskResumeAll                     
00004529  xTimerCreate                       
000044e9  xTimerCreateTimerTask              
000045cb  xTimerGenericCommand               
00004719  xTimerGetExpiryTime                
0000466d  xTimerGetPeriod                    
0000464b  xTimerGetTimerDaemonTaskHandle     
00004bc1  xTimerIsTimerActive                


GLOBAL SYMBOLS: SORTED BY Symbol Address 

address   name                               
-------   ----                               
00000000  __TI_static_base__                 
00000000  interruptVectors                   
000000e5  xTaskCreate                        
00000200  __STACK_SIZE                       
00000323  vTaskDelete                        
000003f7  xTaskDelayUntil                    
00000400  __SYSMEM_SIZE                      
000004d9  vTaskDelay                         
00000541  eTaskGetState                      
00000619  uxTaskPriorityGet                  
00000641  uxTaskPriorityGetFromISR           
00000685  vTaskPrioritySet                   
000007b9  vTaskSuspend                       
0000091d  vTaskResume                        
000009b5  vTaskStartScheduler                
00000a2f  vTaskEndScheduler                  
00000a4b  vTaskSuspendAll                    
00000ab1  xTaskResumeAll                     
00000bb3  xTaskGetTickCount                  
00000bc3  xTaskGetTickCountFromISR           
00000bd7  uxTaskGetNumberOfTasks             
00000bdd  pcTaskGetName                      
00000c29  uxTaskGetSystemState               
00000d05  vTaskStepTick                      
00000d3f  xTaskCatchUpTicks                  
00000d91  xTaskIncrementTick                 
00000ea3  vTaskSetApplicationTaskTag         
00000ec9  xTaskGetApplicationTaskTag         
00000ef1  xTaskGetApplicationTaskTagFromISR  
00000f39  xTaskCallApplicationTaskHook       
00000f79  vTaskSwitchContext                 
00001043  vTaskPlaceOnEventList              
00001079  vTaskPlaceOnUnorderedEventList     
000010e5  vTaskPlaceOnEventListRestricted    
00001125  xTaskRemoveFromEventList           
000011b5  vTaskRemoveFromUnorderedEventList  
0000124b  vTaskSetTimeOutState               
0000127d  vTaskInternalSetTimeOutState       
00001297  xTaskCheckForTimeOut               
00001349  vTaskMissedYield                   
00001351  uxTaskGetTaskNumber                
00001371  vTaskSetTaskNumber                 
000013ed  eTaskConfirmSleepModeStatus        
00001449  vTaskSetThreadLocalStoragePointer  
00001491  pvTaskGetThreadLocalStoragePointer 
00001565  vTaskGetInfo                       
0000173b  xTaskGetCurrentTaskHandle          
0000174b  xTaskGetSchedulerState             
00001795  xTaskPriorityInherit               
0000185d  xTaskPriorityDisinherit            
00001929  vTaskPriorityDisinheritAfterTimeout
00001a23  uxTaskResetEventItemValue          
00001a45  pvTaskIncrementMutexHeldCount      
00001a65  ulTaskGenericNotifyTake            
00001b1d  xTaskGenericNotifyWait             
00001c01  xTaskGenericNotify                 
00001d77  xTaskGenericNotifyFromISR          
00001f25  vTaskGenericNotifyGiveFromISR      
0000202f  xTaskGenericNotifyStateClear       
00002093  ulTaskGenericNotifyValueClear      
00002199  xQueueGenericReset                 
0000224d  xQueueGenericCreate                
00002363  xQueueCreateMutex                  
0000238f  xQueueGiveMutexRecursive           
000023df  xQueueTakeMutexRecursive           
00002437  xQueueCreateCountingSemaphore      
00002495  xQueueGenericSend                  
00002649  xQueueGenericSendFromISR           
00002775  xQueueGiveFromISR                  
00002883  xQueueReceive                      
000029fb  xQueueSemaphoreTake                
00002bcd  xQueuePeek                         
00002d4b  xQueueReceiveFromISR               
00002e41  xQueuePeekFromISR                  
00002eed  uxQueueMessagesWaiting             
00002f1d  uxQueueSpacesAvailable             
00002f51  uxQueueMessagesWaitingFromISR      
00002f7b  vQueueDelete                       
00002f9f  uxQueueGetQueueNumber              
00002fad  vQueueSetQueueNumber               
00002fbf  ucQueueGetQueueType                
000031b9  xQueueIsQueueEmptyFromISR          
00003213  xQueueIsQueueFullFromISR           
0000324d  vQueueWaitForMessageRestricted     
000032a9  __TI_printfi                       
00003cf7  _nop                               
00003cf9  HAL_LCD_PortInit                   
00003d41  HAL_LCD_SpiInit                    
00003d75  HAL_LCD_writeCommand               
00003dad  HAL_LCD_writeData                  
00003dd1  Crystalfontz128x128_SetDrawFrame   
00003e41  Crystalfontz128x128_Init           
00003f63  addImage                           
00003f8f  erase_image                        
00003fe9  fill_image                         
00004189  draw_pixel                         
00004315  draw                               
000044e9  xTimerCreateTimerTask              
00004529  xTimerCreate                       
000045cb  xTimerGenericCommand               
0000464b  xTimerGetTimerDaemonTaskHandle     
0000466d  xTimerGetPeriod                    
00004693  vTimerSetReloadMode                
000046dd  uxTimerGetReloadMode               
00004719  xTimerGetExpiryTime                
00004743  pcTimerGetName                     
00004bc1  xTimerIsTimerActive                
00004bfd  pvTimerGetTimerID                  
00004c2b  vTimerSetTimerID                   
00004c59  uxTimerGetTimerNumber              
00004c67  vTimerSetTimerNumber               
00004c8d  pvPortMalloc                       
00004e1f  vPortFree                          
00004eb9  xPortGetFreeHeapSize               
00004ebf  xPortGetMinimumEverFreeHeapSize    
00004ec5  vPortInitialiseBlocks              
00005021  vPortGetHeapStats                  
000050e1  pxPortInitialiseStack              
0000516d  xPortStartScheduler                
00005225  vPortEndScheduler                  
00005249  vPortEnterCritical                 
0000528b  vPortExitCritical                  
000052b7  xPortSysTickHandler                
000052e5  vPortSuppressTicksAndSleep         
0000543d  vPortSetupTimerInterrupt           
00005485  vPortValidateInterruptPriority     
00005519  draw_light_background              
00005529  draw_medium_background             
00005539  draw_dark_background               
00005549  draw_crosshair                     
0000562f  Task_s2                            
00005675  Task_newFrame                      
0000570d  Task_joystick                      
00005795  main                               
00005819  vApplicationMallocFailedHook       
0000581b  vApplicationStackOverflowHook      
000058b1  SystemCoreClockUpdate              
00005b29  SystemInit                         
00006045  circular_buffer_init               
00006077  circular_buffer_delete             
0000608b  circular_buffer_add                
000060c5  circular_buffer_remove             
00006107  circular_buffer_empty              
00006123  circular_buffer_full               
00006151  circular_buffer_test_0             
00006207  __aeabi_idiv0                      
00006207  __aeabi_ldiv0                      
00006297  i2c_init                           
000062d7  i2c_write_16                       
00006333  i2c_read_16                        
000063c9  __aeabi_dsub                       
000063d3  __aeabi_dadd                       
00006615  serial_debug_put_string            
0000663f  serial_debug_init                  
00006651  fputc                              
00006681  EUSCIA0_IRQHandler                 
00006681  EUSCIA0_IRQHandler                 
00006869  __aeabi_ddiv                       
000069cd  adc14_init                         
00006a29  ADC14_IRQHandler                   
00006a29  ADC14_IRQHandler                   
00006ad1  vListInitialise                    
00006b01  vListInitialiseItem                
00006b11  vListInsertEnd                     
00006b4d  vListInsert                        
00006bb3  uxListRemove                       
00006d21  fputs                              
00006e35  ldexp                              
00006e35  ldexpl                             
00006e35  scalbn                             
00006e35  scalbnl                            
00006f71  MKII_S2                            
00006f85  t32_init                           
00006fd7  T32_INT1_IRQHandler                
00006fd7  T32_INT1_IRQHandler                
00007009  T32_INT2_IRQHandler                
00007009  T32_INT2_IRQHandler                
0000704d  aligned_alloc                      
0000704d  memalign                           
0000714d  __aeabi_dmul                       
00007249  free                               
0000732d  realloc                            
00007411  setvbuf                            
000074fd  ulPortGetIPSR                      
00007515  xPortPendSVHandler                 
00007575  vPortSVCHandler                    
00007595  vPortStartFirstTask                
000075b9  vPortEnableVFP                     
0000767b  __aeabi_memcpy                     
0000767b  __aeabi_memcpy4                    
0000767b  __aeabi_memcpy8                    
0000767b  memcpy                             
00007717  __aeabi_uldivmod                   
000077ad  __aeabi_cdcmpeq                    
000077ad  __aeabi_cdcmple                    
00007833  __aeabi_cdrcmple                   
000078b9  __aeabi_memclr                     
000078b9  __aeabi_memclr4                    
000078b9  __aeabi_memclr8                    
000078bb  __aeabi_memset                     
000078bb  __aeabi_memset4                    
000078bb  __aeabi_memset8                    
000078c1  memset                             
00007935  __TI_closefile                     
00007a87  __aeabi_d2f                        
00007af5  HOSTrename                         
00007b61  HOSTlseek                          
00007bc9  __TI_decompress_lzss               
00007c31  printf                             
00007c99  frexp                              
00007c99  frexpl                             
00007cfd  fseek                              
00007d61  __TI_wrt_ok                        
00007dc5  HOSTopen                           
00007e25  close                              
00007e81  HOSTread                           
00007ed9  HOSTwrite                          
00007f87  __TI_ltoa                          
0000802d  opt3001_init                       
0000803d  opt3001_read_lux                   
0000807d  __TI_doflush                       
000080c9  atoi                               
00008115  exit                               
0000815d  __aeabi_d2iz                       
000081a5  HOSTclose                          
000081e9  HOSTunlink                         
0000822d  __TI_auto_init_nobinit_nopinit     
00008271  getdevice                          
000082b5  __aeabi_uidiv                      
000082b5  __aeabi_uidivmod                   
00008335  __TI_writemsg                      
00008363  C$$IO$$                            
0000836d  strncpy                            
000083a5  __TI_cleanup                       
000083d9  __TI_readmsg                       
0000840d  _c_int00_noargs                    
00008441  finddevice                         
00008471  init                               
000084a1  __aeabi_i2d                        
000084d1  remove                             
000084d1  unlink                             
00008525  lseek                              
0000854d  write                              
00008575  memchr                             
000085b1  memccpy                            
000085cd  copysign                           
000085cd  copysignl                          
000085e7  strcmp                             
000085ff  strchr                             
00008615  strcpy                             
00008629  strlen                             
0000863d  wcslen                             
0000864f  __TI_decompress_none               
0000865d  Reset_Handler                      
00008669  AES256_IRQHandler                  
00008669  BusFault_Handler                   
00008669  COMP_E0_IRQHandler                 
00008669  COMP_E1_IRQHandler                 
00008669  CS_IRQHandler                      
00008669  DMA_ERR_IRQHandler                 
00008669  DMA_INT0_IRQHandler                
00008669  DMA_INT1_IRQHandler                
00008669  DMA_INT2_IRQHandler                
00008669  DMA_INT3_IRQHandler                
00008669  DebugMon_Handler                   
00008669  Default_Handler                    
00008669  EUSCIA1_IRQHandler                 
00008669  EUSCIA2_IRQHandler                 
00008669  EUSCIA3_IRQHandler                 
00008669  EUSCIB0_IRQHandler                 
00008669  EUSCIB1_IRQHandler                 
00008669  EUSCIB2_IRQHandler                 
00008669  EUSCIB3_IRQHandler                 
00008669  FLCTL_IRQHandler                   
00008669  FPU_IRQHandler                     
00008669  HardFault_Handler                  
00008669  MemManage_Handler                  
00008669  NMI_Handler                        
00008669  PCM_IRQHandler                     
00008669  PORT1_IRQHandler                   
00008669  PORT2_IRQHandler                   
00008669  PORT3_IRQHandler                   
00008669  PORT4_IRQHandler                   
00008669  PORT5_IRQHandler                   
00008669  PORT6_IRQHandler                   
00008669  PSS_IRQHandler                     
00008669  PendSV_Handler                     
00008669  RTC_C_IRQHandler                   
00008669  SVC_Handler                        
00008669  SysTick_Handler                    
00008669  T32_INTC_IRQHandler                
00008669  TA0_0_IRQHandler                   
00008669  TA0_N_IRQHandler                   
00008669  TA1_0_IRQHandler                   
00008669  TA1_N_IRQHandler                   
00008669  TA2_0_IRQHandler                   
00008669  TA2_N_IRQHandler                   
00008669  TA3_0_IRQHandler                   
00008669  TA3_N_IRQHandler                   
00008669  UsageFault_Handler                 
00008669  WDT_A_IRQHandler                   
0000866b  __TI_zero_init                     
00008679  __aeabi_errno_addr                 
00008681  malloc                             
00008691  _system_pre_init                   
00008695  C$$EXIT                            
00008695  abort                              
00008698  light_background_bm_0x8718         
00008d09  medium_background_bm_0x8410        
00009369  dark_background_bm_0x8             
000099b8  dark_background_bm_0x4210          
00009c2d  medium_background_bm_0x4408        
00009ea2  dark_background_bm_0x4310          
0000a0b1  dark_background_bm_0x4410          
0000a27c  medium_background_bm_0x4508        
0000a447  light_background_bm_0x400          
0000a601  light_background_bm_0x4500         
0000a7bb  light_background_bm_0x4400         
0000a93b  light_background_bm_0x4600         
0000aab1  light_background_bm_0x500          
0000ac16  medium_background_bm_0x4308        
0000ad26  _ctypes_                           
0000ae27  light_background_bm_0x200          
0000af26  light_background_bm_0x600          
0000b025  dark_background_bm_0x4110          
0000b113  medium_background_bm_0x4608        
0000b1e3  medium_background_bm_0x8508        
0000b2a3  light_background_bm_0x300          
0000b31a  medium_background_bm_0x8510        
0000b391  dark_background_bm_0x4208          
0000b3f7  light_background_bm_0x4508         
0000b45d  light_background_bm_0x4610         
0000b4c3  light_background_bm_0x4718         
0000b529  dark_background_bm_0x4108          
0000b57e  light_background_bm_0x4608         
0000b5ba  light_background_bm_0x4510         
0000b5e6  crosshair_bm_0x0                   
0000b604  crosshair_bm_0xc718                
0000b622  light_background_bm_0x4710         
0000b63c  light_background_bm_0x4408         
0000b646  dark_background_bm_0x4308          
0000b647  medium_background_bm_0x8608        
0000b648  ulMaxSyscallInterruptPriority      
0000b650  light_background_bm_0x508          
0000b658  uxTopUsedPriority                  
0000b890  __TI_Handler_Table_Base            
0000b89c  __TI_Handler_Table_Limit           
0000b8a8  __TI_CINIT_Base                    
0000b8b8  __TI_CINIT_Limit                   
20000000  __start___llvm_prf_cnts            
20000000  __stop___llvm_prf_cnts             
20008000  __CIOBUF_                          
200081e8  __TI_tmpnams                       
20008314  background                         
20008324  crosshair                          
20008334  crosshair2                         
2000835c  parmbuf                            
20008364  Rx_String                          
20008368  Tx_Buffer                          
2000836d  ALERT_STRING                       
20008370  layers_light_background            
20008480  _ftable                            
20008570  layers_dark_background             
200085f0  layers_medium_background           
20008670  _device                            
200086e8  _stream                            
20008738  pxCurrentTCB                       
2000876c  layers_crosshair                   
200087d4  TaskH_joystick                     
200087d8  TaskH_newFrame                     
200087dc  TaskH_s2                           
200087e0  Sem_LCD                            
200087ea  Rx_Char_Count                      
200087ec  __TI_ft_end                        
200087f0  __aeabi_stdin                      
200087f4  __aeabi_stdout                     
200087f8  __aeabi_stderr                     
200087fc  __TI_cleanup_ptr                   
20008800  __TI_dtors_ptr                     
20008804  __TI_enable_exit_profile_output    
20008814  _lock                              
20008818  _unlock                            
20008824  PS2_X_VAL                          
20008828  PS2_Y_VAL                          
2000882c  errno                              
20008830  SystemCoreClock                    
20008834  S2_P                               
20008835  NEW_FRAME                          
20008838  _sys_memory                        
2000fe00  __stack                            
20010000  __STACK_END                        
4000480c  WDTCTL_SYM                         
ffffffff  __TI_pprof_out_hndl                
ffffffff  __TI_prof_data_size                
ffffffff  __TI_prof_data_start               
ffffffff  __binit__                          
ffffffff  __c_args__                         
ffffffff  binit                              
UNDEFED   __mpu_init                         
UNDEFED   _system_post_cinit                 

[400 symbols]
