******************************************************************************
                  TI ARM Linker Unix v20.2.5                   
******************************************************************************
>> Linked Fri Apr 29 02:35:19 2022

OUTPUT FILE NAME:   <duckhunt_FreeRtos.out>
ENTRY POINT SYMBOL: "_c_int00_noargs"  address: 000084b9


MEMORY CONFIGURATION

         name            origin    length      used     unused   attr    fill
----------------------  --------  ---------  --------  --------  ----  --------
  MAIN                  00000000   00040000  0000b960  000346a0  R  X
  INFO                  00200000   00004000  00000000  00004000  R  X
  SRAM_CODE             01000000   00010000  00008e45  000071bb  RW X
  SRAM_DATA             20000000   00010000  00008e45  000071bb  RW  


SEGMENT ALLOCATION MAP

run origin  load origin   length   init length attrs members
----------  ----------- ---------- ----------- ----- -------
00000000    00000000    0000b960   0000b960    r-x
  00000000    00000000    000000e4   000000e4    r-- .intvecs
  000000e4    000000e4    00008660   00008660    r-x .text
  00008744    00008744    00002fc4   00002fc4    r-- .const
  0000b708    0000b708    00000258   00000258    r-- .cinit
20000000    20000000    00008c48   00000000    rw-
  20000000    20000000    0000837e   00000000    rw- .bss
  20008380    20008380    000004c7   00000000    rw- .data
  20008848    20008848    00000400   00000000    rw- .sysmem
2000fe00    2000fe00    00000200   00000000    rw-
  2000fe00    2000fe00    00000200   00000000    rw- .stack


SECTION ALLOCATION MAP

 output                                  attributes/
section   page    origin      length       input sections
--------  ----  ----------  ----------   ----------------
.intvecs   0    00000000    000000e4     
                  00000000    000000e4     startup_msp432p401r_ccs.obj (.intvecs:retain)

.text      0    000000e4    00008660     
                  000000e4    000020b4     tasks.obj (.text)
                  00002198    00001110     queue.obj (.text)
                  000032a8    00000a4e     rtsv7M4_T_le_v4SPD16_eabi.lib : _printfi.c.obj (.text:__TI_printfi)
                  00003cf6    00000002                                   : _lock.c.obj (.text:_nop)
                  00003cf8    0000081c     lcd.obj (.text)
                  00004514    000007a4     timers.obj (.text)
                  00004cb8    00000454     heap_4.obj (.text)
                  0000510c    00000438     port.obj (.text)
                  00005544    00000418     main.obj (.text)
                  0000595c    00000354     system_msp432p401r.obj (.text)
                  00005cb0    00000270     rtsv7M4_T_le_v4SPD16_eabi.lib : _printfi.c.obj (.text:_pconv_a)
                  00005f20    000001d0                                   : _printfi.c.obj (.text:_pconv_g)
                  000060f0    000001c2     circular_buffer.obj (.text)
                  000062b2    00000002     rtsv7M4_T_le_v4SPD16_eabi.lib : div0.asm.obj (.text)
                  000062b4    000001c0     i2c.obj (.text)
                  00006474    000001b6     rtsv7M4_T_le_v4SPD16_eabi.lib : fd_add_t2.asm.obj (.text)
                  0000662a    00000002     --HOLE-- [fill = 0]
                  0000662c    000001ac     serial_debug.obj (.text)
                  000067d8    0000013c     rtsv7M4_T_le_v4SPD16_eabi.lib : _printfi.c.obj (.text:_pconv_e)
                  00006914    00000136                                   : fd_div_t2.asm.obj (.text)
                  00006a4a    00000002     --HOLE-- [fill = 0]
                  00006a4c    00000130     ps2.obj (.text)
                  00006b7c    0000012a     list.obj (.text)
                  00006ca6    00000002     --HOLE-- [fill = 0]
                  00006ca8    00000124     rtsv7M4_T_le_v4SPD16_eabi.lib : _printfi.c.obj (.text:fcvt)
                  00006dcc    00000114                                   : fputs.c.obj (.text:fputs)
                  00006ee0    00000110                                   : s_scalbn.c.obj (.text:scalbn)
                  00006ff0    00000108     timer32.obj (.text)
                  000070f8    00000100     rtsv7M4_T_le_v4SPD16_eabi.lib : memory.c.obj (.text:aligned_alloc)
                  000071f8    000000fc                                   : fd_mul_t2.asm.obj (.text)
                  000072f4    000000e4                                   : memory.c.obj (.text:free)
                  000073d8    000000e4                                   : memory.c.obj (.text:realloc)
                  000074bc    000000dc                                   : setvbuf.c.obj (.text:setvbuf)
                  00007598    000000da     portasm.obj (.text)
                  00007672    00000002     --HOLE-- [fill = 0]
                  00007674    000000b1     rtsv7M4_T_le_v4SPD16_eabi.lib : _printfi.c.obj (.text:_ltostr)
                  00007725    00000001     --HOLE-- [fill = 0]
                  00007726    0000009c                                   : memcpy_t2.asm.obj (.text)
                  000077c2    00000096                                   : ull_div_t2.asm.obj (.text)
                  00007858    00000086                                   : fd_cmp_t2.asm.obj (.text:__aeabi_cdcmple)
                  000078de    00000086                                   : fd_cmp_t2.asm.obj (.text:__aeabi_cdrcmple)
                  00007964    0000007a                                   : memset_t2.asm.obj (.text)
                  000079de    00000002     --HOLE-- [fill = 0]
                  000079e0    00000074                                   : fclose.c.obj (.text:__TI_closefile)
                  00007a54    00000070                                   : memory.c.obj (.text:split)
                  00007ac4    0000006e                                   : _printfi.c.obj (.text:_mcpy)
                  00007b32    0000006e                                   : fd_tos_t2.asm.obj (.text)
                  00007ba0    0000006c                                   : hostrename.c.obj (.text:HOSTrename)
                  00007c0c    00000068                                   : hostlseek.c.obj (.text:HOSTlseek)
                  00007c74    00000068                                   : copy_decompress_lzss.c.obj (.text:decompress:lzss:__TI_decompress_lzss)
                  00007cdc    00000068                                   : printf.c.obj (.text:printf)
                  00007d44    00000064                                   : s_frexp.c.obj (.text:frexp)
                  00007da8    00000064                                   : fseek.c.obj (.text:fseek)
                  00007e0c    00000062                                   : _io_perm.c.obj (.text:__TI_wrt_ok)
                  00007e6e    00000002     --HOLE-- [fill = 0]
                  00007e70    00000060                                   : hostopen.c.obj (.text:HOSTopen)
                  00007ed0    0000005c                                   : close.c.obj (.text:close)
                  00007f2c    00000058                                   : hostread.c.obj (.text:HOSTread)
                  00007f84    00000058                                   : hostwrite.c.obj (.text:HOSTwrite)
                  00007fdc    00000056                                   : _printfi.c.obj (.text:_pconv_f)
                  00008032    00000054                                   : _ltoa.c.obj (.text:__TI_ltoa)
                  00008086    00000052                                   : _printfi.c.obj (.text:_ecpy)
                  000080d8    00000050     opt3001.obj (.text)
                  00008128    0000004c     rtsv7M4_T_le_v4SPD16_eabi.lib : fflush.c.obj (.text:__TI_doflush)
                  00008174    0000004c                                   : atoi.c.obj (.text:atoi)
                  000081c0    00000048                                   : exit.c.obj (.text:exit)
                  00008208    00000048                                   : fd_toi_t2.asm.obj (.text)
                  00008250    00000044                                   : hostclose.c.obj (.text:HOSTclose)
                  00008294    00000044                                   : hostunlink.c.obj (.text:HOSTunlink)
                  000082d8    00000044                                   : autoinit.c.obj (.text:__TI_auto_init_nobinit_nopinit:__TI_auto_init_nobinit_nopinit)
                  0000831c    00000044                                   : getdevice.c.obj (.text:getdevice)
                  00008360    00000040                                   : u_divt2.asm.obj (.text)
                  000083a0    0000003e                                   : _printfi.c.obj (.text:_fcpy)
                  000083de    00000002     --HOLE-- [fill = 0]
                  000083e0    00000038                                   : trgmsg.c.obj (.text:__TI_writemsg)
                  00008418    00000036                                   : strncpy.c.obj (.text:strncpy)
                  0000844e    00000002     --HOLE-- [fill = 0]
                  00008450    00000034                                   : fopen.c.obj (.text:__TI_cleanup)
                  00008484    00000034                                   : trgmsg.c.obj (.text:__TI_readmsg)
                  000084b8    00000034                                   : boot_cortex_m.c.obj (.text:_c_int00_noargs:_c_int00_noargs)
                  000084ec    00000030                                   : getdevice.c.obj (.text:finddevice)
                  0000851c    00000030     main.obj (.text:init)
                  0000854c    0000002e     rtsv7M4_T_le_v4SPD16_eabi.lib : i_tofd_t2.asm.obj (.text)
                  0000857a    00000002     --HOLE-- [fill = 0]
                  0000857c    0000002c                                   : unlink.c.obj (.text:unlink)
                  000085a8    00000028                                   : memory.c.obj (.text:free_list_insert)
                  000085d0    00000028                                   : lseek.c.obj (.text:lseek)
                  000085f8    00000028                                   : write.c.obj (.text:write)
                  00008620    00000020                                   : memchr.c.obj (.text:memchr)
                  00008640    0000001c                                   : memory.c.obj (.text:free_list_remove)
                  0000865c    0000001c                                   : memccpy.c.obj (.text:memccpy)
                  00008678    0000001a                                   : s_copysign.c.obj (.text:copysign)
                  00008692    00000018                                   : strcmp.c.obj (.text:strcmp)
                  000086aa    00000016                                   : strchr.c.obj (.text:strchr)
                  000086c0    00000014                                   : strcpy.c.obj (.text:strcpy)
                  000086d4    00000014                                   : strlen.c.obj (.text:strlen)
                  000086e8    00000012                                   : wcslen.c.obj (.text:wcslen)
                  000086fa    0000000e                                   : copy_decompress_none.c.obj (.text:decompress:none:__TI_decompress_none)
                  00008708    0000000e     startup_msp432p401r_ccs.obj (.text)
                  00008716    0000000c     rtsv7M4_T_le_v4SPD16_eabi.lib : copy_zero_init.c.obj (.text:decompress:ZI:__TI_zero_init)
                  00008722    00000002     --HOLE-- [fill = 0]
                  00008724    00000008                                   : errno.c.obj (.text:__aeabi_errno_addr)
                  0000872c    00000008                                   : memory.c.obj (.text:malloc)
                  00008734    00000004                                   : printf.c.obj (.text:_outc)
                  00008738    00000004                                   : printf.c.obj (.text:_outs)
                  0000873c    00000004                                   : pre_init.c.obj (.text:_system_pre_init)
                  00008740    00000004                                   : exit.c.obj (.text:abort:abort)

.const     0    00008744    00002fc4     
                  00008744    00000671     main.obj (.const:.string:light_background_bm_0x8718)
                  00008db5    00000660     main.obj (.const:.string:medium_background_bm_0x8410)
                  00009415    0000064f     main.obj (.const:.string:dark_background_bm_0x8)
                  00009a64    00000275     main.obj (.const:.string:dark_background_bm_0x4210)
                  00009cd9    00000275     main.obj (.const:.string:medium_background_bm_0x4408)
                  00009f4e    0000020f     main.obj (.const:.string:dark_background_bm_0x4310)
                  0000a15d    000001cb     main.obj (.const:.string:dark_background_bm_0x4410)
                  0000a328    000001cb     main.obj (.const:.string:medium_background_bm_0x4508)
                  0000a4f3    000001ba     main.obj (.const:.string:light_background_bm_0x400)
                  0000a6ad    000001ba     main.obj (.const:.string:light_background_bm_0x4500)
                  0000a867    00000180     main.obj (.const:.string:light_background_bm_0x4400)
                  0000a9e7    00000176     main.obj (.const:.string:light_background_bm_0x4600)
                  0000ab5d    00000165     main.obj (.const:.string:light_background_bm_0x500)
                  0000acc2    00000110     main.obj (.const:.string:medium_background_bm_0x4308)
                  0000add2    00000101     rtsv7M4_T_le_v4SPD16_eabi.lib : ctype.c.obj (.const:.string:_ctypes_)
                  0000aed3    000000ff     main.obj (.const:.string:light_background_bm_0x200)
                  0000afd2    000000ff     main.obj (.const:.string:light_background_bm_0x600)
                  0000b0d1    000000ee     main.obj (.const:.string:dark_background_bm_0x4110)
                  0000b1bf    000000d0     main.obj (.const:.string:medium_background_bm_0x4608)
                  0000b28f    000000c0     main.obj (.const:.string:medium_background_bm_0x8508)
                  0000b34f    00000077     main.obj (.const:.string:light_background_bm_0x300)
                  0000b3c6    00000077     main.obj (.const:.string:medium_background_bm_0x8510)
                  0000b43d    00000066     main.obj (.const:.string:dark_background_bm_0x4208)
                  0000b4a3    00000066     main.obj (.const:.string:light_background_bm_0x4508)
                  0000b509    00000066     main.obj (.const:.string:light_background_bm_0x4610)
                  0000b56f    00000066     main.obj (.const:.string:light_background_bm_0x4718)
                  0000b5d5    00000055     main.obj (.const:.string:dark_background_bm_0x4108)
                  0000b62a    0000003c     main.obj (.const:.string:light_background_bm_0x4608)
                  0000b666    0000002c     main.obj (.const:.string:light_background_bm_0x4510)
                  0000b692    0000001e     main.obj (.const:.string:crosshair_bm_0x0)
                  0000b6b0    0000001e     main.obj (.const:.string:crosshair_bm_0xc718)
                  0000b6ce    0000001a     main.obj (.const:.string:light_background_bm_0x4710)
                  0000b6e8    0000000a     main.obj (.const:.string:light_background_bm_0x4408)
                  0000b6f2    00000001     main.obj (.const:.string:dark_background_bm_0x4308)
                  0000b6f3    00000001     main.obj (.const:.string:medium_background_bm_0x8608)
                  0000b6f4    00000008     port.obj (.const)
                  0000b6fc    00000006     main.obj (.const:.string:light_background_bm_0x508)
                  0000b702    00000002     --HOLE-- [fill = 0]
                  0000b704    00000004     tasks.obj (.const)

.cinit     0    0000b708    00000258     
                  0000b708    0000022e     (.cinit..data.load) [load image, compression = lzss]
                  0000b936    00000002     --HOLE-- [fill = 0]
                  0000b938    0000000c     (__TI_handler_table)
                  0000b944    00000004     --HOLE-- [fill = 0]
                  0000b948    00000008     (.cinit..bss.load) [load image, compression = zero_init]
                  0000b950    00000010     (__TI_cinit_table)

.init_array 
*          0    00000000    00000000     UNINITIALIZED

.binit     0    00000000    00000000     

.bss       0    20000000    0000837e     UNINITIALIZED
                  20000000    00008000     heap_4.obj (.bss:ucHeap)
                  20008000    00000120     rtsv7M4_T_le_v4SPD16_eabi.lib : trgmsg.c.obj (.bss:_CIOBUF_)
                  20008120    000000c8     tasks.obj (.bss:pxReadyTasksLists)
                  200081e8    000000a0     (.common:__TI_tmpnams)
                  20008288    00000014     timers.obj (.bss:xActiveTimerList1)
                  2000829c    00000014     timers.obj (.bss:xActiveTimerList2)
                  200082b0    00000014     tasks.obj (.bss:xDelayedTaskList1)
                  200082c4    00000014     tasks.obj (.bss:xDelayedTaskList2)
                  200082d8    00000014     tasks.obj (.bss:xPendingReadyList)
                  200082ec    00000014     tasks.obj (.bss:xSuspendedTaskList)
                  20008300    00000014     tasks.obj (.bss:xTasksWaitingTermination)
                  20008314    00000010     (.common:background)
                  20008324    00000010     (.common:crosshair)
                  20008334    00000010     (.common:crosshair2)
                  20008344    00000010     (.common:crosshair3)
                  20008354    00000008     tasks.obj (.bss)
                  2000835c    00000008     timers.obj (.bss)
                  20008364    00000008     heap_4.obj (.bss:xStart)
                  2000836c    00000008     (.common:parmbuf)
                  20008374    00000004     (.common:Rx_String)
                  20008378    00000004     (.common:Tx_Buffer)
                  2000837c    00000001     main.obj (.bss)
                  2000837d    00000001     (.common:ALERT_STRING)

.data      0    20008380    000004c7     UNINITIALIZED
                  20008380    00000110     main.obj (.data:layers_light_background)
                  20008490    000000f0     rtsv7M4_T_le_v4SPD16_eabi.lib : defs.c.obj (.data:_ftable)
                  20008580    00000080     main.obj (.data:layers_dark_background)
                  20008600    00000080     main.obj (.data:layers_medium_background)
                  20008680    00000078     rtsv7M4_T_le_v4SPD16_eabi.lib : host_device.c.obj (.data:_device)
                  200086f8    00000050                                   : host_device.c.obj (.data:_stream)
                  20008748    00000034     tasks.obj (.data)
                  2000877c    00000020     main.obj (.data:layers_crosshair)
                  2000879c    00000018     heap_4.obj (.data)
                  200087b4    00000018     lcd.obj (.data)
                  200087cc    00000018     port.obj (.data)
                  200087e4    00000016     main.obj (.data)
                  200087fa    00000002     serial_debug.obj (.data)
                  200087fc    00000010     rtsv7M4_T_le_v4SPD16_eabi.lib : defs.c.obj (.data)
                  2000880c    0000000c                                   : exit.c.obj (.data:$O1$$)
                  20008818    0000000c     timers.obj (.data)
                  20008824    00000008     rtsv7M4_T_le_v4SPD16_eabi.lib : _lock.c.obj (.data:$O1$$)
                  2000882c    00000008                                   : memory.c.obj (.data:$O1$$)
                  20008834    00000008     ps2.obj (.data)
                  2000883c    00000004     rtsv7M4_T_le_v4SPD16_eabi.lib : errno.c.obj (.data)
                  20008840    00000004     system_msp432p401r.obj (.data)
                  20008844    00000003     timer32.obj (.data)

.sysmem    0    20008848    00000400     UNINITIALIZED
                  20008848    00000010     rtsv7M4_T_le_v4SPD16_eabi.lib : memory.c.obj (.sysmem)
                  20008858    000003f0     --HOLE--

.stack     0    2000fe00    00000200     UNINITIALIZED
                  2000fe00    00000004     rtsv7M4_T_le_v4SPD16_eabi.lib : boot_cortex_m.c.obj (.stack)
                  2000fe04    000001fc     --HOLE--

__llvm_prf_cnts 
*          0    20000000    00000000     UNINITIALIZED

MODULE SUMMARY

       Module                        code    ro data   rw data
       ------                        ----    -------   -------
    ./
       main.obj                      1096    11957     1166   
       lcd.obj                       2076    0         176    
       system_msp432p401r.obj        852     0         8      
       circular_buffer.obj           450     0         0      
       serial_debug.obj              428     0         22     
       i2c.obj                       448     0         0      
       ps2.obj                       304     0         16     
       timer32.obj                   264     0         6      
       startup_msp432p401r_ccs.obj   14      228       0      
       opt3001.obj                   80      0         0      
    +--+-----------------------------+-------+---------+---------+
       Total:                        6012    12185     1394   
                                                              
    ./FreeRTOS/
       heap_4.obj                    1108    0         65600  
       tasks.obj                     8372    4         720    
       queue.obj                     4368    0         0      
       timers.obj                    1956    0         120    
       list.obj                      298     0         0      
    +--+-----------------------------+-------+---------+---------+
       Total:                        16102   4         66440  
                                                              
    ./FreeRTOS/portable/
       port.obj                      1080    8         48     
       portasm.obj                   218     0         0      
    +--+-----------------------------+-------+---------+---------+
       Total:                        1298    8         48     
                                                              
    /Applications/TI/ccs1110/ccs/tools/compiler/ti-cgt-arm_20.2.5.LTS/lib/rtsv7M4_T_le_v4SPD16_eabi.lib
       _printfi.c.obj                4851    0         0      
       memory.c.obj                  900     0         16     
       defs.c.obj                    0       0         832    
       trgmsg.c.obj                  108     0         576    
       fd_add_t2.asm.obj             438     0         0      
       host_device.c.obj             0       0         400    
       fd_div_t2.asm.obj             310     0         0      
       fputs.c.obj                   276     0         0      
       s_scalbn.c.obj                272     0         0      
       fd_cmp_t2.asm.obj             268     0         0      
       ctype.c.obj                   0       257       0      
       fd_mul_t2.asm.obj             252     0         0      
       setvbuf.c.obj                 220     0         0      
       memcpy_t2.asm.obj             156     0         0      
       ull_div_t2.asm.obj            150     0         0      
       memset_t2.asm.obj             122     0         0      
       fclose.c.obj                  116     0         0      
       getdevice.c.obj               116     0         0      
       hostopen.c.obj                96      0         16     
       printf.c.obj                  112     0         0      
       fd_tos_t2.asm.obj             110     0         0      
       hostrename.c.obj              108     0         0      
       copy_decompress_lzss.c.obj    104     0         0      
       hostlseek.c.obj               104     0         0      
       exit.c.obj                    76      0         24     
       fseek.c.obj                   100     0         0      
       s_frexp.c.obj                 100     0         0      
       _io_perm.c.obj                98      0         0      
       close.c.obj                   92      0         0      
       hostread.c.obj                88      0         0      
       hostwrite.c.obj               88      0         0      
       _ltoa.c.obj                   84      0         0      
       atoi.c.obj                    76      0         0      
       fflush.c.obj                  76      0         0      
       fd_toi_t2.asm.obj             72      0         0      
       autoinit.c.obj                68      0         0      
       hostclose.c.obj               68      0         0      
       hostunlink.c.obj              68      0         0      
       u_divt2.asm.obj               64      0         0      
       strncpy.c.obj                 54      0         0      
       boot_cortex_m.c.obj           52      0         0      
       fopen.c.obj                   52      0         0      
       i_tofd_t2.asm.obj             46      0         0      
       unlink.c.obj                  44      0         0      
       lseek.c.obj                   40      0         0      
       write.c.obj                   40      0         0      
       memchr.c.obj                  32      0         0      
       memccpy.c.obj                 28      0         0      
       s_copysign.c.obj              26      0         0      
       strcmp.c.obj                  24      0         0      
       strchr.c.obj                  22      0         0      
       strcpy.c.obj                  20      0         0      
       strlen.c.obj                  20      0         0      
       _lock.c.obj                   2       0         16     
       wcslen.c.obj                  18      0         0      
       errno.c.obj                   8       0         8      
       copy_decompress_none.c.obj    14      0         0      
       copy_zero_init.c.obj          12      0         0      
       pre_init.c.obj                4       0         0      
       div0.asm.obj                  2       0         0      
    +--+-----------------------------+-------+---------+---------+
       Total:                        10967   257       1888   
                                                              
       Heap:                         0       0         2048   
       Stack:                        0       0         1024   
       Linker Generated:             0       594       0      
    +--+-----------------------------+-------+---------+---------+
       Grand Total:                  34379   13048     72842  


LINKER GENERATED COPY TABLES

__TI_cinit_table @ 0000b950 records: 2, size/record: 8, table size: 16
	.data: load addr=0000b708, load size=0000022e bytes, run addr=20008380, run size=000004c7 bytes, compression=lzss
	.bss: load addr=0000b948, load size=00000008 bytes, run addr=20000000, run size=0000837e bytes, compression=zero_init


LINKER GENERATED HANDLER TABLE

__TI_handler_table @ 0000b938 records: 3, size/record: 4, table size: 12
	index: 0, handler: __TI_decompress_lzss
	index: 1, handler: __TI_decompress_none
	index: 2, handler: __TI_zero_init


GLOBAL SYMBOLS: SORTED ALPHABETICALLY BY Name 

address   name                               
-------   ----                               
00006ad5  ADC14_IRQHandler                   
00006ad5  ADC14_IRQHandler                   
00008715  AES256_IRQHandler                  
2000837d  ALERT_STRING                       
00008715  BusFault_Handler                   
00008741  C$$EXIT                            
0000840f  C$$IO$$                            
00008715  COMP_E0_IRQHandler                 
00008715  COMP_E1_IRQHandler                 
00008715  CS_IRQHandler                      
00003e41  Crystalfontz128x128_Init           
00003dd1  Crystalfontz128x128_SetDrawFrame   
00008715  DMA_ERR_IRQHandler                 
00008715  DMA_INT0_IRQHandler                
00008715  DMA_INT1_IRQHandler                
00008715  DMA_INT2_IRQHandler                
00008715  DMA_INT3_IRQHandler                
00008715  DebugMon_Handler                   
00008715  Default_Handler                    
0000672d  EUSCIA0_IRQHandler                 
0000672d  EUSCIA0_IRQHandler                 
00008715  EUSCIA1_IRQHandler                 
00008715  EUSCIA2_IRQHandler                 
00008715  EUSCIA3_IRQHandler                 
00008715  EUSCIB0_IRQHandler                 
00008715  EUSCIB1_IRQHandler                 
00008715  EUSCIB2_IRQHandler                 
00008715  EUSCIB3_IRQHandler                 
00008715  FLCTL_IRQHandler                   
00008715  FPU_IRQHandler                     
00003cf9  HAL_LCD_PortInit                   
00003d41  HAL_LCD_SpiInit                    
00003d75  HAL_LCD_writeCommand               
00003dad  HAL_LCD_writeData                  
00008251  HOSTclose                          
00007c0d  HOSTlseek                          
00007e71  HOSTopen                           
00007f2d  HOSTread                           
00007ba1  HOSTrename                         
00008295  HOSTunlink                         
00007f85  HOSTwrite                          
00008715  HardFault_Handler                  
0000701d  MKII_S2                            
00008715  MemManage_Handler                  
20008845  NEW_FRAME                          
00008715  NMI_Handler                        
00008715  PCM_IRQHandler                     
00008715  PORT1_IRQHandler                   
00008715  PORT2_IRQHandler                   
00008715  PORT3_IRQHandler                   
00008715  PORT4_IRQHandler                   
00008715  PORT5_IRQHandler                   
00008715  PORT6_IRQHandler                   
20008834  PS2_X_VAL                          
20008838  PS2_Y_VAL                          
00008715  PSS_IRQHandler                     
00008715  PendSV_Handler                     
00008715  RTC_C_IRQHandler                   
00008709  Reset_Handler                      
200087fa  Rx_Char_Count                      
20008374  Rx_String                          
20008844  S2_P                               
00008715  SVC_Handler                        
200087f0  Sem_LCD                            
00008715  SysTick_Handler                    
20008840  SystemCoreClock                    
0000595d  SystemCoreClockUpdate              
00005bd5  SystemInit                         
00007083  T32_INT1_IRQHandler                
00007083  T32_INT1_IRQHandler                
000070b5  T32_INT2_IRQHandler                
000070b5  T32_INT2_IRQHandler                
00008715  T32_INTC_IRQHandler                
00008715  TA0_0_IRQHandler                   
00008715  TA0_N_IRQHandler                   
00008715  TA1_0_IRQHandler                   
00008715  TA1_N_IRQHandler                   
00008715  TA2_0_IRQHandler                   
00008715  TA2_N_IRQHandler                   
00008715  TA3_0_IRQHandler                   
00008715  TA3_N_IRQHandler                   
200087e4  TaskH_joystick                     
200087e8  TaskH_newFrame                     
200087ec  TaskH_s2                           
00005741  Task_joystick                      
000056a1  Task_newFrame                      
0000565b  Task_s2                            
20008378  Tx_Buffer                          
00008715  UsageFault_Handler                 
4000480c  WDTCTL_SYM                         
00008715  WDT_A_IRQHandler                   
20008000  __CIOBUF_                          
20010000  __STACK_END                        
00000200  __STACK_SIZE                       
00000400  __SYSMEM_SIZE                      
0000b950  __TI_CINIT_Base                    
0000b960  __TI_CINIT_Limit                   
0000b938  __TI_Handler_Table_Base            
0000b944  __TI_Handler_Table_Limit           
000082d9  __TI_auto_init_nobinit_nopinit     
00008451  __TI_cleanup                       
2000880c  __TI_cleanup_ptr                   
000079e1  __TI_closefile                     
00007c75  __TI_decompress_lzss               
000086fb  __TI_decompress_none               
00008129  __TI_doflush                       
20008810  __TI_dtors_ptr                     
20008814  __TI_enable_exit_profile_output    
200087fc  __TI_ft_end                        
00008033  __TI_ltoa                          
ffffffff  __TI_pprof_out_hndl                
000032a9  __TI_printfi                       
ffffffff  __TI_prof_data_size                
ffffffff  __TI_prof_data_start               
00008485  __TI_readmsg                       
00000000  __TI_static_base__                 
200081e8  __TI_tmpnams                       
000083e1  __TI_writemsg                      
00007e0d  __TI_wrt_ok                        
00008717  __TI_zero_init                     
00007859  __aeabi_cdcmpeq                    
00007859  __aeabi_cdcmple                    
000078df  __aeabi_cdrcmple                   
00007b33  __aeabi_d2f                        
00008209  __aeabi_d2iz                       
0000647f  __aeabi_dadd                       
00006915  __aeabi_ddiv                       
000071f9  __aeabi_dmul                       
00006475  __aeabi_dsub                       
00008725  __aeabi_errno_addr                 
0000854d  __aeabi_i2d                        
000062b3  __aeabi_idiv0                      
000062b3  __aeabi_ldiv0                      
00007965  __aeabi_memclr                     
00007965  __aeabi_memclr4                    
00007965  __aeabi_memclr8                    
00007727  __aeabi_memcpy                     
00007727  __aeabi_memcpy4                    
00007727  __aeabi_memcpy8                    
00007967  __aeabi_memset                     
00007967  __aeabi_memset4                    
00007967  __aeabi_memset8                    
20008808  __aeabi_stderr                     
20008800  __aeabi_stdin                      
20008804  __aeabi_stdout                     
00008361  __aeabi_uidiv                      
00008361  __aeabi_uidivmod                   
000077c3  __aeabi_uldivmod                   
ffffffff  __binit__                          
ffffffff  __c_args__                         
UNDEFED   __mpu_init                         
2000fe00  __stack                            
20000000  __start___llvm_prf_cnts            
20000000  __stop___llvm_prf_cnts             
000084b9  _c_int00_noargs                    
0000add2  _ctypes_                           
20008680  _device                            
20008490  _ftable                            
20008824  _lock                              
00003cf7  _nop                               
200086f8  _stream                            
20008848  _sys_memory                        
UNDEFED   _system_post_cinit                 
0000873d  _system_pre_init                   
20008828  _unlock                            
00008741  abort                              
00006a79  adc14_init                         
00003f63  add_image                          
000070f9  aligned_alloc                      
00008175  atoi                               
20008314  background                         
ffffffff  binit                              
00006137  circular_buffer_add                
00006123  circular_buffer_delete             
000061b3  circular_buffer_empty              
000061cf  circular_buffer_full               
000060f1  circular_buffer_init               
00006171  circular_buffer_remove             
000061fd  circular_buffer_test_0             
00007ed1  close                              
00008679  copysign                           
00008679  copysignl                          
20008324  crosshair                          
20008334  crosshair2                         
20008344  crosshair3                         
00004315  draw                               
00005575  draw_crosshair                     
00005565  draw_dark_background               
00005545  draw_light_background              
00005555  draw_medium_background             
00004189  draw_pixel                         
000013ed  eTaskConfirmSleepModeStatus        
00000541  eTaskGetState                      
00003f8f  erase_image                        
2000883c  errno                              
000081c1  exit                               
00003fe9  fill_image                         
000084ed  finddevice                         
000066fd  fputc                              
00006dcd  fputs                              
000072f5  free                               
00007d45  frexp                              
00007d45  frexpl                             
00007da9  fseek                              
0000831d  getdevice                          
00006343  i2c_init                           
000063df  i2c_read_16                        
00006383  i2c_write_16                       
0000851d  init                               
00000000  interruptVectors                   
00006ee1  ldexp                              
00006ee1  ldexpl                             
000085d1  lseek                              
00005845  main                               
0000872d  malloc                             
000070f9  memalign                           
0000865d  memccpy                            
00008621  memchr                             
00007727  memcpy                             
0000796d  memset                             
000080d9  opt3001_init                       
000080e9  opt3001_read_lux                   
2000836c  parmbuf                            
00000bdd  pcTaskGetName                      
0000476f  pcTimerGetName                     
00007cdd  printf                             
00004cb9  pvPortMalloc                       
00001491  pvTaskGetThreadLocalStoragePointer 
00001a45  pvTaskIncrementMutexHeldCount      
00004c29  pvTimerGetTimerID                  
20008748  pxCurrentTCB                       
0000510d  pxPortInitialiseStack              
000073d9  realloc                            
0000857d  remove                             
00006ee1  scalbn                             
00006ee1  scalbnl                            
000066eb  serial_debug_init                  
000066c1  serial_debug_put_string            
000074bd  setvbuf                            
000086ab  strchr                             
00008693  strcmp                             
000086c1  strcpy                             
000086d5  strlen                             
00008419  strncpy                            
00007031  t32_init                           
00002fbf  ucQueueGetQueueType                
0000b6f4  ulMaxSyscallInterruptPriority      
000075a9  ulPortGetIPSR                      
00001a65  ulTaskGenericNotifyTake            
00002093  ulTaskGenericNotifyValueClear      
0000857d  unlink                             
00006c5f  uxListRemove                       
00002f9f  uxQueueGetQueueNumber              
00002eed  uxQueueMessagesWaiting             
00002f51  uxQueueMessagesWaitingFromISR      
00002f1d  uxQueueSpacesAvailable             
00000bd7  uxTaskGetNumberOfTasks             
00000c29  uxTaskGetSystemState               
00001351  uxTaskGetTaskNumber                
00000619  uxTaskPriorityGet                  
00000641  uxTaskPriorityGetFromISR           
00001a23  uxTaskResetEventItemValue          
00004709  uxTimerGetReloadMode               
00004c85  uxTimerGetTimerNumber              
0000b704  uxTopUsedPriority                  
000058cf  vApplicationMallocFailedHook       
000058d1  vApplicationStackOverflowHook      
00006b7d  vListInitialise                    
00006bad  vListInitialiseItem                
00006bf9  vListInsert                        
00006bbd  vListInsertEnd                     
00007665  vPortEnableVFP                     
00005251  vPortEndScheduler                  
00005275  vPortEnterCritical                 
000052b7  vPortExitCritical                  
00004e4b  vPortFree                          
0000504d  vPortGetHeapStats                  
00004ef1  vPortInitialiseBlocks              
00007621  vPortSVCHandler                    
00005469  vPortSetupTimerInterrupt           
00007641  vPortStartFirstTask                
00005311  vPortSuppressTicksAndSleep         
000054b1  vPortValidateInterruptPriority     
00002f7b  vQueueDelete                       
00002fad  vQueueSetQueueNumber               
0000324d  vQueueWaitForMessageRestricted     
000004d9  vTaskDelay                         
00000323  vTaskDelete                        
00000a2f  vTaskEndScheduler                  
00001f25  vTaskGenericNotifyGiveFromISR      
00001565  vTaskGetInfo                       
0000127d  vTaskInternalSetTimeOutState       
00001349  vTaskMissedYield                   
00001043  vTaskPlaceOnEventList              
000010e5  vTaskPlaceOnEventListRestricted    
00001079  vTaskPlaceOnUnorderedEventList     
00001929  vTaskPriorityDisinheritAfterTimeout
00000685  vTaskPrioritySet                   
000011b5  vTaskRemoveFromUnorderedEventList  
0000091d  vTaskResume                        
00000ea3  vTaskSetApplicationTaskTag         
00001371  vTaskSetTaskNumber                 
00001449  vTaskSetThreadLocalStoragePointer  
0000124b  vTaskSetTimeOutState               
000009b5  vTaskStartScheduler                
00000d05  vTaskStepTick                      
000007b9  vTaskSuspend                       
00000a4b  vTaskSuspendAll                    
00000f79  vTaskSwitchContext                 
000046bf  vTimerSetReloadMode                
00004c57  vTimerSetTimerID                   
00004c93  vTimerSetTimerNumber               
000086e9  wcslen                             
000085f9  write                              
00004ee5  xPortGetFreeHeapSize               
00004eeb  xPortGetMinimumEverFreeHeapSize    
000075c1  xPortPendSVHandler                 
00005199  xPortStartScheduler                
000052e3  xPortSysTickHandler                
00002437  xQueueCreateCountingSemaphore      
00002363  xQueueCreateMutex                  
0000224d  xQueueGenericCreate                
00002199  xQueueGenericReset                 
00002495  xQueueGenericSend                  
00002649  xQueueGenericSendFromISR           
00002775  xQueueGiveFromISR                  
0000238f  xQueueGiveMutexRecursive           
000031b9  xQueueIsQueueEmptyFromISR          
00003213  xQueueIsQueueFullFromISR           
00002bcd  xQueuePeek                         
00002e41  xQueuePeekFromISR                  
00002883  xQueueReceive                      
00002d4b  xQueueReceiveFromISR               
000029fb  xQueueSemaphoreTake                
000023df  xQueueTakeMutexRecursive           
00000f39  xTaskCallApplicationTaskHook       
00000d3f  xTaskCatchUpTicks                  
00001297  xTaskCheckForTimeOut               
000000e5  xTaskCreate                        
000003f7  xTaskDelayUntil                    
00001c01  xTaskGenericNotify                 
00001d77  xTaskGenericNotifyFromISR          
0000202f  xTaskGenericNotifyStateClear       
00001b1d  xTaskGenericNotifyWait             
00000ec9  xTaskGetApplicationTaskTag         
00000ef1  xTaskGetApplicationTaskTagFromISR  
0000173b  xTaskGetCurrentTaskHandle          
0000174b  xTaskGetSchedulerState             
00000bb3  xTaskGetTickCount                  
00000bc3  xTaskGetTickCountFromISR           
00000d91  xTaskIncrementTick                 
0000185d  xTaskPriorityDisinherit            
00001795  xTaskPriorityInherit               
00001125  xTaskRemoveFromEventList           
00000ab1  xTaskResumeAll                     
00004555  xTimerCreate                       
00004515  xTimerCreateTimerTask              
000045f7  xTimerGenericCommand               
00004745  xTimerGetExpiryTime                
00004699  xTimerGetPeriod                    
00004677  xTimerGetTimerDaemonTaskHandle     
00004bed  xTimerIsTimerActive                


GLOBAL SYMBOLS: SORTED BY Symbol Address 

address   name                               
-------   ----                               
00000000  __TI_static_base__                 
00000000  interruptVectors                   
000000e5  xTaskCreate                        
00000200  __STACK_SIZE                       
00000323  vTaskDelete                        
000003f7  xTaskDelayUntil                    
00000400  __SYSMEM_SIZE                      
000004d9  vTaskDelay                         
00000541  eTaskGetState                      
00000619  uxTaskPriorityGet                  
00000641  uxTaskPriorityGetFromISR           
00000685  vTaskPrioritySet                   
000007b9  vTaskSuspend                       
0000091d  vTaskResume                        
000009b5  vTaskStartScheduler                
00000a2f  vTaskEndScheduler                  
00000a4b  vTaskSuspendAll                    
00000ab1  xTaskResumeAll                     
00000bb3  xTaskGetTickCount                  
00000bc3  xTaskGetTickCountFromISR           
00000bd7  uxTaskGetNumberOfTasks             
00000bdd  pcTaskGetName                      
00000c29  uxTaskGetSystemState               
00000d05  vTaskStepTick                      
00000d3f  xTaskCatchUpTicks                  
00000d91  xTaskIncrementTick                 
00000ea3  vTaskSetApplicationTaskTag         
00000ec9  xTaskGetApplicationTaskTag         
00000ef1  xTaskGetApplicationTaskTagFromISR  
00000f39  xTaskCallApplicationTaskHook       
00000f79  vTaskSwitchContext                 
00001043  vTaskPlaceOnEventList              
00001079  vTaskPlaceOnUnorderedEventList     
000010e5  vTaskPlaceOnEventListRestricted    
00001125  xTaskRemoveFromEventList           
000011b5  vTaskRemoveFromUnorderedEventList  
0000124b  vTaskSetTimeOutState               
0000127d  vTaskInternalSetTimeOutState       
00001297  xTaskCheckForTimeOut               
00001349  vTaskMissedYield                   
00001351  uxTaskGetTaskNumber                
00001371  vTaskSetTaskNumber                 
000013ed  eTaskConfirmSleepModeStatus        
00001449  vTaskSetThreadLocalStoragePointer  
00001491  pvTaskGetThreadLocalStoragePointer 
00001565  vTaskGetInfo                       
0000173b  xTaskGetCurrentTaskHandle          
0000174b  xTaskGetSchedulerState             
00001795  xTaskPriorityInherit               
0000185d  xTaskPriorityDisinherit            
00001929  vTaskPriorityDisinheritAfterTimeout
00001a23  uxTaskResetEventItemValue          
00001a45  pvTaskIncrementMutexHeldCount      
00001a65  ulTaskGenericNotifyTake            
00001b1d  xTaskGenericNotifyWait             
00001c01  xTaskGenericNotify                 
00001d77  xTaskGenericNotifyFromISR          
00001f25  vTaskGenericNotifyGiveFromISR      
0000202f  xTaskGenericNotifyStateClear       
00002093  ulTaskGenericNotifyValueClear      
00002199  xQueueGenericReset                 
0000224d  xQueueGenericCreate                
00002363  xQueueCreateMutex                  
0000238f  xQueueGiveMutexRecursive           
000023df  xQueueTakeMutexRecursive           
00002437  xQueueCreateCountingSemaphore      
00002495  xQueueGenericSend                  
00002649  xQueueGenericSendFromISR           
00002775  xQueueGiveFromISR                  
00002883  xQueueReceive                      
000029fb  xQueueSemaphoreTake                
00002bcd  xQueuePeek                         
00002d4b  xQueueReceiveFromISR               
00002e41  xQueuePeekFromISR                  
00002eed  uxQueueMessagesWaiting             
00002f1d  uxQueueSpacesAvailable             
00002f51  uxQueueMessagesWaitingFromISR      
00002f7b  vQueueDelete                       
00002f9f  uxQueueGetQueueNumber              
00002fad  vQueueSetQueueNumber               
00002fbf  ucQueueGetQueueType                
000031b9  xQueueIsQueueEmptyFromISR          
00003213  xQueueIsQueueFullFromISR           
0000324d  vQueueWaitForMessageRestricted     
000032a9  __TI_printfi                       
00003cf7  _nop                               
00003cf9  HAL_LCD_PortInit                   
00003d41  HAL_LCD_SpiInit                    
00003d75  HAL_LCD_writeCommand               
00003dad  HAL_LCD_writeData                  
00003dd1  Crystalfontz128x128_SetDrawFrame   
00003e41  Crystalfontz128x128_Init           
00003f63  add_image                          
00003f8f  erase_image                        
00003fe9  fill_image                         
00004189  draw_pixel                         
00004315  draw                               
00004515  xTimerCreateTimerTask              
00004555  xTimerCreate                       
000045f7  xTimerGenericCommand               
00004677  xTimerGetTimerDaemonTaskHandle     
00004699  xTimerGetPeriod                    
000046bf  vTimerSetReloadMode                
00004709  uxTimerGetReloadMode               
00004745  xTimerGetExpiryTime                
0000476f  pcTimerGetName                     
00004bed  xTimerIsTimerActive                
00004c29  pvTimerGetTimerID                  
00004c57  vTimerSetTimerID                   
00004c85  uxTimerGetTimerNumber              
00004c93  vTimerSetTimerNumber               
00004cb9  pvPortMalloc                       
00004e4b  vPortFree                          
00004ee5  xPortGetFreeHeapSize               
00004eeb  xPortGetMinimumEverFreeHeapSize    
00004ef1  vPortInitialiseBlocks              
0000504d  vPortGetHeapStats                  
0000510d  pxPortInitialiseStack              
00005199  xPortStartScheduler                
00005251  vPortEndScheduler                  
00005275  vPortEnterCritical                 
000052b7  vPortExitCritical                  
000052e3  xPortSysTickHandler                
00005311  vPortSuppressTicksAndSleep         
00005469  vPortSetupTimerInterrupt           
000054b1  vPortValidateInterruptPriority     
00005545  draw_light_background              
00005555  draw_medium_background             
00005565  draw_dark_background               
00005575  draw_crosshair                     
0000565b  Task_s2                            
000056a1  Task_newFrame                      
00005741  Task_joystick                      
00005845  main                               
000058cf  vApplicationMallocFailedHook       
000058d1  vApplicationStackOverflowHook      
0000595d  SystemCoreClockUpdate              
00005bd5  SystemInit                         
000060f1  circular_buffer_init               
00006123  circular_buffer_delete             
00006137  circular_buffer_add                
00006171  circular_buffer_remove             
000061b3  circular_buffer_empty              
000061cf  circular_buffer_full               
000061fd  circular_buffer_test_0             
000062b3  __aeabi_idiv0                      
000062b3  __aeabi_ldiv0                      
00006343  i2c_init                           
00006383  i2c_write_16                       
000063df  i2c_read_16                        
00006475  __aeabi_dsub                       
0000647f  __aeabi_dadd                       
000066c1  serial_debug_put_string            
000066eb  serial_debug_init                  
000066fd  fputc                              
0000672d  EUSCIA0_IRQHandler                 
0000672d  EUSCIA0_IRQHandler                 
00006915  __aeabi_ddiv                       
00006a79  adc14_init                         
00006ad5  ADC14_IRQHandler                   
00006ad5  ADC14_IRQHandler                   
00006b7d  vListInitialise                    
00006bad  vListInitialiseItem                
00006bbd  vListInsertEnd                     
00006bf9  vListInsert                        
00006c5f  uxListRemove                       
00006dcd  fputs                              
00006ee1  ldexp                              
00006ee1  ldexpl                             
00006ee1  scalbn                             
00006ee1  scalbnl                            
0000701d  MKII_S2                            
00007031  t32_init                           
00007083  T32_INT1_IRQHandler                
00007083  T32_INT1_IRQHandler                
000070b5  T32_INT2_IRQHandler                
000070b5  T32_INT2_IRQHandler                
000070f9  aligned_alloc                      
000070f9  memalign                           
000071f9  __aeabi_dmul                       
000072f5  free                               
000073d9  realloc                            
000074bd  setvbuf                            
000075a9  ulPortGetIPSR                      
000075c1  xPortPendSVHandler                 
00007621  vPortSVCHandler                    
00007641  vPortStartFirstTask                
00007665  vPortEnableVFP                     
00007727  __aeabi_memcpy                     
00007727  __aeabi_memcpy4                    
00007727  __aeabi_memcpy8                    
00007727  memcpy                             
000077c3  __aeabi_uldivmod                   
00007859  __aeabi_cdcmpeq                    
00007859  __aeabi_cdcmple                    
000078df  __aeabi_cdrcmple                   
00007965  __aeabi_memclr                     
00007965  __aeabi_memclr4                    
00007965  __aeabi_memclr8                    
00007967  __aeabi_memset                     
00007967  __aeabi_memset4                    
00007967  __aeabi_memset8                    
0000796d  memset                             
000079e1  __TI_closefile                     
00007b33  __aeabi_d2f                        
00007ba1  HOSTrename                         
00007c0d  HOSTlseek                          
00007c75  __TI_decompress_lzss               
00007cdd  printf                             
00007d45  frexp                              
00007d45  frexpl                             
00007da9  fseek                              
00007e0d  __TI_wrt_ok                        
00007e71  HOSTopen                           
00007ed1  close                              
00007f2d  HOSTread                           
00007f85  HOSTwrite                          
00008033  __TI_ltoa                          
000080d9  opt3001_init                       
000080e9  opt3001_read_lux                   
00008129  __TI_doflush                       
00008175  atoi                               
000081c1  exit                               
00008209  __aeabi_d2iz                       
00008251  HOSTclose                          
00008295  HOSTunlink                         
000082d9  __TI_auto_init_nobinit_nopinit     
0000831d  getdevice                          
00008361  __aeabi_uidiv                      
00008361  __aeabi_uidivmod                   
000083e1  __TI_writemsg                      
0000840f  C$$IO$$                            
00008419  strncpy                            
00008451  __TI_cleanup                       
00008485  __TI_readmsg                       
000084b9  _c_int00_noargs                    
000084ed  finddevice                         
0000851d  init                               
0000854d  __aeabi_i2d                        
0000857d  remove                             
0000857d  unlink                             
000085d1  lseek                              
000085f9  write                              
00008621  memchr                             
0000865d  memccpy                            
00008679  copysign                           
00008679  copysignl                          
00008693  strcmp                             
000086ab  strchr                             
000086c1  strcpy                             
000086d5  strlen                             
000086e9  wcslen                             
000086fb  __TI_decompress_none               
00008709  Reset_Handler                      
00008715  AES256_IRQHandler                  
00008715  BusFault_Handler                   
00008715  COMP_E0_IRQHandler                 
00008715  COMP_E1_IRQHandler                 
00008715  CS_IRQHandler                      
00008715  DMA_ERR_IRQHandler                 
00008715  DMA_INT0_IRQHandler                
00008715  DMA_INT1_IRQHandler                
00008715  DMA_INT2_IRQHandler                
00008715  DMA_INT3_IRQHandler                
00008715  DebugMon_Handler                   
00008715  Default_Handler                    
00008715  EUSCIA1_IRQHandler                 
00008715  EUSCIA2_IRQHandler                 
00008715  EUSCIA3_IRQHandler                 
00008715  EUSCIB0_IRQHandler                 
00008715  EUSCIB1_IRQHandler                 
00008715  EUSCIB2_IRQHandler                 
00008715  EUSCIB3_IRQHandler                 
00008715  FLCTL_IRQHandler                   
00008715  FPU_IRQHandler                     
00008715  HardFault_Handler                  
00008715  MemManage_Handler                  
00008715  NMI_Handler                        
00008715  PCM_IRQHandler                     
00008715  PORT1_IRQHandler                   
00008715  PORT2_IRQHandler                   
00008715  PORT3_IRQHandler                   
00008715  PORT4_IRQHandler                   
00008715  PORT5_IRQHandler                   
00008715  PORT6_IRQHandler                   
00008715  PSS_IRQHandler                     
00008715  PendSV_Handler                     
00008715  RTC_C_IRQHandler                   
00008715  SVC_Handler                        
00008715  SysTick_Handler                    
00008715  T32_INTC_IRQHandler                
00008715  TA0_0_IRQHandler                   
00008715  TA0_N_IRQHandler                   
00008715  TA1_0_IRQHandler                   
00008715  TA1_N_IRQHandler                   
00008715  TA2_0_IRQHandler                   
00008715  TA2_N_IRQHandler                   
00008715  TA3_0_IRQHandler                   
00008715  TA3_N_IRQHandler                   
00008715  UsageFault_Handler                 
00008715  WDT_A_IRQHandler                   
00008717  __TI_zero_init                     
00008725  __aeabi_errno_addr                 
0000872d  malloc                             
0000873d  _system_pre_init                   
00008741  C$$EXIT                            
00008741  abort                              
0000add2  _ctypes_                           
0000b6f4  ulMaxSyscallInterruptPriority      
0000b704  uxTopUsedPriority                  
0000b938  __TI_Handler_Table_Base            
0000b944  __TI_Handler_Table_Limit           
0000b950  __TI_CINIT_Base                    
0000b960  __TI_CINIT_Limit                   
20000000  __start___llvm_prf_cnts            
20000000  __stop___llvm_prf_cnts             
20008000  __CIOBUF_                          
200081e8  __TI_tmpnams                       
20008314  background                         
20008324  crosshair                          
20008334  crosshair2                         
20008344  crosshair3                         
2000836c  parmbuf                            
20008374  Rx_String                          
20008378  Tx_Buffer                          
2000837d  ALERT_STRING                       
20008490  _ftable                            
20008680  _device                            
200086f8  _stream                            
20008748  pxCurrentTCB                       
200087e4  TaskH_joystick                     
200087e8  TaskH_newFrame                     
200087ec  TaskH_s2                           
200087f0  Sem_LCD                            
200087fa  Rx_Char_Count                      
200087fc  __TI_ft_end                        
20008800  __aeabi_stdin                      
20008804  __aeabi_stdout                     
20008808  __aeabi_stderr                     
2000880c  __TI_cleanup_ptr                   
20008810  __TI_dtors_ptr                     
20008814  __TI_enable_exit_profile_output    
20008824  _lock                              
20008828  _unlock                            
20008834  PS2_X_VAL                          
20008838  PS2_Y_VAL                          
2000883c  errno                              
20008840  SystemCoreClock                    
20008844  S2_P                               
20008845  NEW_FRAME                          
20008848  _sys_memory                        
2000fe00  __stack                            
20010000  __STACK_END                        
4000480c  WDTCTL_SYM                         
ffffffff  __TI_pprof_out_hndl                
ffffffff  __TI_prof_data_size                
ffffffff  __TI_prof_data_start               
ffffffff  __binit__                          
ffffffff  __c_args__                         
ffffffff  binit                              
UNDEFED   __mpu_init                         
UNDEFED   _system_post_cinit                 

[362 symbols]
